01-26 18:56:00.132  1492  1492 D CompatibilityChangeReporter: Compat change id reported: 135549675; UID 10086; state: ENABLED
01-26 18:56:00.135  1492  1492 D CompatibilityChangeReporter: Compat change id reported: 135549675; UID 1073; state: ENABLED
01-26 18:56:00.136  1492  1492 D CompatibilityChangeReporter: Compat change id reported: 135549675; UID 10087; state: ENABLED
01-26 18:56:00.138  1492  1492 D CompatibilityChangeReporter: Compat change id reported: 135549675; UID 10095; state: ENABLED
01-26 18:56:00.140  1492  1492 D CompatibilityChangeReporter: Compat change id reported: 135549675; UID 10090; state: DISABLED
01-26 18:56:00.143  1492  1492 D CompatibilityChangeReporter: Compat change id reported: 135549675; UID 10092; state: ENABLED
01-26 18:56:00.146  1492  1492 D CompatibilityChangeReporter: Compat change id reported: 135549675; UID 10089; state: DISABLED
01-26 18:56:00.152  1492  1492 D CompatibilityChangeReporter: Compat change id reported: 135549675; UID 1001; state: ENABLED
01-26 18:56:00.153  1492  1492 D CompatibilityChangeReporter: Compat change id reported: 135549675; UID 10091; state: ENABLED
01-26 18:56:00.154  1492  1492 D CompatibilityChangeReporter: Compat change id reported: 135549675; UID 10093; state: ENABLED
01-26 18:56:00.155  1492  1492 D CompatibilityChangeReporter: Compat change id reported: 135549675; UID 1000; state: DISABLED
01-26 18:56:00.158  1492  1492 D CompatibilityChangeReporter: Compat change id reported: 135549675; UID 10094; state: ENABLED
01-26 18:56:00.159  1492  1492 D CompatibilityChangeReporter: Compat change id reported: 135549675; UID 10096; state: ENABLED
01-26 18:56:00.160  1492  1492 D CompatibilityChangeReporter: Compat change id reported: 135549675; UID 10098; state: DISABLED
01-26 18:56:00.161  1492  1492 D CompatibilityChangeReporter: Compat change id reported: 135549675; UID 10099; state: ENABLED
01-26 18:56:00.163  1492  1492 D CompatibilityChangeReporter: Compat change id reported: 135549675; UID 10097; state: DISABLED
01-26 18:56:00.167     0     0 W [6:health@2.0-serv: 1128] healthd: battery l=99 v=4137 t=24.6 h=2 st=2 c=0 fc=3000000 o=4 ca=-336 ct=1 ps=0 hv=0 sec=0 sec=0 chg=u
01-26 18:56:00.168  1492  1492 D CompatibilityChangeReporter: Compat change id reported: 135549675; UID 10100; state: ENABLED
01-26 18:56:00.173  1492  1492 D CompatibilityChangeReporter: Compat change id reported: 135549675; UID 1001; state: DISABLED
01-26 18:56:00.177  1492  1492 D CompatibilityChangeReporter: Compat change id reported: 135549675; UID 10101; state: ENABLED
01-26 18:56:00.181  1492  1492 D CompatibilityChangeReporter: Compat change id reported: 135549675; UID 10102; state: ENABLED
01-26 18:56:00.182  1492  1492 D CompatibilityChangeReporter: Compat change id reported: 135549675; UID 2000; state: ENABLED
01-26 18:56:00.184  1492  1492 D CompatibilityChangeReporter: Compat change id reported: 135549675; UID 10105; state: ENABLED
01-26 18:56:00.187  1492  1492 D CompatibilityChangeReporter: Compat change id reported: 135549675; UID 10103; state: ENABLED
01-26 18:56:00.187  1492  1492 D CompatibilityChangeReporter: Compat change id reported: 135549675; UID 10104; state: ENABLED
01-26 18:56:00.192  1492  1492 D CompatibilityChangeReporter: Compat change id reported: 135549675; UID 10110; state: ENABLED
01-26 18:56:00.193  1492  1492 D CompatibilityChangeReporter: Compat change id reported: 135549675; UID 10106; state: ENABLED
01-26 18:56:00.194  1492  1492 D CompatibilityChangeReporter: Compat change id reported: 135549675; UID 1068; state: ENABLED
01-26 18:56:00.196  1492  1492 D CompatibilityChangeReporter: Compat change id reported: 135549675; UID 10107; state: ENABLED
01-26 18:56:00.197  1492  1492 D CompatibilityChangeReporter: Compat change id reported: 135549675; UID 10108; state: ENABLED
01-26 18:56:00.199  1492  1492 D CompatibilityChangeReporter: Compat change id reported: 135549675; UID 10111; state: ENABLED
01-26 18:56:00.200  1492  1492 D CompatibilityChangeReporter: Compat change id reported: 135549675; UID 10113; state: ENABLED
01-26 18:56:00.201  1492  1492 D CompatibilityChangeReporter: Compat change id reported: 135549675; UID 10109; state: ENABLED
01-26 18:56:00.203  1492  1492 D CompatibilityChangeReporter: Compat change id reported: 135549675; UID 10112; state: ENABLED
01-26 18:56:00.203  1492  1492 D CompatibilityChangeReporter: Compat change id reported: 135549675; UID 10115; state: ENABLED
01-26 18:56:00.205  1492  1492 D CompatibilityChangeReporter: Compat change id reported: 135549675; UID 10116; state: ENABLED
01-26 18:56:00.207  1492  1492 D CompatibilityChangeReporter: Compat change id reported: 135549675; UID 10114; state: ENABLED
01-26 18:56:00.208  1492  1492 D CompatibilityChangeReporter: Compat change id reported: 135549675; UID 1002; state: ENABLED
01-26 18:56:00.209  1492  1492 D CompatibilityChangeReporter: Compat change id reported: 135549675; UID 10122; state: DISABLED
01-26 18:56:00.210  1492  1492 D CompatibilityChangeReporter: Compat change id reported: 135549675; UID 10117; state: DISABLED
01-26 18:56:00.211  1492  1492 D CompatibilityChangeReporter: Compat change id reported: 135549675; UID 10119; state: ENABLED
01-26 18:56:00.212  1492  1492 D CompatibilityChangeReporter: Compat change id reported: 135549675; UID 10118; state: DISABLED
01-26 18:56:00.214  1492  1492 D CompatibilityChangeReporter: Compat change id reported: 135549675; UID 10121; state: ENABLED
01-26 18:56:00.215  1492  1492 D CompatibilityChangeReporter: Compat change id reported: 135549675; UID 10123; state: ENABLED
01-26 18:56:00.216  1492  1492 D CompatibilityChangeReporter: Compat change id reported: 135549675; UID 1027; state: ENABLED
01-26 18:56:00.219  1321  1321 I ServiceManager: Waiting for service 'package_native' on '/dev/binder'...
01-26 18:56:00.219  1492  1492 D CompatibilityChangeReporter: Compat change id reported: 135549675; UID 10120; state: ENABLED
01-26 18:56:00.219  1492  1492 D PackageManager: No files in app dir /vendor/priv-app
01-26 18:56:00.221  1492  1492 D CompatibilityChangeReporter: Compat change id reported: 135549675; UID 10124; state: DISABLED
01-26 18:56:00.222  1492  1492 W PackageManager: Failed to parse /vendor/app/mcRegistry: Missing base APK in /vendor/app/mcRegistry
01-26 18:56:00.222  1492  1492 W PackageManager: Failed to parse /vendor/app/QDMA: Missing base APK in /vendor/app/QDMA/lib/arm64
01-26 18:56:00.222  1492  1492 W PackageManager: Failed to parse /vendor/app/QDMA-UI: Missing base APK in /vendor/app/QDMA-UI/lib/arm64
01-26 18:56:00.222  1492  1492 D PackageManager: No files in app dir /odm/priv-app
01-26 18:56:00.222  1492  1492 D PackageManager: No files in app dir /odm/app
01-26 18:56:00.222  1492  1492 D PackageManager: No files in app dir /oem/app
01-26 18:56:00.227  1492  1492 D CompatibilityChangeReporter: Compat change id reported: 135549675; UID 10126; state: ENABLED
01-26 18:56:00.229  1492  1492 D CompatibilityChangeReporter: Compat change id reported: 135549675; UID 10125; state: ENABLED
01-26 18:56:00.229     0     0 E         : [3:            QDR: 1529] ipa ipa3_assign_policy:2909 get close-by 8192
01-26 18:56:00.229     0     0 E         : [3:            QDR: 1529] ipa ipa3_assign_policy:2915 set rx_buff_sz 7680
01-26 18:56:00.229     0     0 E         : [3:            QDR: 1529] ipa ipa3_assign_policy:2937 set aggr_limit 6
01-26 18:56:00.230  1026  1026 I ServiceManager: Waiting for service 'statscompanion' on '/dev/binder'...
01-26 18:56:00.232  1308  1331 I ServiceManager: Waiting for service 'package_native' on '/dev/binder'...
01-26 18:56:00.232  1492  1492 D CompatibilityChangeReporter: Compat change id reported: 135549675; UID 10128; state: ENABLED
01-26 18:56:00.235     0     0 E         : [3:            QDR: 1529] ipa-wan ipa3_wwan_ioctl:1722 dev(rmnet_data0) register to IPA
01-26 18:56:00.236  1492  1492 D CompatibilityChangeReporter: Compat change id reported: 135549675; UID 10127; state: ENABLED
01-26 18:56:00.238     0     0 E         : [4:            QDR: 1529] ipa-wan ipa3_wwan_ioctl:1722 dev(rmnet_data1) register to IPA
01-26 18:56:00.239  1492  1492 D CompatibilityChangeReporter: Compat change id reported: 135549675; UID 10131; state: ENABLED
01-26 18:56:00.239     0     0 E         : [4:            QDR: 1529] ipa-wan ipa3_wwan_ioctl:1722 dev(rmnet_data2) register to IPA
01-26 18:56:00.239     0     0 E         : [4:            QDR: 1529] ipa-wan ipa3_wwan_ioctl:1722 dev(rmnet_data3) register to IPA
01-26 18:56:00.239     0     0 E         : [7:            QDR: 1529] ipa-wan ipa3_wwan_ioctl:1722 dev(rmnet_data4) register to IPA
01-26 18:56:00.240     0     0 E         : [4:            QDR: 1529] ipa-wan ipa3_wwan_ioctl:1722 dev(rmnet_data5) register to IPA
01-26 18:56:00.240  1492  1492 W PackageManager: Failed to scan /system/product/priv-app/GoogleContacts: Package com.google.android.contacts at /system/product/priv-app/GoogleContacts ignored: updated version 2746396 better than this 2722666
01-26 18:56:00.240     0     0 E         : [7:            QDR: 1529] ipa-wan ipa3_wwan_ioctl:1722 dev(rmnet_data6) register to IPA
01-26 18:56:00.240     0     0 E         : [4:            QDR: 1529] ipa-wan ipa3_wwan_ioctl:1722 dev(rmnet_data7) register to IPA
01-26 18:56:00.241     0     0 E         : [4:            QDR: 1529] ipa-wan ipa3_wwan_ioctl:1722 dev(rmnet_data8) register to IPA
01-26 18:56:00.241     0     0 E         : [4:            QDR: 1529] ipa-wan ipa3_wwan_ioctl:1722 dev(rmnet_data9) register to IPA
01-26 18:56:00.241     0     0 E         : [4:            QDR: 1529] ipa-wan ipa3_wwan_ioctl:1722 dev(rmnet_data10) register to IPA
01-26 18:56:00.242  1492  1492 W PackageManager: Failed to scan /system/product/priv-app/Turbo: Package com.google.android.apps.turbo at /system/product/priv-app/Turbo ignored: updated version 10245493 better than this 10242261
01-26 18:56:00.242  1492  1492 W PackageManager: Failed to scan /system/product/priv-app/CalendarGooglePrebuilt: Package com.google.android.calendar at /system/product/priv-app/CalendarGooglePrebuilt ignored: updated version 2017053514 better than this 2017045924
01-26 18:56:00.242     0     0 I         : [6:            QDR: 1529] CFG80211-INFO2) wl_cfg80211_netdev_notifier_call :
01-26 18:56:00.242     0     0 I         : [6:            QDR: 1529] wdev null. Do nothing
01-26 18:56:00.243     0     0 I         : [6:            QDR: 1529] CFG80211-INFO2) wl_cfg80211_netdev_notifier_call :
01-26 18:56:00.243     0     0 I         : [6:            QDR: 1529] wdev null. Do nothing
01-26 18:56:00.243     0     0 I         : [6:            QDR: 1529] CFG80211-INFO2) wl_cfg80211_netdev_notifier_call :
01-26 18:56:00.243     0     0 I         : [6:            QDR: 1529] wdev null. Do nothing
01-26 18:56:00.243     0     0 I         : [6:            QDR: 1529] CFG80211-INFO2) wl_cfg80211_netdev_notifier_call :
01-26 18:56:00.243     0     0 I         : [6:            QDR: 1529] wdev null. Do nothing
01-26 18:56:00.244     0     0 I         : [6:            QDR: 1529] CFG80211-INFO2) wl_cfg80211_netdev_notifier_call :
01-26 18:56:00.244     0     0 I         : [6:            QDR: 1529] wdev null. Do nothing
01-26 18:56:00.244  1492  1492 D CompatibilityChangeReporter: Compat change id reported: 135549675; UID 10132; state: ENABLED
01-26 18:56:00.244     0     0 I         : [6:            QDR: 1529] CFG80211-INFO2) wl_cfg80211_netdev_notifier_call :
01-26 18:56:00.244     0     0 I         : [6:            QDR: 1529] wdev null. Do nothing
01-26 18:56:00.244     0     0 I         : [6:            QDR: 1529] CFG80211-INFO2) wl_cfg80211_netdev_notifier_call :
01-26 18:56:00.244     0     0 I         : [6:            QDR: 1529] wdev null. Do nothing
01-26 18:56:00.245     0     0 I         : [6:            QDR: 1529] CFG80211-INFO2) wl_cfg80211_netdev_notifier_call :
01-26 18:56:00.245  1492  1492 W PackageManager: Failed to scan /system/product/priv-app/DevicePersonalizationPrebuiltPixel2020: Package com.google.android.as at /system/product/priv-app/DevicePersonalizationPrebuiltPixel2020 ignored: updated version 4654743 better than this 4628015
01-26 18:56:00.245     0     0 I         : [6:            QDR: 1529] wdev null. Do nothing
01-26 18:56:00.245     0     0 I         : [6:            QDR: 1529] CFG80211-INFO2) wl_cfg80211_netdev_notifier_call :
01-26 18:56:00.245     0     0 I         : [6:            QDR: 1529] wdev null. Do nothing
01-26 18:56:00.245     0     0 I         : [6:            QDR: 1529] CFG80211-INFO2) wl_cfg80211_netdev_notifier_call :
01-26 18:56:00.245     0     0 I         : [6:            QDR: 1529] wdev null. Do nothing
01-26 18:56:00.246     0     0 I         : [6:            QDR: 1529] CFG80211-INFO2) wl_cfg80211_netdev_notifier_call :
01-26 18:56:00.246     0     0 I         : [6:            QDR: 1529] wdev null. Do nothing
01-26 18:56:00.246     0     0 I         : [6:            QDR: 1529] CFG80211-INFO2) wl_cfg80211_netdev_notifier_call :
01-26 18:56:00.246     0     0 I         : [6:            QDR: 1529] wdev null. Do nothing
01-26 18:56:00.246     0     0 I         : [6:            QDR: 1529] CFG80211-INFO2) wl_cfg80211_netdev_notifier_call :
01-26 18:56:00.246     0     0 I         : [6:            QDR: 1529] wdev null. Do nothing
01-26 18:56:00.246     0     0 I         : [6:            QDR: 1529] CFG80211-INFO2) wl_cfg80211_netdev_notifier_call :
01-26 18:56:00.247     0     0 I         : [6:            QDR: 1529] wdev null. Do nothing
01-26 18:56:00.247  1492  1492 D CompatibilityChangeReporter: Compat change id reported: 135549675; UID 10135; state: ENABLED
01-26 18:56:00.247     0     0 I         : [6:            QDR: 1529] CFG80211-INFO2) wl_cfg80211_netdev_notifier_call :
01-26 18:56:00.247     0     0 I         : [6:            QDR: 1529] wdev null. Do nothing
01-26 18:56:00.247     0     0 I         : [6:            QDR: 1529] CFG80211-INFO2) wl_cfg80211_netdev_notifier_call :
01-26 18:56:00.247     0     0 I         : [6:            QDR: 1529] wdev null. Do nothing
01-26 18:56:00.248     0     0 I         : [6:            QDR: 1529] CFG80211-INFO2) wl_cfg80211_netdev_notifier_call :
01-26 18:56:00.248     0     0 I         : [6:            QDR: 1529] wdev null. Do nothing
01-26 18:56:00.248     0     0 I         : [6:            QDR: 1529] CFG80211-INFO2) wl_cfg80211_netdev_notifier_call :
01-26 18:56:00.248     0     0 I         : [6:            QDR: 1529] wdev null. Do nothing
01-26 18:56:00.248     0     0 I         : [6:            QDR: 1529] CFG80211-INFO2) wl_cfg80211_netdev_notifier_call :
01-26 18:56:00.248     0     0 I         : [6:            QDR: 1529] wdev null. Do nothing
01-26 18:56:00.248     0     0 I         : [6:            QDR: 1529] CFG80211-INFO2) wl_cfg80211_netdev_notifier_call :
01-26 18:56:00.248     0     0 I         : [6:            QDR: 1529] wdev null. Do nothing
01-26 18:56:00.249     0     0 I         : [6:            QDR: 1529] CFG80211-INFO2) wl_cfg80211_netdev_notifier_call :
01-26 18:56:00.249     0     0 I         : [6:            QDR: 1529] wdev null. Do nothing
01-26 18:56:00.249  1492  1492 D CompatibilityChangeReporter: Compat change id reported: 135549675; UID 10136; state: ENABLED
01-26 18:56:00.249     0     0 I         : [6:            QDR: 1529] CFG80211-INFO2) wl_cfg80211_netdev_notifier_call :
01-26 18:56:00.249     0     0 I         : [6:            QDR: 1529] wdev null. Do nothing
01-26 18:56:00.249     0     0 I         : [6:            QDR: 1529] CFG80211-INFO2) wl_cfg80211_netdev_notifier_call :
01-26 18:56:00.249     0     0 I         : [6:            QDR: 1529] wdev null. Do nothing
01-26 18:56:00.250     0     0 I         : [6:            QDR: 1529] CFG80211-INFO2) wl_cfg80211_netdev_notifier_call :
01-26 18:56:00.250     0     0 I         : [6:            QDR: 1529] wdev null. Do nothing
01-26 18:56:00.250     0     0 I         : [6:            QDR: 1529] CFG80211-INFO2) wl_cfg80211_netdev_notifier_call :
01-26 18:56:00.250     0     0 I         : [6:            QDR: 1529] wdev null. Do nothing
01-26 18:56:00.250     0     0 I         : [6:            QDR: 1529] CFG80211-INFO2) wl_cfg80211_netdev_notifier_call :
01-26 18:56:00.250     0     0 I         : [6:            QDR: 1529] wdev null. Do nothing
01-26 18:56:00.251     0     0 I         : [6:            QDR: 1529] CFG80211-INFO2) wl_cfg80211_netdev_notifier_call :
01-26 18:56:00.251  1492  1492 D CompatibilityChangeReporter: Compat change id reported: 135549675; UID 10137; state: ENABLED
01-26 18:56:00.251     0     0 I         : [6:            QDR: 1529] wdev null. Do nothing
01-26 18:56:00.251     0     0 I         : [6:            QDR: 1529] CFG80211-INFO2) wl_cfg80211_netdev_notifier_call :
01-26 18:56:00.251     0     0 I         : [6:            QDR: 1529] wdev null. Do nothing
01-26 18:56:00.251     0     0 I         : [6:            QDR: 1529] CFG80211-INFO2) wl_cfg80211_netdev_notifier_call :
01-26 18:56:00.251     0     0 I         : [6:            QDR: 1529] wdev null. Do nothing
01-26 18:56:00.252     0     0 I         : [6:            QDR: 1529] CFG80211-INFO2) wl_cfg80211_netdev_notifier_call :
01-26 18:56:00.252     0     0 I         : [6:            QDR: 1529] wdev null. Do nothing
01-26 18:56:00.252     0     0 I         : [6:            QDR: 1529] CFG80211-INFO2) wl_cfg80211_netdev_notifier_call :
01-26 18:56:00.252     0     0 I         : [6:            QDR: 1529] wdev null. Do nothing
01-26 18:56:00.252     0     0 I         : [6:            QDR: 1529] CFG80211-INFO2) wl_cfg80211_netdev_notifier_call :
01-26 18:56:00.252     0     0 I         : [6:            QDR: 1529] wdev null. Do nothing
01-26 18:56:00.253     0     0 I         : [6:            QDR: 1529] CFG80211-INFO2) wl_cfg80211_netdev_notifier_call :
01-26 18:56:00.253     0     0 I         : [6:            QDR: 1529] wdev null. Do nothing
01-26 18:56:00.253     0     0 I         : [6:            QDR: 1529] CFG80211-INFO2) wl_cfg80211_netdev_notifier_call :
01-26 18:56:00.253  1492  1492 D CompatibilityChangeReporter: Compat change id reported: 135549675; UID 10138; state: DISABLED
01-26 18:56:00.253     0     0 I         : [6:            QDR: 1529] wdev null. Do nothing
01-26 18:56:00.253     0     0 I         : [6:            QDR: 1529] CFG80211-INFO2) wl_cfg80211_netdev_notifier_call :
01-26 18:56:00.253     0     0 I         : [6:            QDR: 1529] wdev null. Do nothing
01-26 18:56:00.253     0     0 I         : [6:            QDR: 1529] CFG80211-INFO2) wl_cfg80211_netdev_notifier_call :
01-26 18:56:00.254     0     0 I         : [6:            QDR: 1529] wdev null. Do nothing
01-26 18:56:00.254     0     0 I         : [6:            QDR: 1529] CFG80211-INFO2) wl_cfg80211_netdev_notifier_call :
01-26 18:56:00.254     0     0 I         : [6:            QDR: 1529] wdev null. Do nothing
01-26 18:56:00.254     0     0 I         : [6:            QDR: 1529] CFG80211-INFO2) wl_cfg80211_netdev_notifier_call :
01-26 18:56:00.254     0     0 I         : [6:            QDR: 1529] wdev null. Do nothing
01-26 18:56:00.254     0     0 I         : [6:            QDR: 1529] CFG80211-INFO2) wl_cfg80211_netdev_notifier_call :
01-26 18:56:00.254     0     0 I         : [6:            QDR: 1529] wdev null. Do nothing
01-26 18:56:00.254  1492  1492 W PackageManager: Skipping provider name com.google.android.apps.pixelmigrate.provider (in package com.google.android.apps.pixelmigrate): name already used by com.google.android.apps.restore
01-26 18:56:00.254     0     0 I         : [6:            QDR: 1529] CFG80211-INFO2) wl_cfg80211_netdev_notifier_call :
01-26 18:56:00.255     0     0 I         : [6:            QDR: 1529] wdev null. Do nothing
01-26 18:56:00.255  1492  1492 D CompatibilityChangeReporter: Compat change id reported: 135549675; UID 10139; state: ENABLED
01-26 18:56:00.255     0     0 I         : [6:            QDR: 1529] CFG80211-INFO2) wl_cfg80211_netdev_notifier_call :
01-26 18:56:00.255     0     0 I         : [6:            QDR: 1529] wdev null. Do nothing
01-26 18:56:00.255     0     0 I         : [6:            QDR: 1529] CFG80211-INFO2) wl_cfg80211_netdev_notifier_call :
01-26 18:56:00.255     0     0 I         : [6:            QDR: 1529] wdev null. Do nothing
01-26 18:56:00.255     0     0 I         : [6:            QDR: 1529] CFG80211-INFO2) wl_cfg80211_netdev_notifier_call :
01-26 18:56:00.255     0     0 I         : [6:            QDR: 1529] wdev null. Do nothing
01-26 18:56:00.255  1492  1492 W PackageManager: Failed to scan /system/product/priv-app/RecorderPrebuilt: Package com.google.android.apps.recorder at /system/product/priv-app/RecorderPrebuilt ignored: updated version 30006413 better than this 12012113
01-26 18:56:00.256     0     0 I         : [6:            QDR: 1529] CFG80211-INFO2) wl_cfg80211_netdev_notifier_call :
01-26 18:56:00.256     0     0 I         : [6:            QDR: 1529] wdev null. Do nothing
01-26 18:56:00.256     0     0 I         : [6:            QDR: 1529] CFG80211-INFO2) wl_cfg80211_netdev_notifier_call :
01-26 18:56:00.256     0     0 I         : [6:            QDR: 1529] wdev null. Do nothing
01-26 18:56:00.256  1492  1492 W PackageManager: Failed to scan /system/product/priv-app/GoogleDialer: Package com.google.android.dialer at /system/product/priv-app/GoogleDialer ignored: updated version 8205273 better than this 8104013
01-26 18:56:00.256     0     0 I         : [6:            QDR: 1529] CFG80211-INFO2) wl_cfg80211_netdev_notifier_call :
01-26 18:56:00.256     0     0 I         : [6:            QDR: 1529] wdev null. Do nothing
01-26 18:56:00.257     0     0 I         : [6:            QDR: 1529] CFG80211-INFO2) wl_cfg80211_netdev_notifier_call :
01-26 18:56:00.257     0     0 I         : [6:            QDR: 1529] wdev null. Do nothing
01-26 18:56:00.257     0     0 I         : [6:            QDR: 1529] CFG80211-INFO2) wl_cfg80211_netdev_notifier_call :
01-26 18:56:00.257     0     0 I         : [6:            QDR: 1529] wdev null. Do nothing
01-26 18:56:00.257     0     0 I         : [6:            QDR: 1529] CFG80211-INFO2) wl_cfg80211_netdev_notifier_call :
01-26 18:56:00.257     0     0 I         : [6:            QDR: 1529] wdev null. Do nothing
01-26 18:56:00.258  1492  1492 D CompatibilityChangeReporter: Compat change id reported: 135549675; UID 10142; state: ENABLED
01-26 18:56:00.258     0     0 I         : [4:            QDR: 1529] CFG80211-INFO2) wl_cfg80211_netdev_notifier_call :
01-26 18:56:00.258     0     0 I         : [4:            QDR: 1529] wdev null. Do nothing
01-26 18:56:00.259     0     0 I         : [4:            QDR: 1529] CFG80211-INFO2) wl_cfg80211_netdev_notifier_call :
01-26 18:56:00.259     0     0 I         : [4:            QDR: 1529] wdev null. Do nothing
01-26 18:56:00.259     0     0 I         : [6:            QDR: 1529] CFG80211-INFO2) wl_cfg80211_netdev_notifier_call :
01-26 18:56:00.259     0     0 I         : [6:            QDR: 1529] wdev null. Do nothing
01-26 18:56:00.259  1492  1492 W PackageManager: Failed to scan /system/product/priv-app/Velvet: Package com.google.android.googlequicksearchbox at /system/product/priv-app/Velvet ignored: updated version 301183163 better than this 301177518
01-26 18:56:00.259     0     0 I         : [6:            QDR: 1529] CFG80211-INFO2) wl_cfg80211_netdev_notifier_call :
01-26 18:56:00.259     0     0 I         : [6:            QDR: 1529] wdev null. Do nothing
01-26 18:56:00.260     0     0 I         : [4:            QDR: 1529] CFG80211-INFO2) wl_cfg80211_netdev_notifier_call :
01-26 18:56:00.260  1492  1492 W PackageManager: Failed to scan /system/product/priv-app/CarrierServices: Package com.google.android.ims at /system/product/priv-app/CarrierServices ignored: updated version 30600900 better than this 30576456
01-26 18:56:00.260     0     0 I         : [4:            QDR: 1529] wdev null. Do nothing
01-26 18:56:00.260     0     0 I         : [7:            QDR: 1529] CFG80211-INFO2) wl_cfg80211_netdev_notifier_call :
01-26 18:56:00.260     0     0 I         : [7:            QDR: 1529] wdev null. Do nothing
01-26 18:56:00.261  1492  1492 W PackageManager: Failed to scan /system/product/priv-app/GoogleMaps: Package com.google.android.apps.maps at /system/product/priv-app/GoogleMaps ignored: updated version 1066350973 better than this 1066300267
01-26 18:56:00.261  1492  1492 W PackageManager: Failed to scan /system/product/priv-app/Phonesky: Package com.android.vending at /system/product/priv-app/Phonesky ignored: updated version 82891210 better than this 82831610
01-26 18:56:00.268  1492  1492 W PackageManager: Failed to scan /system/product/priv-app/PrebuiltGmsCore: Package com.google.android.gms at /system/product/priv-app/PrebuiltGmsCore ignored: updated version 214815039 better than this 214815037
01-26 18:56:00.271  1492  1492 D CompatibilityChangeReporter: Compat change id reported: 135549675; UID 10147; state: DISABLED
01-26 18:56:00.273  1492  1492 D CompatibilityChangeReporter: Compat change id reported: 135549675; UID 10148; state: ENABLED
01-26 18:56:00.275  1492  1492 D CompatibilityChangeReporter: Compat change id reported: 135549675; UID 10149; state: ENABLED
01-26 18:56:00.276  1492  1492 D CompatibilityChangeReporter: Compat change id reported: 135549675; UID 10129; state: DISABLED
01-26 18:56:00.276  1492  1492 W PackageManager: Failed to scan /system/product/app/LatinIMEGooglePrebuilt: Package com.google.android.inputmethod.latin at /system/product/app/LatinIMEGooglePrebuilt ignored: updated version 71990022 better than this 69657722
01-26 18:56:00.278  1492  1492 D CompatibilityChangeReporter: Compat change id reported: 135549675; UID 10151; state: DISABLED
01-26 18:56:00.279  1492  1492 D CompatibilityChangeReporter: Compat change id reported: 135549675; UID 10152; state: ENABLED
01-26 18:56:00.281  1492  1492 D CompatibilityChangeReporter: Compat change id reported: 135549675; UID 10153; state: ENABLED
01-26 18:56:00.283  1492  1492 D CompatibilityChangeReporter: Compat change id reported: 135549675; UID 10155; state: DISABLED
01-26 18:56:00.285  1492  1492 D CompatibilityChangeReporter: Compat change id reported: 135549675; UID 10158; state: DISABLED
01-26 18:56:00.286  1492  1492 D CompatibilityChangeReporter: Compat change id reported: 135549675; UID 10156; state: ENABLED
01-26 18:56:00.287  1492  1492 D CompatibilityChangeReporter: Compat change id reported: 135549675; UID 10157; state: DISABLED
01-26 18:56:00.289  1492  1492 D CompatibilityChangeReporter: Compat change id reported: 135549675; UID 10150; state: ENABLED
01-26 18:56:00.290  1492  1492 W PackageManager: Failed to scan /system/product/app/Photos: Package com.google.android.apps.photos at /system/product/app/Photos ignored: updated version 42069519 better than this 41643839
01-26 18:56:00.291  1492  1492 W PackageManager: Failed to scan /system/product/app/Drive: Package com.google.android.apps.docs at /system/product/app/Drive ignored: updated version 212661201 better than this 212655680
01-26 18:56:00.292  1492  1492 D CompatibilityChangeReporter: Compat change id reported: 135549675; UID 10161; state: ENABLED
01-26 18:56:00.293  1492  1492 D CompatibilityChangeReporter: Compat change id reported: 135549675; UID 10162; state: DISABLED
01-26 18:56:00.294  1368  1368 I macloader: WIFI MAC is valid
01-26 18:56:00.295     0     0 I         : [7:      macloader: 1368] Mac Address set with 10:xx:xx:xx:xa:08
01-26 18:56:00.295  1492  1492 D CompatibilityChangeReporter: Compat change id reported: 135549675; UID 10164; state: ENABLED
01-26 18:56:00.295  1368  1368 I macloader: WIFI cid is valid as murata_
01-26 18:56:00.295  1492  1492 W PackageManager: Failed to scan /system/product/app/DevicePolicyPrebuilt: Package com.google.android.apps.work.clouddpc at /system/product/app/DevicePolicyPrebuilt ignored: updated version 1630260 better than this 1622350
01-26 18:56:00.295     0     0 I [7:      macloader: 1368] set_memdump_info: MEMDUMP ENABLED = 2
01-26 18:56:00.296  1492  1492 W PackageManager: Failed to scan /system/product/app/PrebuiltGmail: Package com.google.android.gm at /system/product/app/PrebuiltGmail ignored: updated version 63044477 better than this 62995586
01-26 18:56:00.296     0     0 I [4:           init:    1] init: Service 'macloader' (pid 1368) exited with status 0 oneshot service took 2.041000 seconds in background
01-26 18:56:00.299  1492  1492 D CompatibilityChangeReporter: Compat change id reported: 135549675; UID 10166; state: ENABLED
01-26 18:56:00.303  1492  1492 D CompatibilityChangeReporter: Compat change id reported: 135549675; UID 10168; state: ENABLED
01-26 18:56:00.304  1492  1492 D CompatibilityChangeReporter: Compat change id reported: 135549675; UID 10167; state: ENABLED
01-26 18:56:00.305  1116  1156 D audio_hw_utils: audio_extn_utils_open_snd_mixer: retry, retry_num 2
01-26 18:56:00.306  1492  1492 D CompatibilityChangeReporter: Compat change id reported: 135549675; UID 10170; state: ENABLED
01-26 18:56:00.307  1492  1492 D CompatibilityChangeReporter: Compat change id reported: 135549675; UID 10169; state: ENABLED
01-26 18:56:00.309  1492  1492 D CompatibilityChangeReporter: Compat change id reported: 135549675; UID 10173; state: ENABLED
01-26 18:56:00.310  1492  1492 D CompatibilityChangeReporter: Compat change id reported: 135549675; UID 10171; state: ENABLED
01-26 18:56:00.311  1492  1492 D CompatibilityChangeReporter: Compat change id reported: 135549675; UID 10172; state: DISABLED
01-26 18:56:00.312  1492  1492 D CompatibilityChangeReporter: Compat change id reported: 135549675; UID 10174; state: ENABLED
01-26 18:56:00.313  1492  1492 D CompatibilityChangeReporter: Compat change id reported: 135549675; UID 10175; state: ENABLED
01-26 18:56:00.314  1492  1492 D CompatibilityChangeReporter: Compat change id reported: 135549675; UID 10176; state: ENABLED
01-26 18:56:00.316  1492  1492 D CompatibilityChangeReporter: Compat change id reported: 135549675; UID 10178; state: ENABLED
01-26 18:56:00.318  1492  1492 D CompatibilityChangeReporter: Compat change id reported: 135549675; UID 10177; state: ENABLED
01-26 18:56:00.319  1321  1321 I ServiceManager: Waiting for service 'package_native' on '/dev/binder'...
01-26 18:56:00.322  1492  1492 W PackageManager: Failed to parse /system/system_ext/priv-app/Snap: Missing base APK in /system/system_ext/priv-app/Snap/oat/arm64
01-26 18:56:00.324  1492  1492 D CompatibilityChangeReporter: Compat change id reported: 135549675; UID 10179; state: ENABLED
01-26 18:56:00.324  1492  1492 D PackageManager: No files in app dir /apex/com.android.vndk.v29/priv-app
01-26 18:56:00.324  1492  1492 D PackageManager: No files in app dir /apex/com.android.vndk.v29/app
01-26 18:56:00.326  1492  1492 D CompatibilityChangeReporter: Compat change id reported: 135549675; UID 10180; state: ENABLED
01-26 18:56:00.328  1492  1492 D CompatibilityChangeReporter: Compat change id reported: 135549675; UID 10181; state: ENABLED
01-26 18:56:00.328  1492  1492 D PackageManager: No files in app dir /apex/com.android.vndk.v30/priv-app
01-26 18:56:00.328  1492  1492 D PackageManager: No files in app dir /apex/com.android.vndk.v30/app
01-26 18:56:00.328  1492  1492 D PackageManager: No files in app dir /apex/com.android.tzdata/priv-app
01-26 18:56:00.328  1492  1492 D PackageManager: No files in app dir /apex/com.android.tzdata/app
01-26 18:56:00.330  1492  1492 D CompatibilityChangeReporter: Compat change id reported: 135549675; UID 1073; state: DISABLED
01-26 18:56:00.330  1492  1492 D PackageManager: No files in app dir /apex/com.android.tethering/app
01-26 18:56:00.330  1492  1492 D PackageManager: No files in app dir /apex/com.android.sdkext/priv-app
01-26 18:56:00.330  1492  1492 D PackageManager: No files in app dir /apex/com.android.sdkext/app
01-26 18:56:00.330  1492  1492 D PackageManager: No files in app dir /apex/com.android.runtime/priv-app
01-26 18:56:00.330  1492  1492 D PackageManager: No files in app dir /apex/com.android.runtime/app
01-26 18:56:00.330  1492  1492 D PackageManager: No files in app dir /apex/com.android.resolv/priv-app
01-26 18:56:00.331  1492  1492 D PackageManager: No files in app dir /apex/com.android.resolv/app
01-26 18:56:00.331  1026  1026 I ServiceManager: Waiting for service 'statscompanion' on '/dev/binder'...
01-26 18:56:00.332  1308  1331 I ServiceManager: Waiting for service 'package_native' on '/dev/binder'...
01-26 18:56:00.333  1492  1492 D CompatibilityChangeReporter: Compat change id reported: 135549675; UID 10182; state: DISABLED
01-26 18:56:00.334  1492  1492 D PackageManager: No files in app dir /apex/com.android.permission/app
01-26 18:56:00.334  1492  1492 D PackageManager: No files in app dir /apex/com.android.os.statsd/priv-app
01-26 18:56:00.334  1492  1492 D PackageManager: No files in app dir /apex/com.android.os.statsd/app
01-26 18:56:00.334  1492  1492 D PackageManager: No files in app dir /apex/com.android.neuralnetworks/priv-app
01-26 18:56:00.334  1492  1492 D PackageManager: No files in app dir /apex/com.android.neuralnetworks/app
01-26 18:56:00.337  1492  1492 D CompatibilityChangeReporter: Compat change id reported: 135549675; UID 10183; state: ENABLED
01-26 18:56:00.337  1492  1492 D PackageManager: No files in app dir /apex/com.android.mediaprovider/app
01-26 18:56:00.337  1492  1492 D PackageManager: No files in app dir /apex/com.android.media.swcodec/priv-app
01-26 18:56:00.337  1492  1492 D PackageManager: No files in app dir /apex/com.android.media.swcodec/app
01-26 18:56:00.337  1492  1492 D PackageManager: No files in app dir /apex/com.android.media/priv-app
01-26 18:56:00.338  1492  1492 D PackageManager: No files in app dir /apex/com.android.media/app
01-26 18:56:00.338  1492  1492 D PackageManager: No files in app dir /apex/com.android.ipsec/priv-app
01-26 18:56:00.338  1492  1492 D PackageManager: No files in app dir /apex/com.android.ipsec/app
01-26 18:56:00.338  1492  1492 D PackageManager: No files in app dir /apex/com.android.i18n/priv-app
01-26 18:56:00.338  1492  1492 D PackageManager: No files in app dir /apex/com.android.i18n/app
01-26 18:56:00.340  1492  1492 D CompatibilityChangeReporter: Compat change id reported: 135549675; UID 10184; state: ENABLED
01-26 18:56:00.340  1492  1492 D PackageManager: No files in app dir /apex/com.android.extservices/app
01-26 18:56:00.340  1492  1492 D PackageManager: No files in app dir /apex/com.android.conscrypt/priv-app
01-26 18:56:00.340  1492  1492 D PackageManager: No files in app dir /apex/com.android.conscrypt/app
01-26 18:56:00.342  1492  1492 W PackageManager: Unable to update from com.android.cellbroadcastreceiver to com.android.cellbroadcastreceiver.module: old package still exists
01-26 18:56:00.342  1492  1492 W PackageManager: Unable to update from com.android.cellbroadcastreceiver to com.android.cellbroadcastreceiver.module: old package still exists
01-26 18:56:00.343  1492  1492 D CompatibilityChangeReporter: Compat change id reported: 135549675; UID 10185; state: ENABLED
01-26 18:56:00.343  1492  1492 D PackageManager: No files in app dir /apex/com.android.cellbroadcast/app
01-26 18:56:00.343  1492  1492 D PackageManager: No files in app dir /apex/com.android.art/priv-app
01-26 18:56:00.343  1492  1492 D PackageManager: No files in app dir /apex/com.android.art/app
01-26 18:56:00.343  1492  1492 D PackageManager: No files in app dir /apex/com.android.adbd/priv-app
01-26 18:56:00.344  1492  1492 D PackageManager: No files in app dir /apex/com.android.adbd/app
01-26 18:56:00.344  1267  1267 I adbd    : UsbFfs: already offline
01-26 18:56:00.344  1267  1267 I adbd    : Calling send_auth_request...
01-26 18:56:00.346  1267  1267 I adbd    : adbd_auth: loading keys from /data/misc/adb/adb_keys
01-26 18:56:00.346  1267  1267 I adbd    : adb client authorized
01-26 18:56:00.352  1492  1492 I PackageManager: Finished scanning system apps. Time: 326 ms, packageCount: 207 , timePerPackage: 1 , cached: 223
01-26 18:56:00.358  1492  1492 W PackageManager: Relax SCAN_REQUIRE_KNOWN requirement for package com.google.android.apps.work.clouddpc
01-26 18:56:00.362  1492  1492 D CompatibilityChangeReporter: Compat change id reported: 135549675; UID 10160; state: ENABLED
01-26 18:56:00.363  1492  1492 W PackageManager: Relax SCAN_REQUIRE_KNOWN requirement for package com.google.android.calendar
01-26 18:56:00.365  1492  1492 D CompatibilityChangeReporter: Compat change id reported: 135549675; UID 10129; state: ENABLED
01-26 18:56:00.366  1492  1492 W PackageManager: Relax SCAN_REQUIRE_KNOWN requirement for package com.android.vending
01-26 18:56:00.369  1492  1492 D CompatibilityChangeReporter: Compat change id reported: 135549675; UID 10146; state: ENABLED
01-26 18:56:00.370  1492  1492 W PackageManager: Relax SCAN_REQUIRE_KNOWN requirement for package com.google.android.inputmethod.latin
01-26 18:56:00.372  1492  1492 D CompatibilityChangeReporter: Compat change id reported: 135549675; UID 10159; state: ENABLED
01-26 18:56:00.373  1492  1492 W PackageManager: Relax SCAN_REQUIRE_KNOWN requirement for package com.google.android.apps.recorder
01-26 18:56:00.377  1492  1580 W PackageParsing: Unknown element under <manifest>: meta-data at /data/app/~~3K4eKhtH3yikZUQe_PxfPw==/com.google.android.apps.turbo-BYuVUwtyNdadQbw9PLMN1w==/base.apk Binary XML file line #20
01-26 18:56:00.377  1492  1492 D CompatibilityChangeReporter: Compat change id reported: 135549675; UID 10140; state: ENABLED
01-26 18:56:00.378  1492  1492 W PackageManager: Relax SCAN_REQUIRE_KNOWN requirement for package com.google.android.contacts
01-26 18:56:00.383  1492  1492 D CompatibilityChangeReporter: Compat change id reported: 135549675; UID 10133; state: ENABLED
01-26 18:56:00.391  1492  1492 W PackageManager: Relax SCAN_REQUIRE_KNOWN requirement for package com.google.android.apps.turbo
01-26 18:56:00.394  1492  1492 D CompatibilityChangeReporter: Compat change id reported: 135549675; UID 10130; state: ENABLED
01-26 18:56:00.399  1492  1492 W android.permission.PermissionManager: Missing ActivityManager; assuming 1000 holds android.permission.READ_COMPAT_CHANGE_CONFIG
01-26 18:56:00.400  1492  1492 W android.permission.PermissionManager: Missing ActivityManager; assuming 1000 holds android.permission.LOG_COMPAT_CHANGE
01-26 18:56:00.400  1492  1492 D CompatibilityChangeReporter: Compat change id reported: 133396946; UID -1; state: ENABLED
01-26 18:56:00.404  1492  1492 D CompatibilityChangeReporter: Compat change id reported: 135549675; UID 10187; state: ENABLED
01-26 18:56:00.405  1492  1492 W PackageManager: Relax SCAN_REQUIRE_KNOWN requirement for package com.google.android.apps.photos
01-26 18:56:00.411  1492  1492 D CompatibilityChangeReporter: Compat change id reported: 135549675; UID 10165; state: ENABLED
01-26 18:56:00.412  1492  1492 W PackageManager: Relax SCAN_REQUIRE_KNOWN requirement for package com.google.android.ims
01-26 18:56:00.414  1492  1492 D CompatibilityChangeReporter: Compat change id reported: 135549675; UID 10143; state: ENABLED
01-26 18:56:00.415  1492  1492 W PackageManager: Relax SCAN_REQUIRE_KNOWN requirement for package com.google.android.as
01-26 18:56:00.421  1321  1321 I ServiceManager: Waiting for service 'package_native' on '/dev/binder'...
01-26 18:56:00.422  1492  1492 D CompatibilityChangeReporter: Compat change id reported: 135549675; UID 10134; state: ENABLED
01-26 18:56:00.422  1492  1492 W PackageManager: Relax SCAN_REQUIRE_KNOWN requirement for package com.google.android.apps.maps
01-26 18:56:00.426  1492  1492 D CompatibilityChangeReporter: Compat change id reported: 135549675; UID 10144; state: ENABLED
01-26 18:56:00.427  1492  1492 W PackageManager: Relax SCAN_REQUIRE_KNOWN requirement for package com.google.android.dialer
01-26 18:56:00.430  1492  1492 D CompatibilityChangeReporter: Compat change id reported: 135549675; UID 10141; state: ENABLED
01-26 18:56:00.436  1308  1331 I ServiceManager: Waiting for service 'package_native' on '/dev/binder'...
01-26 18:56:00.436  1026  1026 I ServiceManager: Waiting for service 'statscompanion' on '/dev/binder'...
01-26 18:56:00.437  1492  1492 W android.permission.PermissionManager: Missing ActivityManager; assuming 1000 holds android.permission.READ_COMPAT_CHANGE_CONFIG
01-26 18:56:00.437  1492  1492 W android.permission.PermissionManager: Missing ActivityManager; assuming 1000 holds android.permission.LOG_COMPAT_CHANGE
01-26 18:56:00.438  1492  1492 D CompatibilityChangeReporter: Compat change id reported: 135549675; UID 10186; state: ENABLED
01-26 18:56:00.439  1492  1492 W android.permission.PermissionManager: Missing ActivityManager; assuming 1000 holds android.permission.READ_COMPAT_CHANGE_CONFIG
01-26 18:56:00.439  1492  1492 W android.permission.PermissionManager: Missing ActivityManager; assuming 1000 holds android.permission.LOG_COMPAT_CHANGE
01-26 18:56:00.441  1492  1492 D CompatibilityChangeReporter: Compat change id reported: 135549675; UID 10188; state: ENABLED
01-26 18:56:00.442  1492  1492 W PackageManager: Relax SCAN_REQUIRE_KNOWN requirement for package com.google.android.gms
01-26 18:56:00.453  1492  1492 W PackageManager: Relax SCAN_REQUIRE_KNOWN requirement for package com.google.android.gm
01-26 18:56:00.458  1492  1492 D CompatibilityChangeReporter: Compat change id reported: 135549675; UID 10154; state: ENABLED
01-26 18:56:00.458  1492  1492 W PackageManager: Relax SCAN_REQUIRE_KNOWN requirement for package com.google.android.apps.docs
01-26 18:56:00.461  1492  1492 D CompatibilityChangeReporter: Compat change id reported: 135549675; UID 10163; state: ENABLED
01-26 18:56:00.461  1492  1492 W PackageManager: Relax SCAN_REQUIRE_KNOWN requirement for package com.google.android.googlequicksearchbox
01-26 18:56:00.467  1492  1492 D CompatibilityChangeReporter: Compat change id reported: 135549675; UID 10145; state: ENABLED
01-26 18:56:00.468  1492  1492 I PackageManager: Finished scanning non-system apps. Time: 116 ms, packageCount: 19 , timePerPackage: 6 , cached: 15
01-26 18:56:00.469  1492  1492 E PackageManager: There should probably be exactly one storage manager; found 3: matches=[ResolveInfo{11b3cda com.google.android.apps.nbu.files/.home.HomeActivity p=100 m=0x108000}, ResolveInfo{fbf850b com.android.storagemanager/.deletionhelper.DeletionHelperActivity m=0x108000}, ResolveInfo{972fe8 com.google.android.storagemanager/com.android.storagemanager.deletionhelper.DeletionHelperActivity m=0x108000}]
01-26 18:56:00.475  1492  1492 I PackageManager: Time to scan packages: 0.449 seconds
01-26 18:56:00.476  1492  1492 I PackageManager: Permission ownership changed. Updating all permissions.
01-26 18:56:00.493  1492  1492 V PackageManager: reconcileAppsData for null u0 0x3 migrateAppData=true
01-26 18:56:00.501  1299  1314 I SELinux : SELinux: Loaded file_contexts
01-26 18:56:00.522  1321  1321 I ServiceManager: Waiting for service 'package_native' on '/dev/binder'...
01-26 18:56:00.536  1026  1026 I ServiceManager: Waiting for service 'statscompanion' on '/dev/binder'...
01-26 18:56:00.536  1308  1331 I ServiceManager: Waiting for service 'package_native' on '/dev/binder'...
01-26 18:56:00.622  1321  1321 I ServiceManager: Waiting for service 'package_native' on '/dev/binder'...
01-26 18:56:00.637  1308  1331 I ServiceManager: Waiting for service 'package_native' on '/dev/binder'...
01-26 18:56:00.637  1026  1026 I ServiceManager: Waiting for service 'statscompanion' on '/dev/binder'...
01-26 18:56:00.647  1492  1492 V PackageManager: reconcileAppsData finished 23 packages
01-26 18:56:00.648  1492  1492 V PackageManager: Changing enabled state of com.android.vending/com.google.android.finsky.systemupdate.SystemUpdateSettingsContentProvider to false
01-26 18:56:00.648  1492  1639 I SystemServerTimingAsync: InitThreadPoolExec:prepareAppData
01-26 18:56:00.648  1492  1639 D SystemServerInitThreadPool: Started executing prepareAppData
01-26 18:56:00.648  1492  1492 W PackageManager: Unable to change enabled state of com.android.vending/com.google.android.finsky.systemupdate.SystemUpdateSettingsContentProvider to false
01-26 18:56:00.648  1492  1492 V PackageManager: Changing enabled state of com.android.vending/com.google.android.finsky.systemupdateactivity.SettingsSecurityEntryPoint to false
01-26 18:56:00.648  1492  1492 V PackageManager: Changing enabled state of com.android.vending/com.google.android.finsky.systemupdateactivity.SystemUpdateActivity to false
01-26 18:56:00.648  1492  1492 V PackageManager: Changing enabled state of com.google.android.gms/com.google.android.gms.update.OtaSuggestionSummaryProvider to false
01-26 18:56:00.648  1492  1492 V PackageManager: Changing enabled state of com.google.android.gms/com.google.android.gms.update.SystemUpdateActivity to false
01-26 18:56:00.648  1492  1492 V PackageManager: Changing enabled state of com.google.android.gms/com.google.android.gms.update.SystemUpdateGcmTaskService to false
01-26 18:56:00.649  1492  1492 V PackageManager: Changing enabled state of com.google.android.gms/com.google.android.gms.update.SystemUpdateService to false
01-26 18:56:00.649  1492  1492 I PackageManagerTiming: write settings
01-26 18:56:00.702  1116  1116 D audio_hw_utils: audio_extn_utils_open_snd_mixer: retry, retry_num 3
01-26 18:56:00.710  1492  1492 I SELinux : SELinux: Loaded file_contexts
01-26 18:56:00.722  1321  1321 I ServiceManager: Waiting for service 'package_native' on '/dev/binder'...
01-26 18:56:00.729  1492  1492 D PackageManagerTiming: write settings took to complete: 80ms
01-26 18:56:00.732  1492  1492 V PackageManager: Ephemeral resolver found; pkg: com.google.android.gms, info:ResolveInfo{b22501e com.google.android.gms/.chimera.PersistentBoundBrokerService m=0x108000}
01-26 18:56:00.732  1492  1492 D PackageManager: Set ephemeral resolver: Pair{ComponentInfo{com.google.android.gms/com.google.android.gms.chimera.PersistentBoundBrokerService} android.intent.action.RESOLVE_INSTANT_APP_PACKAGE}
01-26 18:56:00.733  1492  1492 D PackageManager: Set ephemeral installer activity: ComponentInfo{com.android.vending/com.google.android.finsky.instantapps.EphemeralInstallerActivity}
01-26 18:56:00.738  1026  1026 I ServiceManager: Waiting for service 'statscompanion' on '/dev/binder'...
01-26 18:56:00.738  1308  1331 I ServiceManager: Waiting for service 'package_native' on '/dev/binder'...
01-26 18:56:00.746  1492  1492 I PackageManagerTiming: GC
01-26 18:56:00.755  1299  1638 W installd: Ignoring /data/data/com.android.webview/lib with unexpected GID 0 instead of 10164
01-26 18:56:00.769  1299  1638 W installd: Ignoring /data/data/com.google.ar.core/lib with unexpected GID 0 instead of 10187
01-26 18:56:00.816  1492  1492 I system_server: Explicit concurrent copying GC freed 414961(21MB) AllocSpace objects, 282(9768KB) LOS objects, 49% free, 11MB/22MB, paused 56us total 69.494ms
01-26 18:56:00.816  1492  1492 D PackageManagerTiming: GC took to complete: 70ms
01-26 18:56:00.816  1492  1492 D PackageManagerTiming: create package manager took to complete: 988ms
01-26 18:56:00.816  1492  1492 V UserManagerService: Checking that all system packages are whitelisted.
01-26 18:56:00.816  1492  1492 V UserManagerService: checkWhitelistedSystemPackages(mode=ENFORCE|IMPLICIT_WHITELIST) has no warnings
01-26 18:56:00.817  1492  1492 I Watchdog: Resuming HandlerChecker: main thread for reason: packagemanagermain. Pause count: 0
01-26 18:56:00.817  1492  1492 I SystemServerDexLoadReporter: Configuring system server dex reporter
01-26 18:56:00.820  1492  1492 D SystemServerTiming: StartPackageManagerService took to complete: 997ms
01-26 18:56:00.820  1492  1492 I SystemServerTiming: StartOtaDexOptService
01-26 18:56:00.820  1492  1492 I Watchdog: Pausing HandlerChecker: main thread for reason: moveab. Pause count: 1
01-26 18:56:00.823  1492  1492 D OTADexopt: No upgrade, skipping A/B artifacts check.
01-26 18:56:00.823  1492  1492 I Watchdog: Resuming HandlerChecker: main thread for reason: moveab. Pause count: 0
01-26 18:56:00.823  1492  1492 D SystemServerTiming: StartOtaDexOptService took to complete: 3ms
01-26 18:56:00.823  1492  1492 I SystemServerTiming: StartUserManagerService
01-26 18:56:00.823  1492  1492 I SystemServiceManager: Starting com.android.server.pm.UserManagerService$LifeCycle
01-26 18:56:00.824  1492  1492 D SystemServerTiming: StartUserManagerService took to complete: 1ms
01-26 18:56:00.824  1492  1492 I SystemServerTiming: InitAttributerCache
01-26 18:56:00.825  1492  1492 D SystemServerTiming: InitAttributerCache took to complete: 0ms
01-26 18:56:00.825  1492  1492 I SystemServerTiming: SetSystemProcess
01-26 18:56:00.825     0     0 I         : [4:health@2.0-serv: 1128] sec_bat_get_property cable type = 4 sleep_mode = 0
01-26 18:56:00.825     0     0 I [4:health@2.0-serv: 1128] healthd: efs_buf: 0 7 1 0 65535 0 0 0 0 0 0 0 0 0 0 0 246 244 269 265 246 244 239 0 246 0 269 0 246 0 239 0 0 0 0 0 0 0 0 0 0 0 1 0 0 0 0 0 0 0 0 0 0 0 0 246 244 269 265 246 244 239 0 246 1000 269 265 246 244 239 0 0 0 0 0 0 0 0 0 0 0
01-26 18:56:00.826     0     0 W [4:health@2.0-serv: 1128] healthd: battery l=99 v=4137 t=24.6 h=2 st=2 c=0 fc=3000000 o=4 ca=-336 ct=1 ps=0 hv=0 sec=0 sec=0 chg=u
01-26 18:56:00.828  1321  1642 I storaged: storaged: Start
01-26 18:56:00.837   903   903 I lowmemorykiller: lmkd data connection established
01-26 18:56:00.837  1492  1544 I ActivityManager: Connection with lmkd established
01-26 18:56:00.840  1026  1026 I ServiceManager: Waiting for service 'statscompanion' on '/dev/binder'...
01-26 18:56:00.840  1492  1492 D SystemServerTiming: SetSystemProcess took to complete: 15ms
01-26 18:56:00.840  1308  1331 W AudioAnalytics: (key=audio.flinger) Audioflinger constructor event detected
01-26 18:56:00.840  1492  1492 I SystemServerTiming: InitWatchdog
01-26 18:56:00.841  1492  1492 D SystemServerTiming: InitWatchdog took to complete: 1ms
