01-26 18:55:59.493  1492  1521 I SystemConfig: Reading permissions from /system/etc/sysconfig/preinstalled-packages-platform-full-base.xml
01-26 18:55:59.494  1492  1492 D CompatConfig: Found a config file: /system/etc/compatconfig/services-platform-compat-config.xml
01-26 18:55:59.494  1492  1521 I SystemConfig: Reading permissions from /system/etc/sysconfig/qti_whitelist.xml
01-26 18:55:59.495  1492  1521 I SystemConfig: Reading permissions from /system/etc/sysconfig/backup.xml
01-26 18:55:59.495  1492  1492 D CompatConfig: Adding: com.android.server.compat.config.Change@a71aec8
01-26 18:55:59.496  1492  1521 I SystemConfig: Reading permissions from /system/etc/sysconfig/lineage-sysconfig.xml
01-26 18:55:59.496  1492  1521 I SystemConfig: Reading permissions from /system/etc/sysconfig/hiddenapi-package-whitelist.xml
01-26 18:55:59.497  1492  1521 I SystemConfig: Reading permissions from /system/etc/sysconfig/framework-sysconfig.xml
01-26 18:55:59.498  1492  1521 I SystemConfig: Reading permissions from /system/etc/sysconfig/preinstalled-packages-platform.xml
01-26 18:55:59.498  1492  1521 I SystemConfig: Reading permissions from /system/etc/permissions/com.android.location.provider.xml
01-26 18:55:59.499  1492  1521 I SystemConfig: Reading permissions from /system/etc/permissions/privapp-permissions-platform.xml
01-26 18:55:59.499  1492  1492 D CompatConfig: Adding: com.android.server.compat.config.Change@5f8a4e3
01-26 18:55:59.499  1492  1492 D CompatConfig: Adding: com.android.server.compat.config.Change@7ad8ee0
01-26 18:55:59.499  1492  1492 D CompatConfig: Adding: com.android.server.compat.config.Change@7ae4599
01-26 18:55:59.499  1492  1492 D CompatConfig: Adding: com.android.server.compat.config.Change@bbe705e
01-26 18:55:59.500  1492  1492 D CompatConfig: Adding: com.android.server.compat.config.Change@d06ac3f
01-26 18:55:59.500  1492  1492 D CompatConfig: Adding: com.android.server.compat.config.Change@c0cb90c
01-26 18:55:59.500  1492  1492 D CompatConfig: Adding: com.android.server.compat.config.Change@d14a255
01-26 18:55:59.500  1492  1492 D CompatConfig: Adding: com.android.server.compat.config.Change@dfd346a
01-26 18:55:59.501  1492  1492 D CompatConfig: Adding: com.android.server.compat.config.Change@ec3cd5b
01-26 18:55:59.501  1492  1492 D CompatConfig: Adding: com.android.server.compat.config.Change@15259f8
01-26 18:55:59.501  1492  1521 I SystemConfig: Reading permissions from /system/etc/permissions/org.lineageos.profiles.xml
01-26 18:55:59.501  1492  1492 D CompatConfig: Adding: com.android.server.compat.config.Change@7b22d36
01-26 18:55:59.501  1492  1492 D CompatConfig: Adding: com.android.server.compat.config.Change@e67e437
01-26 18:55:59.501  1492  1521 I SystemConfig: Reading permissions from /system/etc/permissions/privapp_whitelist_org.lineageos.lineagesettings.xml
01-26 18:55:59.501  1492  1492 D CompatConfig: Found a config file: /system/etc/compatconfig/libcore-platform-compat-config.xml
01-26 18:55:59.502  1492  1492 D CompatConfig: Adding: com.android.server.compat.config.Change@ebe6c2
01-26 18:55:59.502  1492  1521 I SystemConfig: Reading permissions from /system/etc/permissions/org.lineageos.hardware.xml
01-26 18:55:59.502  1492  1492 D CompatConfig: Adding: com.android.server.compat.config.Change@8327010
01-26 18:55:59.502  1492  1492 D CompatConfig: Adding: com.android.server.compat.config.Change@7fec709
01-26 18:55:59.502  1492  1521 I SystemConfig: Reading permissions from /system/etc/permissions/com.android.future.usb.accessory.xml
01-26 18:55:59.503  1492  1492 D CompatConfig: Adding: com.android.server.compat.config.Change@4c9232f
01-26 18:55:59.503  1492  1492 D CompatConfig: Found a config file: /system/etc/compatconfig/documents-ui-compat-config.xml
01-26 18:55:59.503  1492  1521 I SystemConfig: Reading permissions from /system/etc/permissions/com.android.media.remotedisplay.xml
01-26 18:55:59.503  1492  1492 D CompatConfig: Adding: com.android.server.compat.config.Change@54ec34b
01-26 18:55:59.503  1492  1521 I SystemConfig: Reading permissions from /system/etc/permissions/android.test.mock.xml
01-26 18:55:59.503  1492  1492 D CompatConfig: Found a config file: /system/etc/compatconfig/framework-platform-compat-config.xml
01-26 18:55:59.504  1492  1521 I SystemConfig: Reading permissions from /system/etc/permissions/org.lineageos.livedisplay.xml
01-26 18:55:59.504  1492  1492 D CompatConfig: Adding: com.android.server.compat.config.Change@1444927
01-26 18:55:59.504  1492  1521 I SystemConfig: Reading permissions from /system/etc/permissions/platform-samsung.xml
01-26 18:55:59.504  1492  1492 D CompatConfig: Adding: com.android.server.compat.config.Change@38737d4
01-26 18:55:59.505  1492  1492 D CompatConfig: Adding: com.android.server.compat.config.Change@58d8d7d
01-26 18:55:59.505  1492  1492 D CompatConfig: Adding: com.android.server.compat.config.Change@a0f8472
01-26 18:55:59.505  1492  1492 D CompatConfig: Adding: com.android.server.compat.config.Change@e09fd40
01-26 18:55:59.505  1492  1521 I SystemConfig: Reading permissions from /system/etc/permissions/android.hardware.bluetooth_le.xml
01-26 18:55:59.505  1492  1492 D CompatConfig: Adding: com.android.server.compat.config.Change@4ea8479
01-26 18:55:59.505  1492  1492 D CompatConfig: Adding: com.android.server.compat.config.Change@acd75be
01-26 18:55:59.505  1492  1521 I SystemConfig: Reading permissions from /system/etc/permissions/privapp_whitelist_org.lineageos.updater.xml
01-26 18:55:59.506  1492  1492 D CompatConfig: Adding: com.android.server.compat.config.Change@931ad6c
01-26 18:55:59.506  1492  1492 D CompatConfig: Adding: com.android.server.compat.config.Change@1e72fca
01-26 18:55:59.506  1492  1521 I SystemConfig: Reading permissions from /system/etc/permissions/org.lineageos.settings.xml
01-26 18:55:59.506  1492  1492 D CompatConfig: Adding: com.android.server.compat.config.Change@3b153b
01-26 18:55:59.507  1492  1492 D CompatConfig: Adding: com.android.server.compat.config.Change@423458
01-26 18:55:59.507  1492  1492 D CompatConfig: Adding: com.android.server.compat.config.Change@c3349b1
01-26 18:55:59.507  1492  1492 D CompatConfig: Adding: com.android.server.compat.config.Change@2307e96
01-26 18:55:59.507  1492  1492 D CompatConfig: Adding: com.android.server.compat.config.Change@33bca17
01-26 18:55:59.507  1492  1492 D CompatConfig: Adding: com.android.server.compat.config.Change@cd23e04
01-26 18:55:59.508  1492  1492 D CompatConfig: Adding: com.android.server.compat.config.Change@f81cfed
01-26 18:55:59.508  1492  1492 D CompatConfig: Adding: com.android.server.compat.config.Change@5edee22
01-26 18:55:59.508  1492  1492 D CompatConfig: Adding: com.android.server.compat.config.Change@9373670
01-26 18:55:59.508  1492  1492 D CompatConfig: Adding: com.android.server.compat.config.Change@9b87de9
01-26 18:55:59.508  1492  1521 I SystemConfig: Reading permissions from /system/etc/permissions/com.android.documentsui.xml
01-26 18:55:59.508  1492  1492 D CompatConfig: Adding: com.android.server.compat.config.Change@520ca6e
01-26 18:55:59.509  1492  1492 D CompatConfig: Adding: com.android.server.compat.config.Change@bb7e50f
01-26 18:55:59.509  1492  1492 D CompatConfig: Adding: com.android.server.compat.config.Change@db1499c
01-26 18:55:59.509  1492  1492 D CompatConfig: Adding: com.android.server.compat.config.Change@3920fa5
01-26 18:55:59.509  1492  1492 D CompatConfig: Adding: com.android.server.compat.config.Change@4931f7a
01-26 18:55:59.509  1492  1492 D CompatConfig: Adding: com.android.server.compat.config.Change@897c32b
01-26 18:55:59.510  1492  1492 D CompatConfig: Found a config file: /system/system_ext/etc/compatconfig/settings-platform-compat-config.xml
01-26 18:55:59.510  1492  1521 I SystemConfig: Reading permissions from /system/etc/permissions/org.lineageos.android.xml
01-26 18:55:59.510  1492  1492 D CompatConfig: Adding: com.android.server.compat.config.Change@9a3b946
01-26 18:55:59.510  1492  1521 I SystemConfig: Reading permissions from /system/etc/permissions/qti_telephony_hidl_wrapper.xml
01-26 18:55:59.511  1492  1521 I SystemConfig: Reading permissions from /system/etc/permissions/org.lineageos.globalactions.xml
01-26 18:55:59.511  1492  1521 I SystemConfig: Reading permissions from /system/etc/permissions/android.test.runner.xml
01-26 18:55:59.512  1492  1521 I SystemConfig: Reading permissions from /system/etc/permissions/android.software.webview.xml
01-26 18:55:59.512  1492  1521 I SystemConfig: Reading permissions from /system/etc/permissions/org.lineageos.audio.xml
01-26 18:55:59.513  1492  1521 I SystemConfig: Reading permissions from /system/etc/permissions/android.hardware.fingerprint.xml
01-26 18:55:59.513  1492  1521 I SystemConfig: Reading permissions from /system/etc/permissions/com.android.mediadrm.signer.xml
01-26 18:55:59.514  1492  1521 I SystemConfig: Reading permissions from /system/etc/permissions/privapp-permissions-hotword.xml
01-26 18:55:59.514  1492  1521 I SystemConfig: Reading permissions from /system/etc/permissions/android.software.nfc.beam.xml
01-26 18:55:59.515  1492  1521 I SystemConfig: Reading permissions from /system/etc/permissions/privapp_whitelist_org.lineageos.audiofx.xml
01-26 18:55:59.515  1492  1521 I SystemConfig: Reading permissions from /system/etc/permissions/javax.obex.xml
01-26 18:55:59.515  1492  1492 D CompatConfig: No directory /apex/com.android.vndk.v29/etc/compatconfig, skipping
01-26 18:55:59.515  1492  1492 D CompatConfig: No directory /apex/com.android.wifi/etc/compatconfig, skipping
01-26 18:55:59.516  1492  1492 D CompatConfig: No directory /apex/com.android.vndk.v30/etc/compatconfig, skipping
01-26 18:55:59.516  1492  1521 I SystemConfig: Reading permissions from /system/etc/permissions/android.hardware.sensor.heartrate.xml
01-26 18:55:59.516  1492  1492 D CompatConfig: No directory /apex/com.android.tzdata/etc/compatconfig, skipping
01-26 18:55:59.516  1492  1492 D CompatConfig: No directory /apex/com.android.tethering/etc/compatconfig, skipping
01-26 18:55:59.516  1492  1492 D CompatConfig: No directory /apex/com.android.sdkext/etc/compatconfig, skipping
01-26 18:55:59.516  1492  1492 D CompatConfig: No directory /apex/com.android.runtime/etc/compatconfig, skipping
01-26 18:55:59.516  1492  1492 D CompatConfig: No directory /apex/com.android.resolv/etc/compatconfig, skipping
01-26 18:55:59.516  1492  1521 I SystemConfig: Reading permissions from /system/etc/permissions/android.software.sip.voip.xml
01-26 18:55:59.516  1492  1492 D CompatConfig: No directory /apex/com.android.permission/etc/compatconfig, skipping
01-26 18:55:59.516  1492  1492 D CompatConfig: No directory /apex/com.android.os.statsd/etc/compatconfig, skipping
01-26 18:55:59.516  1492  1492 D CompatConfig: No directory /apex/com.android.neuralnetworks/etc/compatconfig, skipping
01-26 18:55:59.516  1321  1321 I ServiceManager: Waiting for service 'package_native' on '/dev/binder'...
01-26 18:55:59.516  1492  1521 I SystemConfig: Reading permissions from /system/etc/permissions/android.test.base.xml
01-26 18:55:59.517  1492  1492 D CompatConfig: Found a config file: /apex/com.android.mediaprovider/etc/compatconfig/media-provider-platform-compat-config.xml
01-26 18:55:59.517  1492  1521 I SystemConfig: Reading permissions from /system/etc/permissions/android.hardware.vr.high_performance.xml
01-26 18:55:59.517  1492  1492 D CompatConfig: No directory /apex/com.android.media.swcodec/etc/compatconfig, skipping
01-26 18:55:59.517  1492  1492 D CompatConfig: No directory /apex/com.android.media/etc/compatconfig, skipping
01-26 18:55:59.517  1492  1492 D CompatConfig: No directory /apex/com.android.ipsec/etc/compatconfig, skipping
01-26 18:55:59.517  1492  1492 D CompatConfig: No directory /apex/com.android.i18n/etc/compatconfig, skipping
01-26 18:55:59.517  1492  1521 I SystemConfig: Reading permissions from /system/etc/permissions/android.software.live_wallpaper.xml
01-26 18:55:59.518  1492  1492 D CompatConfig: No directory /apex/com.android.extservices/etc/compatconfig, skipping
01-26 18:55:59.518  1492  1492 D CompatConfig: No directory /apex/com.android.conscrypt/etc/compatconfig, skipping
01-26 18:55:59.518  1492  1492 D CompatConfig: No directory /apex/com.android.cellbroadcast/etc/compatconfig, skipping
01-26 18:55:59.518  1492  1492 D CompatConfig: No directory /apex/com.android.art/etc/compatconfig, skipping
01-26 18:55:59.518  1492  1492 D CompatConfig: No directory /apex/com.android.adbd/etc/compatconfig, skipping
01-26 18:55:59.518  1492  1521 I SystemConfig: Reading permissions from /system/etc/permissions/privapp-permissions-qti.xml
01-26 18:55:59.519  1492  1521 I SystemConfig: Reading permissions from /system/etc/permissions/android.hardware.bluetooth.xml
01-26 18:55:59.519  1492  1492 D SystemServerTiming: PlatformCompat took to complete: 28ms
01-26 18:55:59.519  1492  1492 I SystemServerTiming: StartFileIntegrityService
01-26 18:55:59.519  1492  1492 I SystemServiceManager: Starting com.android.server.security.FileIntegrityService
01-26 18:55:59.519  1492  1521 I SystemConfig: Reading permissions from /system/etc/permissions/android.software.controls.xml
01-26 18:55:59.520  1492  1521 I SystemConfig: Reading permissions from /system/etc/permissions/permissions_com.stevesoltys.seedvault.xml
01-26 18:55:59.520  1492  1521 I SystemConfig: Reading permissions from /system/etc/permissions/org.apache.http.legacy.xml
01-26 18:55:59.521  1492  1521 I SystemConfig: Reading permissions from /system/etc/permissions/org.lineageos.performance.xml
01-26 18:55:59.521  1492  1521 I SystemConfig: Reading permissions from /system/etc/permissions/privapp_whitelist_org.lineageos.lineageparts.xml
01-26 18:55:59.522  1492  1521 I SystemConfig: Reading permissions from /system/etc/permissions/android.hardware.ethernet.xml
01-26 18:55:59.522  1492  1521 I SystemConfig: Reading permissions from /system/etc/permissions/org.lineageos.trust.xml
01-26 18:55:59.522  1492  1521 I SystemConfig: Reading permissions from /system/etc/permissions/platform.xml
01-26 18:55:59.525  1492  1521 I SystemConfig: Reading permissions from /vendor/etc/permissions/android.hardware.audio.low_latency.xml
01-26 18:55:59.525  1492  1492 D SystemServerTiming: StartFileIntegrityService took to complete: 6ms
01-26 18:55:59.525  1492  1492 I SystemServerTiming: StartInstaller
01-26 18:55:59.525  1492  1492 I SystemServiceManager: Starting com.android.server.pm.Installer
01-26 18:55:59.526  1492  1521 I SystemConfig: Reading permissions from /vendor/etc/permissions/android.hardware.location.gps.xml
01-26 18:55:59.526  1492  1521 I SystemConfig: Reading permissions from /vendor/etc/permissions/android.hardware.wifi.aware.xml
01-26 18:55:59.526  1492  1521 I SystemConfig: Reading permissions from /vendor/etc/permissions/android.hardware.bluetooth_le.xml
01-26 18:55:59.527  1299  1314 D installd: Found quota mount /dev/block/bootdevice/by-name/userdata at /data
01-26 18:55:59.527  1299  1314 D installd: Found quota mount /dev/block/bootdevice/by-name/userdata at /data/user/0
01-26 18:55:59.527  1026  1026 I ServiceManager: Waiting for service 'statscompanion' on '/dev/binder'...
01-26 18:55:59.527  1492  1521 I SystemConfig: Reading permissions from /vendor/etc/permissions/android.hardware.telephony.gsm.xml
01-26 18:55:59.527  1492  1492 D SystemServerTiming: StartInstaller took to complete: 2ms
01-26 18:55:59.527  1308  1331 I ServiceManager: Waiting for service 'package_native' on '/dev/binder'...
01-26 18:55:59.527  1492  1492 I SystemServerTiming: DeviceIdentifiersPolicyService
01-26 18:55:59.527  1492  1492 I SystemServiceManager: Starting com.android.server.os.DeviceIdentifiersPolicyService
01-26 18:55:59.527  1492  1521 I SystemConfig: Reading permissions from /vendor/etc/permissions/android.hardware.nfc.hce.xml
01-26 18:55:59.528  1492  1492 D SystemServerTiming: DeviceIdentifiersPolicyService took to complete: 1ms
01-26 18:55:59.528  1492  1492 I SystemServerTiming: UriGrantsManagerService
01-26 18:55:59.528  1492  1492 I SystemServiceManager: Starting com.android.server.uri.UriGrantsManagerService$Lifecycle
01-26 18:55:59.530  1492  1521 I SystemConfig: Reading permissions from /vendor/etc/permissions/com.nxp.mifare.xml
01-26 18:55:59.531  1492  1521 I SystemConfig: Reading permissions from /vendor/etc/permissions/android.hardware.sensor.barometer.xml
01-26 18:55:59.531  1492  1492 D SystemServerTiming: UriGrantsManagerService took to complete: 3ms
01-26 18:55:59.531  1492  1492 I SystemServerTiming: StartActivityManager
01-26 18:55:59.531  1492  1492 I SystemServiceManager: Starting com.android.server.wm.ActivityTaskManagerService$Lifecycle
01-26 18:55:59.531  1492  1521 I SystemConfig: Reading permissions from /vendor/etc/permissions/android.hardware.wifi.xml
01-26 18:55:59.531  1492  1521 I SystemConfig: Reading permissions from /vendor/etc/permissions/android.hardware.opengles.aep.xml
01-26 18:55:59.532  1492  1521 I SystemConfig: Reading permissions from /vendor/etc/permissions/android.hardware.sensor.hifi_sensors.xml
01-26 18:55:59.532  1492  1521 I SystemConfig: Reading permissions from /vendor/etc/permissions/android.hardware.touchscreen.multitouch.jazzhand.xml
01-26 18:55:59.533  1492  1521 I SystemConfig: Reading permissions from /vendor/etc/permissions/android.hardware.camera.flash-autofocus.xml
01-26 18:55:59.533  1492  1521 I SystemConfig: Reading permissions from /vendor/etc/permissions/android.hardware.nfc.xml
01-26 18:55:59.534  1492  1521 I SystemConfig: Reading permissions from /vendor/etc/permissions/android.hardware.camera.full.xml
01-26 18:55:59.534  1492  1521 I SystemConfig: Reading permissions from /vendor/etc/permissions/android.hardware.sensor.accelerometer.xml
01-26 18:55:59.535  1492  1521 I SystemConfig: Reading permissions from /vendor/etc/permissions/android.hardware.camera.raw.xml
01-26 18:55:59.535  1492  1521 I SystemConfig: Reading permissions from /vendor/etc/permissions/android.hardware.vulkan.compute-0.xml
01-26 18:55:59.535  1492  1521 I SystemConfig: Reading permissions from /vendor/etc/permissions/android.hardware.nfc.ese.xml
01-26 18:55:59.536  1492  1521 I SystemConfig: Reading permissions from /vendor/etc/permissions/android.hardware.wifi.passpoint.xml
01-26 18:55:59.536  1492  1521 I SystemConfig: Reading permissions from /vendor/etc/permissions/android.hardware.sensor.proximity.xml
01-26 18:55:59.537  1492  1521 I SystemConfig: Reading permissions from /vendor/etc/permissions/android.hardware.bluetooth.xml
01-26 18:55:59.537  1492  1521 I SystemConfig: Reading permissions from /vendor/etc/permissions/handheld_core_hardware.xml
01-26 18:55:59.538  1492  1521 I SystemConfig: Reading permissions from /vendor/etc/permissions/android.hardware.sensor.stepcounter.xml
01-26 18:55:59.538  1492  1521 I SystemConfig: Reading permissions from /vendor/etc/permissions/android.hardware.sensor.compass.xml
01-26 18:55:59.539  1492  1521 I SystemConfig: Reading permissions from /vendor/etc/permissions/com.android.nfc_extras.xml
01-26 18:55:59.540  1492  1521 I SystemConfig: Reading permissions from /vendor/etc/permissions/android.hardware.usb.host.xml
01-26 18:55:59.541  1492  1521 I SystemConfig: Reading permissions from /vendor/etc/permissions/android.hardware.camera.front.xml
01-26 18:55:59.541  1492  1521 I SystemConfig: Reading permissions from /vendor/etc/permissions/android.hardware.audio.pro.xml
01-26 18:55:59.542  1492  1521 I SystemConfig: Reading permissions from /vendor/etc/permissions/android.hardware.vulkan.level-1.xml
01-26 18:55:59.542  1492  1521 I SystemConfig: Reading permissions from /vendor/etc/permissions/android.hardware.telephony.ims.xml
01-26 18:55:59.542  1492  1521 I SystemConfig: Reading permissions from /vendor/etc/permissions/android.hardware.nfc.hcef.xml
01-26 18:55:59.543  1492  1521 I SystemConfig: Reading permissions from /vendor/etc/permissions/android.hardware.sensor.light.xml
01-26 18:55:59.543  1492  1521 I SystemConfig: Reading permissions from /vendor/etc/permissions/android.hardware.wifi.direct.xml
01-26 18:55:59.544  1492  1521 I SystemConfig: Reading permissions from /vendor/etc/permissions/android.hardware.vulkan.version-1_1.xml
01-26 18:55:59.544  1492  1521 I SystemConfig: Reading permissions from /vendor/etc/permissions/android.software.midi.xml
01-26 18:55:59.544  1492  1521 I SystemConfig: Reading permissions from /vendor/etc/permissions/android.hardware.sensor.stepdetector.xml
01-26 18:55:59.545  1492  1521 I SystemConfig: Reading permissions from /vendor/etc/permissions/android.hardware.nfc.uicc.xml
01-26 18:55:59.546  1492  1492 I SystemServiceManager: Starting com.android.server.am.ActivityManagerService$Lifecycle
01-26 18:55:59.546  1492  1521 I SystemConfig: Reading permissions from /vendor/etc/permissions/android.software.ipsec_tunnels.xml
01-26 18:55:59.546  1492  1521 I SystemConfig: Reading permissions from /vendor/etc/permissions/android.software.sip.voip.xml
01-26 18:55:59.547  1492  1521 I SystemConfig: Reading permissions from /vendor/etc/permissions/android.hardware.sensor.gyroscope.xml
01-26 18:55:59.547  1492  1521 I SystemConfig: Reading permissions from /vendor/etc/permissions/android.hardware.usb.accessory.xml
01-26 18:55:59.549  1492  1521 I SystemConfig: Reading permissions from /product/etc/sysconfig/wellbeing.xml
01-26 18:55:59.549  1492  1521 I SystemConfig: Reading permissions from /product/etc/sysconfig/pixel_2019_exclusive.xml
01-26 18:55:59.550  1492  1521 I SystemConfig: Reading permissions from /product/etc/sysconfig/preinstalled-packages-platform-overlays.xml
01-26 18:55:59.550  1492  1521 I SystemConfig: Reading permissions from /product/etc/sysconfig/google_vr_build.xml
01-26 18:55:59.551  1492  1521 I SystemConfig: Reading permissions from /product/etc/sysconfig/pixel.xml
01-26 18:55:59.551  1492  1521 I SystemConfig: Adding association: com.google.android.as <- com.android.bluetooth
01-26 18:55:59.551  1492  1521 I SystemConfig: Adding association: com.google.android.as <- com.android.providers.contacts
01-26 18:55:59.551  1492  1521 I SystemConfig: Adding association: com.google.android.as <- com.android.providers.media
01-26 18:55:59.551  1492  1521 I SystemConfig: Adding association: com.google.android.as <- com.android.providers.telephony
01-26 18:55:59.551  1492  1521 I SystemConfig: Adding association: com.google.android.as <- com.android.systemui
01-26 18:55:59.551  1492  1521 I SystemConfig: Adding association: com.google.android.as <- com.google.android.providers.media.module
01-26 18:55:59.552  1492  1521 I SystemConfig: Reading permissions from /product/etc/sysconfig/preinstalled-packages-platform-handheld-product.xml
01-26 18:55:59.552  1492  1521 I SystemConfig: Reading permissions from /product/etc/sysconfig/google-rollback-package-whitelist.xml
01-26 18:55:59.553  1492  1521 I SystemConfig: Reading permissions from /product/etc/sysconfig/com.android.deskclock_whitelist.xml
01-26 18:55:59.553  1492  1521 I SystemConfig: Reading permissions from /product/etc/sysconfig/pixel_experience_2019.xml
01-26 18:55:59.554  1492  1521 I SystemConfig: Reading permissions from /product/etc/sysconfig/pixel_experience_2020.xml
01-26 18:55:59.554  1492  1521 I SystemConfig: Reading permissions from /product/etc/sysconfig/backup.xml
01-26 18:55:59.554  1492  1521 I SystemConfig: Reading permissions from /product/etc/sysconfig/pixel_experience_2017.xml
01-26 18:55:59.555  1492  1521 I SystemConfig: Reading permissions from /product/etc/sysconfig/google-hiddenapi-package-whitelist.xml
01-26 18:55:59.555  1492  1492 I ActivityManager: Memory class: 256
01-26 18:55:59.555  1492  1521 I SystemConfig: Reading permissions from /product/etc/sysconfig/nga.xml
01-26 18:55:59.556  1492  1521 I SystemConfig: Reading permissions from /product/etc/sysconfig/pixel_experience_2018.xml
01-26 18:55:59.557  1492  1521 I SystemConfig: Reading permissions from /product/etc/sysconfig/nexus.xml
01-26 18:55:59.557  1492  1521 I SystemConfig: Reading permissions from /product/etc/sysconfig/dialer_experience.xml
01-26 18:55:59.557  1492  1521 I SystemConfig: Reading permissions from /product/etc/sysconfig/google_build.xml
01-26 18:55:59.558  1492  1521 I SystemConfig: Reading permissions from /product/etc/sysconfig/pixel_experience_2020_midyear.xml
01-26 18:55:59.558  1492  1521 I SystemConfig: Reading permissions from /product/etc/sysconfig/com.android.messaging_whitelist.xml
01-26 18:55:59.559  1492  1521 I SystemConfig: Reading permissions from /product/etc/sysconfig/google-staged-installer-whitelist.xml
01-26 18:55:59.559  1492  1521 I SystemConfig: Reading permissions from /product/etc/sysconfig/pixel_2016_exclusive.xml
01-26 18:55:59.560  1492  1521 I SystemConfig: Reading permissions from /product/etc/sysconfig/pixel_experience_2019_midyear.xml
01-26 18:55:59.561  1492  1521 I SystemConfig: Non-xml file /product/etc/permissions/GoogleLocationHistory.prop in /product/etc/permissions directory, ignoring
01-26 18:55:59.561  1492  1521 I SystemConfig: Non-xml file /product/etc/permissions/GoogleDialer.prop in /product/etc/permissions directory, ignoring
01-26 18:55:59.561  1492  1521 I SystemConfig: Non-xml file /product/etc/permissions/GoogleSounds.prop in /product/etc/permissions directory, ignoring
01-26 18:55:59.561  1492  1521 I SystemConfig: Non-xml file /product/etc/permissions/GoogleRecorder.prop in /product/etc/permissions directory, ignoring
01-26 18:55:59.561  1492  1521 I SystemConfig: Reading permissions from /product/etc/permissions/com.google.widevine.software.drm.xml
01-26 18:55:59.562  1492  1521 I SystemConfig: Reading permissions from /product/etc/permissions/com.android.vending.xml
01-26 18:55:59.563  1492  1521 I SystemConfig: Non-xml file /product/etc/permissions/GoogleMaps.prop in /product/etc/permissions directory, ignoring
01-26 18:55:59.563  1492  1521 I SystemConfig: Non-xml file /product/etc/permissions/DeviceHealthServices.prop in /product/etc/permissions directory, ignoring
01-26 18:55:59.563  1492  1521 I SystemConfig: Non-xml file /product/etc/permissions/Velvet.prop in /product/etc/permissions directory, ignoring
01-26 18:55:59.563  1492  1521 I SystemConfig: Reading permissions from /product/etc/permissions/com.google.android.apps.pixelmigrate.xml
01-26 18:55:59.563  1492  1521 I SystemConfig: Non-xml file /product/etc/permissions/AndroidDevicePolicy.prop in /product/etc/permissions directory, ignoring
01-26 18:55:59.563  1492  1521 I SystemConfig: Non-xml file /product/etc/permissions/GoogleCalculator.prop in /product/etc/permissions directory, ignoring
01-26 18:55:59.563  1492  1521 I SystemConfig: Non-xml file /product/etc/permissions/Drive.prop in /product/etc/permissions directory, ignoring
01-26 18:55:59.563  1492  1521 I SystemConfig: Reading permissions from /product/etc/permissions/com.google.android.apps.nbu.files.xml
01-26 18:55:59.564  1492  1521 I SystemConfig: Reading permissions from /product/etc/permissions/com.android.systemui.plugin.globalactions.wallet.xml
01-26 18:55:59.564  1492  1521 I SystemConfig: Reading permissions from /product/etc/permissions/privapp_whitelist_com.android.dialer-ext.xml
01-26 18:55:59.565  1492  1521 I SystemConfig: Reading permissions from /product/etc/permissions/split-permissions-google.xml
01-26 18:55:59.565  1492  1521 I SystemConfig: Reading permissions from /product/etc/permissions/com.google.android.dialer.support.xml
01-26 18:55:59.566  1492  1521 I SystemConfig: Reading permissions from /product/etc/permissions/com.google.android.media.effects.xml
01-26 18:55:59.566  1492  1521 I SystemConfig: Non-xml file /product/etc/permissions/GmsCore.prop in /product/etc/permissions directory, ignoring
01-26 18:55:59.566  1492  1521 I SystemConfig: Non-xml file /product/etc/permissions/ExtraFiles.prop in /product/etc/permissions directory, ignoring
01-26 18:55:59.566  1492  1521 I SystemConfig: Reading permissions from /product/etc/permissions/com.google.android.gsf.xml
01-26 18:55:59.567  1492  1521 I SystemConfig: Reading permissions from /product/etc/permissions/com.android.settings.intelligence.xml
01-26 18:55:59.567  1492  1521 I SystemConfig: Non-xml file /product/etc/permissions/GoogleContacts.prop in /product/etc/permissions directory, ignoring
01-26 18:55:59.567  1492  1521 I SystemConfig: Non-xml file /product/etc/permissions/GooglePlayStore.prop in /product/etc/permissions directory, ignoring
01-26 18:55:59.567  1492  1521 I SystemConfig: Non-xml file /product/etc/permissions/AndroidMigratePrebuilt.prop in /product/etc/permissions directory, ignoring
01-26 18:55:59.567  1492  1521 I SystemConfig: Non-xml file /product/etc/permissions/Gmail.prop in /product/etc/permissions directory, ignoring
01-26 18:55:59.567  1492  1521 I SystemConfig: Reading permissions from /product/etc/permissions/com.google.android.googlequicksearchbox.xml
01-26 18:55:59.568  1492  1521 I SystemConfig: Non-xml file /product/etc/permissions/GoogleServicesFramework.prop in /product/etc/permissions directory, ignoring
01-26 18:55:59.568  1492  1521 I SystemConfig: Non-xml file /product/etc/permissions/QuickAccessWallet.prop in /product/etc/permissions directory, ignoring
01-26 18:55:59.568  1492  1521 I SystemConfig: Reading permissions from /product/etc/permissions/com.google.android.gms.xml
01-26 18:55:59.570  1492  1521 I SystemConfig: Non-xml file /product/etc/permissions/DigitalWellbeing.prop in /product/etc/permissions directory, ignoring
01-26 18:55:59.570  1492  1521 I SystemConfig: Reading permissions from /product/etc/permissions/com.google.android.setupwizard.xml
01-26 18:55:59.570  1492  1521 I SystemConfig: Reading permissions from /product/etc/permissions/com.google.android.as.xml
01-26 18:55:59.571  1492  1521 I SystemConfig: Non-xml file /product/etc/permissions/MarkupGoogle.prop in /product/etc/permissions directory, ignoring
01-26 18:55:59.571  1492  1521 I SystemConfig: Reading permissions from /product/etc/permissions/privapp-permissions-hotword.xml
01-26 18:55:59.571  1492  1521 I SystemConfig: Reading permissions from /product/etc/permissions/com.google.android.apps.maps.xml
01-26 18:55:59.572  1492  1521 I SystemConfig: Non-xml file /product/etc/permissions/SetupWizard.prop in /product/etc/permissions directory, ignoring
01-26 18:55:59.572  1492  1521 I SystemConfig: Non-xml file /product/etc/permissions/GoogleContactsSyncAdapter.prop in /product/etc/permissions directory, ignoring
01-26 18:55:59.572  1492  1521 I SystemConfig: Non-xml file /product/etc/permissions/GoogleRestore.prop in /product/etc/permissions directory, ignoring
01-26 18:55:59.572  1492  1521 I SystemConfig: Non-xml file /product/etc/permissions/GoogleClock.prop in /product/etc/permissions directory, ignoring
01-26 18:55:59.572  1492  1521 I SystemConfig: Reading permissions from /product/etc/permissions/com.google.android.apps.wellbeing.xml
01-26 18:55:59.573  1492  1521 I SystemConfig: Reading permissions from /product/etc/permissions/com.android.dialer.xml
01-26 18:55:59.573  1492  1521 I SystemConfig: Non-xml file /product/etc/permissions/GoogleCalendar.prop in /product/etc/permissions directory, ignoring
01-26 18:55:59.573  1492  1521 I SystemConfig: Reading permissions from /product/etc/permissions/com.google.android.partnersetup.xml
01-26 18:55:59.574  1492  1521 I SystemConfig: Reading permissions from /product/etc/permissions/com.google.android.maps.xml
01-26 18:55:59.574  1492  1521 I SystemConfig: Non-xml file /product/etc/permissions/CarrierServices.prop in /product/etc/permissions directory, ignoring
01-26 18:55:59.574  1492  1521 I SystemConfig: Non-xml file /product/etc/permissions/DocumentsUIGoogle.prop in /product/etc/permissions directory, ignoring
01-26 18:55:59.574  1492  1521 I SystemConfig: Reading permissions from /product/etc/permissions/com.google.android.ims.xml
01-26 18:55:59.575  1492  1521 I SystemConfig: Reading permissions from /product/etc/permissions/com.google.android.contacts.xml
01-26 18:55:59.577  1492  1521 I SystemConfig: Reading permissions from /product/etc/permissions/privapp-permissions-google-product.xml
01-26 18:55:59.579  1492  1521 I SystemConfig: Non-xml file /product/etc/permissions/GBoard.prop in /product/etc/permissions directory, ignoring
01-26 18:55:59.579  1492  1521 I SystemConfig: Non-xml file /product/etc/permissions/GoogleFiles.prop in /product/etc/permissions directory, ignoring
01-26 18:55:59.579  1492  1521 I SystemConfig: Non-xml file /product/etc/permissions/DevicePersonalizationServices.prop in /product/etc/permissions directory, ignoring
01-26 18:55:59.579  1492  1521 I SystemConfig: Reading permissions from /product/etc/permissions/privapp-permissions-google-comms-suite.xml
01-26 18:55:59.580  1492  1521 I SystemConfig: Non-xml file /product/etc/permissions/GoogleMessages.prop in /product/etc/permissions directory, ignoring
01-26 18:55:59.580  1492  1521 I SystemConfig: Non-xml file /product/etc/permissions/GooglePartnerSetup.prop in /product/etc/permissions directory, ignoring
01-26 18:55:59.580  1492  1521 I SystemConfig: Reading permissions from /product/etc/permissions/com.android.contacts.xml
01-26 18:55:59.581  1492  1521 I SystemConfig: Non-xml file /product/etc/permissions/GooglePhotos.prop in /product/etc/permissions directory, ignoring
01-26 18:55:59.581  1492  1521 I SystemConfig: Non-xml file /product/etc/permissions/GoogleCalendarSyncAdapter.prop in /product/etc/permissions directory, ignoring
01-26 18:55:59.581  1492  1521 I SystemConfig: Reading permissions from /product/etc/permissions/com.google.android.apps.turbo.xml
01-26 18:55:59.582  1492  1521 I SystemConfig: Reading permissions from /product/etc/permissions/com.google.android.documentsui.xml
01-26 18:55:59.583  1492  1521 I SystemConfig: Reading permissions from /product/etc/permissions/com.google.android.apps.recorder.xml
01-26 18:55:59.584  1492  1521 I SystemConfig: Reading permissions from /product/etc/permissions/privapp-permissions-google-p.xml
01-26 18:55:59.586  1492  1521 I SystemConfig: Reading permissions from /product/etc/permissions/privapp-permissions-google-system-ext.xml
01-26 18:55:59.586  1492  1521 I SystemConfig: Reading permissions from /product/etc/permissions/com.google.android.apps.restore.xml
01-26 18:55:59.587  1492  1521 I SystemConfig: Reading permissions from /product/etc/permissions/com.google.android.calendar.xml
01-26 18:55:59.587  1492  1521 I SystemConfig: Reading permissions from /product/etc/permissions/NikGapps-privapp-permissions-google.xml
01-26 18:55:59.588  1492  1521 I SystemConfig: Reading permissions from /product/etc/permissions/com.google.android.dialer.xml
01-26 18:55:59.589  1492  1521 I SystemConfig: Reading permissions from /product/etc/permissions/privapp_whitelist_org.lineageos.eleven.xml
01-26 18:55:59.590  1492  1521 I SystemConfig: Reading permissions from /system_ext/etc/sysconfig/hiddenapi-whitelist-com.google.android.apps.nexuslauncher.xml
01-26 18:55:59.593  1492  1521 I SystemConfig: Reading permissions from /system_ext/etc/permissions/com.google.android.apps.nexuslauncher.xml
01-26 18:55:59.595  1492  1521 I SystemConfig: Non-xml file /system_ext/etc/permissions/StorageManager.prop in /system_ext/etc/permissions directory, ignoring
01-26 18:55:59.595  1492  1521 I SystemConfig: Reading permissions from /system_ext/etc/permissions/com.android.settings.xml
01-26 18:55:59.596  1492  1521 I SystemConfig: Reading permissions from /system_ext/etc/permissions/com.android.carrierconfig.xml
01-26 18:55:59.596  1492  1521 I SystemConfig: Reading permissions from /system_ext/etc/permissions/com.google.android.apps.wallpaper.xml
01-26 18:55:59.597  1492  1521 I SystemConfig: Non-xml file /system_ext/etc/permissions/PixelSetupWizard.prop in /system_ext/etc/permissions directory, ignoring
01-26 18:55:59.597  1492  1521 I SystemConfig: Reading permissions from /system_ext/etc/permissions/com.google.android.pixel.setupwizard.xml
01-26 18:55:59.597  1492  1521 I SystemConfig: Non-xml file /system_ext/etc/permissions/GoogleWallpaper.prop in /system_ext/etc/permissions directory, ignoring
01-26 18:55:59.598  1492  1521 I SystemConfig: Reading permissions from /system_ext/etc/permissions/privapp_whitelist_org.lineageos.snap.xml
01-26 18:55:59.598  1492  1521 I SystemConfig: Reading permissions from /system_ext/etc/permissions/com.google.android.feedback.xml
01-26 18:55:59.599  1492  1521 I SystemConfig: Reading permissions from /system_ext/etc/permissions/privapp_whitelist_org.lineageos.setupwizard.xml
01-26 18:55:59.599  1492  1521 I SystemConfig: Non-xml file /system_ext/etc/permissions/PixelLauncher.prop in /system_ext/etc/permissions directory, ignoring
01-26 18:55:59.599  1492  1521 I SystemConfig: Non-xml file /system_ext/etc/permissions/GoogleOneTimeInitializer.prop in /system_ext/etc/permissions directory, ignoring
01-26 18:55:59.599  1492  1521 I SystemConfig: Non-xml file /system_ext/etc/permissions/GoogleFeedback.prop in /system_ext/etc/permissions directory, ignoring
01-26 18:55:59.600  1492  1521 I SystemConfig: Reading permissions from /system_ext/etc/permissions/com.android.emergency.xml
01-26 18:55:59.600  1492  1521 I SystemConfig: Reading permissions from /system_ext/etc/permissions/com.android.systemui.xml
01-26 18:55:59.601  1492  1521 I SystemConfig: Reading permissions from /system_ext/etc/permissions/com.google.android.storagemanager.xml
01-26 18:55:59.602  1492  1521 I SystemConfig: Reading permissions from /system_ext/etc/permissions/com.android.storagemanager.xml
01-26 18:55:59.602  1492  1521 I SystemConfig: Reading permissions from /system_ext/etc/permissions/com.android.launcher3.xml
01-26 18:55:59.603  1492  1521 I SystemConfig: Reading permissions from /system_ext/etc/permissions/privapp_whitelist_com.android.wallpaper.xml
01-26 18:55:59.603  1492  1521 I SystemConfig: Reading permissions from /system_ext/etc/permissions/com.google.android.onetimeinitializer.xml
01-26 18:55:59.604  1492  1521 I SystemConfig: Reading permissions from /system_ext/etc/permissions/privapp-permissions-com.google.android.apps.nexuslauncher.xml
01-26 18:55:59.606  1492  1521 I SystemConfig: Reading permissions from /apex/com.android.ipsec/etc/permissions/android.net.ipsec.ike.xml
01-26 18:55:59.607  1492  1521 D SystemConfig: readAllPermissions took to complete: 115ms
01-26 18:55:59.607  1492  1521 D SystemServerInitThreadPool: Finished executing ReadingSystemConfig
01-26 18:55:59.608  1492  1521 D SystemServerTimingAsync: InitThreadPoolExec:ReadingSystemConfig took to complete: 115ms
01-26 18:55:59.612  1492  1492 E libpsi  : No kernel psi monitor support (errno=2)
01-26 18:55:59.612  1492  1492 E LowMemDetector: Failed to register psi trigger
01-26 18:55:59.617  1321  1321 I ServiceManager: Waiting for service 'package_native' on '/dev/binder'...
01-26 18:55:59.627  1026  1026 I ServiceManager: Waiting for service 'statscompanion' on '/dev/binder'...
01-26 18:55:59.627  1308  1331 I ServiceManager: Waiting for service 'package_native' on '/dev/binder'...
01-26 18:55:59.633  1492  1492 D BatteryStatsImpl: Reading daily items from /data/system/batterystats-daily.xml
01-26 18:55:59.642   907   907 I hwservicemanager: getTransport: Cannot find entry android.hardware.power.stats@1.0::IPowerStats/default in either framework or device manifest.
01-26 18:55:59.643  1492  1548 I BatteryStatsService: Using power HAL
01-26 18:55:59.643  1492  1548 E BatteryStatsService: Unable to load Power.Stats.HAL. Setting rail availability to false
01-26 18:55:59.644  1492  1548 E BluetoothAdapter: Bluetooth binder is null
01-26 18:55:59.646  1492  1548 I KernelCpuUidFreqTimeReader: mPerClusterTimesAvailable=true
01-26 18:55:59.648  1492  1548 W KernelCpuUidFreqTimeBpfMapReader: Failed to start tracking
01-26 18:55:59.648  1492  1548 W KernelCpuUidActiveTimeBpfMapReader: Failed to start tracking
01-26 18:55:59.649  1492  1548 W KernelCpuUidClusterTimeBpfMapReader: Failed to start tracking
01-26 18:55:59.664   904   904 I servicemanager: getDeviceHalManifest: Reading VINTF information.
01-26 18:55:59.666   904   904 I servicemanager: getDeviceHalManifest: Successfully processed VINTF information
01-26 18:55:59.666   904   904 I servicemanager: getFrameworkHalManifest: Reading VINTF information.
01-26 18:55:59.667   904   904 I servicemanager: getFrameworkHalManifest: Successfully processed VINTF information
01-26 18:55:59.667   904   904 E servicemanager: Could not find android.hardware.power.IPower/default in the VINTF manifest.
01-26 18:55:59.701  1116  1116 D audio_hw_utils: audio_extn_utils_open_snd_mixer: retry, retry_num 2
01-26 18:55:59.717  1321  1321 I ServiceManager: Waiting for service 'package_native' on '/dev/binder'...
01-26 18:55:59.728  1026  1026 I ServiceManager: Waiting for service 'statscompanion' on '/dev/binder'...
01-26 18:55:59.729  1308  1331 I ServiceManager: Waiting for service 'package_native' on '/dev/binder'...
01-26 18:55:59.749  1492  1492 I IntentFirewall: Read new rules (A:0 B:0 S:0)
01-26 18:55:59.752  1334  1334 I ServiceManagement: Registered vendor.samsung.hardware.radio.channel@2.0::ISehChannel/imsd (start delay of 1552ms)
01-26 18:55:59.752  1334  1334 I ServiceManagement: Registered vendor.samsung.hardware.radio.channel@2.0::ISehChannel/epdgd (start delay of 1552ms)
01-26 18:55:59.758  1334  1334 I ServiceManagement: Registered android.hardware.radio@1.4::IRadio/slot1 (start delay of 1558ms)
01-26 18:55:59.759  1492  1492 W libprocessgroup: Failed to remove /acct/uid_1023: Permission denied
01-26 18:55:59.763  1492  1492 D AppOps  : AppOpsService published
01-26 18:55:59.763  1334  1334 I ServiceManagement: Registered vendor.samsung.hardware.radio@2.1::ISehRadio/slot1 (start delay of 1563ms)
01-26 18:55:59.764  1334  1334 I ServiceManagement: Registered vendor.samsung.hardware.radio.bridge@2.0::ISehBridge/slot1 (start delay of 1564ms)
01-26 18:55:59.764  1492  1492 D SystemServerTiming: StartActivityManager took to complete: 233ms
01-26 18:55:59.764  1492  1492 I SystemServerTiming: StartDataLoaderManagerService
01-26 18:55:59.764  1492  1492 I SystemServiceManager: Starting com.android.server.pm.DataLoaderManagerService
01-26 18:55:59.764  1334  1334 I ServiceManagement: Registered android.hardware.radio.config@1.1::IRadioConfig/default (start delay of 1564ms)
01-26 18:55:59.765  1492  1492 D SystemServerTiming: StartDataLoaderManagerService took to complete: 0ms
01-26 18:55:59.765  1492  1492 I SystemServerTiming: StartIncrementalService
01-26 18:55:59.765  1492  1492 D SystemServerTiming: StartIncrementalService took to complete: 0ms
01-26 18:55:59.765  1492  1492 I SystemServerTiming: StartPowerManager
01-26 18:55:59.765  1492  1492 I SystemServiceManager: Starting com.android.server.power.PowerManagerService
01-26 18:55:59.765  1334  1334 I ServiceManagement: Registered android.hardware.radio@1.2::ISap/slot1 (start delay of 1565ms)
01-26 18:55:59.777   907   907 I hw-BpHwBinder: onLastStrongRef automatically unlinking death recipients
01-26 18:55:59.781  1133  1133 E QCOM PowerHAL: Failed to acquire lock.
01-26 18:55:59.782  1133  1133 I QTI PowerHAL: Got set_interactive hint on= 1, count= 1
01-26 18:55:59.782  1133  1133 E QCOM PowerHAL: Error opening /proc/touchpanel/double_tap_enable: No such file or directory
01-26 18:55:59.784  1492  1492 D SystemServerTiming: StartPowerManager took to complete: 18ms
01-26 18:55:59.784  1492  1492 I SystemServerTiming: StartThermalManager
01-26 18:55:59.784  1492  1492 I SystemServiceManager: Starting com.android.server.power.ThermalManagerService
01-26 18:55:59.785  1492  1492 D SystemServerTiming: StartThermalManager took to complete: 1ms
01-26 18:55:59.785  1492  1492 I SystemServerTiming: InitPowerManagement
01-26 18:55:59.786  1492  1492 D SystemServerTiming: InitPowerManagement took to complete: 0ms
01-26 18:55:59.786  1492  1492 I SystemServerTiming: StartRecoverySystemService
01-26 18:55:59.786  1492  1492 I SystemServiceManager: Starting com.android.server.recoverysystem.RecoverySystemService$Lifecycle
01-26 18:55:59.787  1492  1492 D SystemServerTiming: StartRecoverySystemService took to complete: 1ms
01-26 18:55:59.787  1492  1492 I PackageWatchdog: Syncing state, reason: added new observer
01-26 18:55:59.787  1492  1492 I PackageWatchdog: Not pruning observers, elapsed time: 0ms
01-26 18:55:59.787  1492  1492 I PackageWatchdog: Cancelling state sync, nothing to sync
01-26 18:55:59.787  1492  1522 I PackageWatchdog: Saving observer state to file
01-26 18:55:59.788  1492  1492 I SystemServerTiming: StartLightsService
01-26 18:55:59.788  1492  1492 I SystemServiceManager: Starting com.android.server.lights.LightsService
01-26 18:55:59.791   904   904 E servicemanager: Could not find android.hardware.light.ILights/default in the VINTF manifest.
01-26 18:55:59.793  1492  1492 D SystemServerTiming: StartLightsService took to complete: 5ms
01-26 18:55:59.793  1492  1492 I SystemServerTiming: StartSidekickService
01-26 18:55:59.794  1492  1492 D SystemServerTiming: StartSidekickService took to complete: 0ms
01-26 18:55:59.794  1492  1492 I SystemServerTiming: StartDisplayManager
01-26 18:55:59.794  1492  1492 I SystemServiceManager: Starting com.android.server.display.DisplayManagerService
01-26 18:55:59.801  1208  1244 W DisplayIdentification: Invalid EDID: falling back to serial number due to missing display name.
01-26 18:55:59.801  1208  1244 W DisplayIdentification: Invalid EDID: falling back to ASCII text due to missing serial number.
01-26 18:55:59.801  1127  1193 I SDM     : HWCDisplay::GetColorModeCount: Supported color mode count = 1
01-26 18:55:59.801  1127  1193 I SDM     : HWCDisplay::GetColorModes: Supports color mode[0] = 0
01-26 18:55:59.802  1208  1244 E HWComposer: getSupportedContentTypes: getSupportedContentTypes failed for display 19261213734341249: Unsupported (8)
01-26 18:55:59.802  1492  1492 D SystemServerTiming: StartDisplayManager took to complete: 9ms
01-26 18:55:59.802  1492  1492 I SystemServerTiming: WaitForDisplay
01-26 18:55:59.802  1492  1492 I SystemServiceManager: Starting phase 100
01-26 18:55:59.802  1492  1492 I SystemServerTiming: OnBootPhase_100
01-26 18:55:59.802  1492  1492 I SystemServerTiming: OnBootPhase_100_com.android.server.security.FileIntegrityService
01-26 18:55:59.802  1492  1492 D SystemServerTiming: OnBootPhase_100_com.android.server.security.FileIntegrityService took to complete: 0ms
01-26 18:55:59.802  1492  1492 I SystemServerTiming: OnBootPhase_100_com.android.server.pm.Installer
01-26 18:55:59.802  1492  1492 D SystemServerTiming: OnBootPhase_100_com.android.server.pm.Installer took to complete: 0ms
01-26 18:55:59.802  1134  1172 I sensors-hal: discover_sensors:600, accel                  1
01-26 18:55:59.802  1492  1492 I SystemServerTiming: OnBootPhase_100_com.android.server.os.DeviceIdentifiersPolicyService
01-26 18:55:59.802  1492  1492 D SystemServerTiming: OnBootPhase_100_com.android.server.os.DeviceIdentifiersPolicyService took to complete: 0ms
01-26 18:55:59.802  1134  1172 I sensors-hal: discover_sensors:600, wake_up_motion         1
01-26 18:55:59.802  1492  1492 I SystemServerTiming: OnBootPhase_100_com.android.server.uri.UriGrantsManagerService$Lifecycle
01-26 18:55:59.802  1134  1172 I sensors-hal: discover_sensors:600, pressure               1
01-26 18:55:59.802  1492  1492 D SystemServerTiming: OnBootPhase_100_com.android.server.uri.UriGrantsManagerService$Lifecycle took to complete: 0ms
01-26 18:55:59.802  1134  1172 I sensors-hal: discover_sensors:600, resampler              1
01-26 18:55:59.803  1492  1492 I SystemServerTiming: OnBootPhase_100_com.android.server.wm.ActivityTaskManagerService$Lifecycle
01-26 18:55:59.803  1134  1172 I sensors-hal: discover_sensors:600, mag                    1
01-26 18:55:59.803  1492  1492 D SystemServerTiming: OnBootPhase_100_com.android.server.wm.ActivityTaskManagerService$Lifecycle took to complete: 0ms
01-26 18:55:59.803  1134  1172 I sensors-hal: discover_sensors:600, gravity                1
01-26 18:55:59.803  1492  1492 I SystemServerTiming: OnBootPhase_100_com.android.server.am.ActivityManagerService$Lifecycle
01-26 18:55:59.803  1134  1172 I sensors-hal: discover_sensors:600, ambient_light          1
01-26 18:55:59.803  1134  1172 I sensors-hal: discover_sensors:600, gyro                   1
01-26 18:55:59.803  1492  1492 D SystemServerTiming: OnBootPhase_100_com.android.server.am.ActivityManagerService$Lifecycle took to complete: 0ms
01-26 18:55:59.803  1134  1172 I sensors-hal: discover_sensors:600, gyro_cal               1
01-26 18:55:59.803  1492  1492 I SystemServerTiming: OnBootPhase_100_com.android.server.pm.DataLoaderManagerService
01-26 18:55:59.803  1134  1172 I sensors-hal: discover_sensors:600, smd                    1
01-26 18:55:59.803  1492  1492 D SystemServerTiming: OnBootPhase_100_com.android.server.pm.DataLoaderManagerService took to complete: 0ms
01-26 18:55:59.803  1134  1172 I sensors-hal: discover_sensors:600, psmd                   1
01-26 18:55:59.803  1492  1492 I SystemServerTiming: OnBootPhase_100_com.android.server.power.PowerManagerService
01-26 18:55:59.803  1134  1172 I sensors-hal: discover_sensors:600, rotv                   1
01-26 18:55:59.803  1492  1492 D SystemServerTiming: OnBootPhase_100_com.android.server.power.PowerManagerService took to complete: 0ms
01-26 18:55:59.803  1134  1172 I sensors-hal: discover_sensors:600, interrupt_gyro         1
01-26 18:55:59.803  1492  1492 I SystemServerTiming: OnBootPhase_100_com.android.server.power.ThermalManagerService
01-26 18:55:59.803  1134  1172 I sensors-hal: discover_sensors:600, mag_cal                1
01-26 18:55:59.803  1492  1492 D SystemServerTiming: OnBootPhase_100_com.android.server.power.ThermalManagerService took to complete: 0ms
01-26 18:55:59.803  1134  1172 I sensors-hal: discover_sensors:600, step_counter           1
