01-26 18:56:01.263  1492  1515 W system_server: Method Lcom/android/settingslib/widget/ActionBarShadowController$ScrollChangeWatcher;.updateDropShadow is abstract, but the declaring class is neither abstract nor an interface in dex file /system/priv-app/LineageParts/LineageParts.apk
01-26 18:56:01.263  1492  1515 W system_server: Method Lcom/android/settingslib/widget/BarChartInfo;.getBarViewInfos is abstract, but the declaring class is neither abstract nor an interface in dex file /system/priv-app/LineageParts/LineageParts.apk
01-26 18:56:01.263  1492  1515 W system_server: Method Lcom/android/settingslib/widget/BarChartInfo;.getDetails is abstract, but the declaring class is neither abstract nor an interface in dex file /system/priv-app/LineageParts/LineageParts.apk
01-26 18:56:01.263  1492  1515 W system_server: Method Lcom/android/settingslib/widget/BarChartInfo;.getDetailsOnClickListener is abstract, but the declaring class is neither abstract nor an interface in dex file /system/priv-app/LineageParts/LineageParts.apk
01-26 18:56:01.263  1492  1515 W system_server: Method Lcom/android/settingslib/widget/BarChartInfo;.getEmptyText is abstract, but the declaring class is neither abstract nor an interface in dex file /system/priv-app/LineageParts/LineageParts.apk
01-26 18:56:01.263  1492  1515 W system_server: Method Lcom/android/settingslib/widget/BarChartInfo;.getTitle is abstract, but the declaring class is neither abstract nor an interface in dex file /system/priv-app/LineageParts/LineageParts.apk
01-26 18:56:01.263  1492  1515 W system_server: Method Lcom/android/settingslib/widget/BarViewInfo;.getClickListener is abstract, but the declaring class is neither abstract nor an interface in dex file /system/priv-app/LineageParts/LineageParts.apk
01-26 18:56:01.263  1492  1515 W system_server: Method Lcom/android/settingslib/widget/BarViewInfo;.getContentDescription is abstract, but the declaring class is neither abstract nor an interface in dex file /system/priv-app/LineageParts/LineageParts.apk
01-26 18:56:01.263  1492  1515 W system_server: Method Lcom/android/settingslib/widget/BarViewInfo;.getHeight is abstract, but the declaring class is neither abstract nor an interface in dex file /system/priv-app/LineageParts/LineageParts.apk
01-26 18:56:01.264  1492  1515 W system_server: Method Lcom/android/settingslib/widget/BarViewInfo;.getIcon is abstract, but the declaring class is neither abstract nor an interface in dex file /system/priv-app/LineageParts/LineageParts.apk
01-26 18:56:01.264  1492  1515 W system_server: Method Lcom/android/settingslib/widget/BarViewInfo;.getNormalizedHeight is abstract, but the declaring class is neither abstract nor an interface in dex file /system/priv-app/LineageParts/LineageParts.apk
01-26 18:56:01.264  1492  1515 W system_server: Method Lcom/android/settingslib/widget/BarViewInfo;.getSummary is abstract, but the declaring class is neither abstract nor an interface in dex file /system/priv-app/LineageParts/LineageParts.apk
01-26 18:56:01.264  1492  1515 W system_server: Method Lcom/android/settingslib/widget/BarViewInfo;.getTitle is abstract, but the declaring class is neither abstract nor an interface in dex file /system/priv-app/LineageParts/LineageParts.apk
01-26 18:56:01.264  1492  1515 W system_server: Method Lcom/android/settingslib/widget/BarViewInfo;.setNormalizedHeight is abstract, but the declaring class is neither abstract nor an interface in dex file /system/priv-app/LineageParts/LineageParts.apk
01-26 18:56:01.264  1492  1515 W system_server: Method Lcom/android/settingslib/wifi/WifiEntryPreference$IconInjector;.getIcon is abstract, but the declaring class is neither abstract nor an interface in dex file /system/priv-app/LineageParts/LineageParts.apk
01-26 18:56:01.264  1492  1515 W system_server: Method Lcom/android/wifitrackerlib/ScanResultUpdater;.getScanResults is abstract, but the declaring class is neither abstract nor an interface in dex file /system/priv-app/LineageParts/LineageParts.apk
01-26 18:56:01.264  1492  1515 W system_server: Method Lcom/android/wifitrackerlib/ScanResultUpdater;.update is abstract, but the declaring class is neither abstract nor an interface in dex file /system/priv-app/LineageParts/LineageParts.apk
01-26 18:56:01.265  1492  1515 W system_server: Method Landroidx/loader/app/LoaderManagerImpl$LoaderObserver;.dump is abstract, but the declaring class is neither abstract nor an interface in dex file /system/priv-app/LineageParts/LineageParts.apk
01-26 18:56:01.265  1492  1515 W system_server: Method Landroidx/loader/app/LoaderManagerImpl$LoaderObserver;.hasDeliveredData is abstract, but the declaring class is neither abstract nor an interface in dex file /system/priv-app/LineageParts/LineageParts.apk
01-26 18:56:01.265  1492  1515 W system_server: Method Landroidx/loader/app/LoaderManagerImpl$LoaderObserver;.reset is abstract, but the declaring class is neither abstract nor an interface in dex file /system/priv-app/LineageParts/LineageParts.apk
01-26 18:56:01.269  1492  1492 D SystemServerTiming: WindowManagerServiceOnInitReady took to complete: 61ms
01-26 18:56:01.269  1492  1492 I SystemServerTiming: StartVrManagerService
01-26 18:56:01.269  1492  1492 I SystemServiceManager: Starting com.android.server.vr.VrManagerService
01-26 18:56:01.270  1492  1666 I SystemServerTimingAsync: InitThreadPoolExec:StartHidlServices
01-26 18:56:01.270  1492  1666 D SystemServerInitThreadPool: Started executing StartHidlServices
01-26 18:56:01.270  1492  1666 I SystemServerTimingAsync: StartHidlServices
01-26 18:56:01.272  1139  1139 D VrHALImpl: Entering vr_init
01-26 18:56:01.272  1139  1139 D VrHALImpl: Entering load_thermal_client
01-26 18:56:01.274  1492  1492 D SystemServerTiming: StartVrManagerService took to complete: 5ms
01-26 18:56:01.274  1492  1492 I SystemServerTiming: StartInputManager
01-26 18:56:01.274  1492  1492 I InputManager: Starting input manager
01-26 18:56:01.275  1492  1666 I HidlServiceManagement: Registered android.frameworks.sensorservice@1.0::ISensorManager/default
01-26 18:56:01.276  1492  1492 I InputManager: Enabling motion classifier because just booted: feature enabled, long press timeout = 400
01-26 18:56:01.276  1492  1492 I InputClassifier: Enabling motion classifier
01-26 18:56:01.276  1492  1668 D EventHub: No input device configuration file found for device 'qpnp_pon'.
01-26 18:56:01.277  1492  1492 D SystemServerTiming: StartInputManager took to complete: 3ms
01-26 18:56:01.277  1492  1492 I SystemServerTiming: DisplayManagerWindowManagerAndInputReady
01-26 18:56:01.277  1492  1492 D SystemServerTiming: DisplayManagerWindowManagerAndInputReady took to complete: 0ms
01-26 18:56:01.277  1492  1492 I SystemServerTiming: StartBluetoothService
01-26 18:56:01.277  1492  1492 I SystemServiceManager: Starting com.android.server.BluetoothService
01-26 18:56:01.277  1492  1666 I HidlServiceManagement: Registered android.frameworks.schedulerservice@1.0::ISchedulingPolicyService/default
01-26 18:56:01.279   907   907 I hwservicemanager: getTransport: Cannot find entry android.hardware.input.classifier@1.0::IInputClassifier/default in either framework or device manifest.
01-26 18:56:01.279  1492  1669 I InputClassifier: Could not obtain InputClassifier HAL
01-26 18:56:01.279  1492  1666 I HidlServiceManagement: Registered android.frameworks.stats@1.0::IStats/default
01-26 18:56:01.279  1492  1666 D SystemServerTimingAsync: StartHidlServices took to complete: 9ms
01-26 18:56:01.279  1492  1666 D SystemServerInitThreadPool: Finished executing StartHidlServices
01-26 18:56:01.279  1492  1666 D SystemServerTimingAsync: InitThreadPoolExec:StartHidlServices took to complete: 9ms
01-26 18:56:01.281  1492  1492 D BluetoothManagerService: Loading stored name and address
01-26 18:56:01.281  1492  1492 D BluetoothManagerService: Stored bluetooth Name=Samsung Galaxy,Address=A8:2B:B9:64:A9:0D
01-26 18:56:01.281  1492  1492 D BluetoothManagerService: Bluetooth persisted state: 1
01-26 18:56:01.281  1492  1492 D BluetoothManagerService: Startup: Bluetooth persisted state is ON.
01-26 18:56:01.282  1492  1492 D BluetoothManagerService: Detected SystemUiUid: 10178
01-26 18:56:01.282  1492  1492 D SystemServerTiming: StartBluetoothService took to complete: 5ms
01-26 18:56:01.282  1492  1492 I SystemServerTiming: IpConnectivityMetrics
01-26 18:56:01.282  1492  1492 I SystemServiceManager: Starting com.android.server.connectivity.IpConnectivityMetrics
01-26 18:56:01.283  1492  1492 D SystemServerTiming: IpConnectivityMetrics took to complete: 1ms
01-26 18:56:01.283  1492  1492 I SystemServerTiming: NetworkWatchlistService
01-26 18:56:01.283  1492  1492 I SystemServiceManager: Starting com.android.server.net.watchlist.NetworkWatchlistService$Lifecycle
01-26 18:56:01.283  1492  1668 W EventHub: Unable to disable kernel key repeat for /dev/input/event0: Function not implemented
01-26 18:56:01.284  1492  1668 I EventHub: usingClockIoctl=true
01-26 18:56:01.284  1492  1668 I EventHub: New device: id=1, fd=141, path='/dev/input/event0', name='qpnp_pon', classes=0x1, configuration='', keyLayout='/system/usr/keylayout/Generic.kl', keyCharacterMap='/system/usr/keychars/Generic.kcm', builtinKeyboard=false, 
01-26 18:56:01.284  1492  1668 D EventHub: No input device configuration file found for device 'hrm_sensor'.
01-26 18:56:01.284  1492  1668 D EventHub: No input device configuration file found for device 'meta_event'.
01-26 18:56:01.284  1492  1668 D EventHub: No input device configuration file found for device 'sec_touchscreen'.
01-26 18:56:01.285  1492  1668 W EventHub: Unable to disable kernel key repeat for /dev/input/event2: Function not implemented
01-26 18:56:01.285  1492  1668 I EventHub: usingClockIoctl=true
01-26 18:56:01.285  1492  1668 I EventHub: New device: id=4, fd=142, path='/dev/input/event2', name='sec_touchscreen', classes=0x15, configuration='', keyLayout='/system/usr/keylayout/sec_touchscreen.kl', keyCharacterMap='/system/usr/keychars/Generic.kcm', builtinKeyboard=false, 
01-26 18:56:01.285  1492  1668 D EventHub: No input device configuration file found for device 'sec_touchpad'.
01-26 18:56:01.285  1492  1492 I WatchlistSettings: Reload watchlist settings done
01-26 18:56:01.286  1492  1670 I WatchlistLoggingHandler: No need to aggregate record yet.
01-26 18:56:01.287  1492  1670 I WatchlistLoggingHandler: Milliseconds spent on tryAggregateRecords(): 1
01-26 18:56:01.287  1492  1492 D SystemServerTiming: NetworkWatchlistService took to complete: 4ms
01-26 18:56:01.287  1492  1492 I SystemServerTiming: PinnerService
01-26 18:56:01.287  1492  1492 I SystemServiceManager: Starting com.android.server.PinnerService
01-26 18:56:01.287  1492  1668 W EventHub: Unable to disable kernel key repeat for /dev/input/event3: Function not implemented
01-26 18:56:01.287  1492  1668 I EventHub: usingClockIoctl=true
01-26 18:56:01.287  1492  1668 I EventHub: New device: id=5, fd=146, path='/dev/input/event3', name='sec_touchpad', classes=0x15, configuration='', keyLayout='/system/usr/keylayout/Generic.kl', keyCharacterMap='/system/usr/keychars/Generic.kcm', builtinKeyboard=false, 
01-26 18:56:01.287  1492  1668 D EventHub: No input device configuration file found for device 'hall'.
01-26 18:56:01.287  1492  1668 I EventHub: usingClockIoctl=true
01-26 18:56:01.287  1492  1668 I EventHub: New device: id=6, fd=145, path='/dev/input/event6', name='hall', classes=0x80, configuration='', keyLayout='', keyCharacterMap='', builtinKeyboard=false, 
01-26 18:56:01.287  1492  1668 D EventHub: No input device configuration file found for device 'certify_hall'.
01-26 18:56:01.287  1492  1668 I EventHub: usingClockIoctl=true
01-26 18:56:01.287  1492  1668 I EventHub: New device: id=7, fd=147, path='/dev/input/event7', name='certify_hall', classes=0x80, configuration='', keyLayout='', keyCharacterMap='', builtinKeyboard=false, 
01-26 18:56:01.287  1492  1668 D EventHub: No input device configuration file found for device 'gpio_keys'.
01-26 18:56:01.288  1492  1492 E HistoricalRegistry: Interaction before persistence initialized
01-26 18:56:01.290  1492  1492 D SystemServerTiming: PinnerService took to complete: 2ms
01-26 18:56:01.290  1492  1492 I SystemServerTiming: IorapForwardingService
01-26 18:56:01.290  1492  1492 I SystemServiceManager: Starting com.google.android.startop.iorap.IorapForwardingService
01-26 18:56:01.290  1492  1522 D PinnerService: pinRangeStream: null
01-26 18:56:01.290  1492  1668 W EventHub: Unable to disable kernel key repeat for /dev/input/event5: Function not implemented
01-26 18:56:01.290  1492  1668 I EventHub: usingClockIoctl=true
01-26 18:56:01.291  1492  1668 I EventHub: New device: id=8, fd=148, path='/dev/input/event5', name='gpio_keys', classes=0x1, configuration='', keyLayout='/system/usr/keylayout/gpio_keys.kl', keyCharacterMap='/system/usr/keychars/Generic.kcm', builtinKeyboard=false, 
01-26 18:56:01.293  1492  1668 I InputReader: Device added: id=-1, eventHubId=-1, name='Virtual', descriptor='a718a782d34bc767f4689c232d64d527998ea7fd',sources=0x00000301
01-26 18:56:01.293  1492  1668 I InputReader: Device added: id=2, eventHubId=8, name='gpio_keys', descriptor='485d69228e24f5e46da1598745890b214130dbc4',sources=0x00000101
01-26 18:56:01.293  1492  1668 I InputReader: Device added: id=3, eventHubId=7, name='certify_hall', descriptor='5a992b125b028d8005f2be21d193b9e73694f332',sources=0x80000000
01-26 18:56:01.293  1492  1668 I InputReader: Device added: id=4, eventHubId=6, name='hall', descriptor='2786157a00c35a5b99a9677f95108b156b14eb18',sources=0x80000000
01-26 18:56:01.293  1492  1668 W InputReader: Can't find designated display viewport with ID 0 for pointers.
01-26 18:56:01.293  1492  1668 I InputReader: Touch device 'sec_touchpad' could not query the properties of its associated display.  The device will be inoperable until the display size becomes available.
01-26 18:56:01.293  1492  1668 I InputReader: Device added: id=5, eventHubId=5, name='sec_touchpad', descriptor='6bb78087f323d376bc537679f3f2a4c034fb4659',sources=0x00002103
01-26 18:56:01.293  1492  1668 I InputReader: Touch device 'sec_touchscreen' could not query the properties of its associated display.  The device will be inoperable until the display size becomes available.
01-26 18:56:01.294  1492  1668 I InputReader: Device added: id=6, eventHubId=4, name='sec_touchscreen', descriptor='0fa9d3d0d40f7f5b316320876742e00ad5eb1ba9',sources=0x00001103
01-26 18:56:01.294  1492  1668 I InputReader: Device added: id=7, eventHubId=1, name='qpnp_pon', descriptor='fb60d4f4370f5dbe8267b63d38dea852987571ab',sources=0x00000101
01-26 18:56:01.300  1492  1492 D SystemServerTiming: IorapForwardingService took to complete: 10ms
01-26 18:56:01.300  1492  1492 I SystemServerTiming: SignedConfigService
01-26 18:56:01.301  1492  1492 D SystemServerTiming: SignedConfigService took to complete: 0ms
01-26 18:56:01.301  1492  1492 I SystemServerTiming: AppIntegrityService
01-26 18:56:01.301  1492  1492 I SystemServiceManager: Starting com.android.server.integrity.AppIntegrityManagerService
01-26 18:56:01.302  1492  1492 E IntegrityFileManager: Error creating staging and rules directory
01-26 18:56:01.305  1116  1156 D audio_hw_utils: audio_extn_utils_open_snd_mixer: retry, retry_num 3
01-26 18:56:01.308  1492  1492 D SystemServerTiming: AppIntegrityService took to complete: 7ms
01-26 18:56:01.309  1492  1492 I WindowManager: SAFE MODE not enabled
01-26 18:56:01.309  1492  1492 I SystemServerTiming: StartInputMethodManagerLifecycle
01-26 18:56:01.309  1492  1492 I SystemServiceManager: Starting com.android.server.inputmethod.InputMethodManagerService$Lifecycle
01-26 18:56:01.311  1492  1492 D SystemServerTiming: StartInputMethodManagerLifecycle took to complete: 2ms
01-26 18:56:01.312  1492  1492 I SystemServerTiming: StartAccessibilityManagerService
01-26 18:56:01.312  1492  1492 I SystemServiceManager: Starting com.android.server.accessibility.AccessibilityManagerService$Lifecycle
01-26 18:56:01.314  1492  1522 D PinnerService: pinRangeStream: null
01-26 18:56:01.319  1492  1492 D SystemServerTiming: StartAccessibilityManagerService took to complete: 7ms
01-26 18:56:01.319  1492  1492 I SystemServerTiming: MakeDisplayReady
01-26 18:56:01.320  1492  1492 W InputReader: Device sec_touchscreen is associated with display ADISPLAY_ID_NONE.
01-26 18:56:01.320  1492  1492 W InputReader: Device sec_touchpad is associated with display ADISPLAY_ID_NONE.
01-26 18:56:01.321  1492  1492 W InputReader: Device sec_touchscreen is associated with display ADISPLAY_ID_NONE.
01-26 18:56:01.321  1492  1492 W InputReader: Device sec_touchpad is associated with display ADISPLAY_ID_NONE.
01-26 18:56:01.323  1492  1492 I ActivityTaskManager: Config changes=20005df8 {1.0 ?mcc?mnc [en_CA] ldltr sw480dp w480dp h914dp 480dpi lrg long port ?uimode ?night -touch -keyb/h/h -nav/h winConfig={ mBounds=Rect(0, 0 - 1440, 2960) mAppBounds=Rect(0, 0 - 1440, 2816) mWindowingMode=fullscreen mDisplayWindowingMode=fullscreen mActivityType=undefined mAlwaysOnTop=undefined mRotation=ROTATION_0} s.2}
01-26 18:56:01.326  1492  1492 I WindowManager: Override config changes=60007dfc {1.0 ?mcc?mnc [en_CA] ldltr sw480dp w480dp h914dp 480dpi lrg long port ?uimode ?night -touch -keyb/h/h -nav/h winConfig={ mBounds=Rect(0, 0 - 1440, 2960) mAppBounds=Rect(0, 0 - 1440, 2816) mWindowingMode=fullscreen mDisplayWindowingMode=fullscreen mActivityType=undefined mAlwaysOnTop=undefined mRotation=ROTATION_0} s.2} for displayId=0
01-26 18:56:01.330  1492  1492 W InputReader: Device sec_touchscreen is associated with display ADISPLAY_ID_NONE.
01-26 18:56:01.330  1492  1492 W InputReader: Device sec_touchpad is associated with display ADISPLAY_ID_NONE.
01-26 18:56:01.331  1492  1492 I ActivityTaskManager: Config changes=8 {1.0 ?mcc?mnc [en_CA] ldltr sw480dp w480dp h914dp 480dpi lrg long port ?uimode ?night finger -keyb/h/h -nav/h winConfig={ mBounds=Rect(0, 0 - 1440, 2960) mAppBounds=Rect(0, 0 - 1440, 2816) mWindowingMode=fullscreen mDisplayWindowingMode=fullscreen mActivityType=undefined mAlwaysOnTop=undefined mRotation=ROTATION_0} s.4}
01-26 18:56:01.335  1032  1032 W Zygote  : Class not found for preloading: android.inputmethodservice.-$$Lambda$InputMethodService$TvVfWDKZ3ljQdrU87qYykg6uD-I
01-26 18:56:01.337  1492  1492 I WindowManager: Override config changes=8 {1.0 ?mcc?mnc [en_CA] ldltr sw480dp w480dp h914dp 480dpi lrg long port ?uimode ?night finger -keyb/h/h -nav/h winConfig={ mBounds=Rect(0, 0 - 1440, 2960) mAppBounds=Rect(0, 0 - 1440, 2816) mWindowingMode=fullscreen mDisplayWindowingMode=fullscreen mActivityType=undefined mAlwaysOnTop=undefined mRotation=ROTATION_0} s.4} for displayId=0
01-26 18:56:01.339  1492  1492 D SystemServerTiming: MakeDisplayReady took to complete: 20ms
01-26 18:56:01.339  1492  1492 I SystemServerTiming: StartStorageManagerService
01-26 18:56:01.339  1492  1492 I SystemServiceManager: Starting com.android.server.StorageManagerService$Lifecycle
01-26 18:56:01.341  1492  1517 I InputManager-JNI: Viewport [0] to add: local:19261213734341249, isActive: true
01-26 18:56:01.341     0     0 I [4:           init:    1] init: processing action (sys.sysctl.extra_free_kbytes=*) from (/system/etc/init/hw/init.rc:990)
01-26 18:56:01.342  1492  1668 I InputReader: Reconfiguring input devices, changes=DISPLAY_INFO | 
01-26 18:56:01.350  1026  1026 I ServiceManager: Waiting for service 'statscompanion' on '/dev/binder'...
01-26 18:56:01.352  1299  1636 D installd: Found quota mount /dev/block/bootdevice/by-name/userdata at /data
01-26 18:56:01.352  1299  1636 D installd: Found quota mount /dev/block/bootdevice/by-name/userdata at /data/user/0
01-26 18:56:01.356  1492  1672 D StorageManagerService: Thinking about init, mBootCompleted=false, mDaemonConnected=true
01-26 18:56:01.356  1492  1672 D StorageManagerService: Thinking about reset, mBootCompleted=false, mDaemonConnected=true
01-26 18:56:01.357  1492  1672 D StorageManagerService: Thinking about init, mBootCompleted=false, mDaemonConnected=true
01-26 18:56:01.357  1492  1672 D StorageManagerService: Thinking about reset, mBootCompleted=false, mDaemonConnected=true
01-26 18:56:01.357  1492  1492 D SystemServerTiming: StartStorageManagerService took to complete: 18ms
01-26 18:56:01.357  1492  1492 I SystemServerTiming: StartStorageStatsService
01-26 18:56:01.357  1492  1492 I SystemServiceManager: Starting com.android.server.usage.StorageStatsService$Lifecycle
01-26 18:56:01.359  1299  1314 D installd: Found quota mount /dev/block/bootdevice/by-name/userdata at /data
01-26 18:56:01.359  1299  1314 D installd: Found quota mount /dev/block/bootdevice/by-name/userdata at /data/user/0
01-26 18:56:01.360  1299  1635 D installd: Found quota mount /dev/block/bootdevice/by-name/userdata at /data
01-26 18:56:01.360  1299  1635 D installd: Found quota mount /dev/block/bootdevice/by-name/userdata at /data/user/0
01-26 18:56:01.361  1032  1032 I zygote  : Thread[1,tid=1032,Native,Thread*=0xebb01c10,peer=0x12c801e8,"main"] recursive attempt to load library "libmedia_jni.so"
01-26 18:56:01.362  1032  1032 I zygote  : Thread[1,tid=1032,Native,Thread*=0xebb01c10,peer=0x12c801e8,"main"] recursive attempt to load library "libmedia_jni.so"
01-26 18:56:01.362  1032  1032 D MtpDeviceJNI: register_android_mtp_MtpDevice
01-26 18:56:01.362  1032  1032 I zygote  : Thread[1,tid=1032,Native,Thread*=0xebb01c10,peer=0x12c801e8,"main"] recursive attempt to load library "libmedia_jni.so"
01-26 18:56:01.362  1032  1032 I zygote  : Thread[1,tid=1032,Native,Thread*=0xebb01c10,peer=0x12c801e8,"main"] recursive attempt to load library "libmedia_jni.so"
01-26 18:56:01.367  1492  1492 D SystemServerTiming: StartStorageStatsService took to complete: 10ms
01-26 18:56:01.367  1492  1492 I SystemServerTiming: StartUiModeManager
01-26 18:56:01.367  1492  1492 I SystemServiceManager: Starting com.android.server.UiModeManagerService
01-26 18:56:01.369  1032  1032 W Zygote  : Class not found for preloading: android.media.MediaRouter$Static$Client$1
01-26 18:56:01.369  1032  1032 W Zygote  : Class not found for preloading: android.media.MediaRouter$Static$Client$2
01-26 18:56:01.370  1492  1492 D SystemServerTiming: StartUiModeManager took to complete: 3ms
01-26 18:56:01.370  1492  1492 I SystemServerTiming: UpdatePackagesIfNeeded
01-26 18:56:01.370  1492  1492 I Watchdog: Pausing HandlerChecker: main thread for reason: dexopt. Pause count: 1
01-26 18:56:01.370  1492  1492 I Watchdog: Resuming HandlerChecker: main thread for reason: dexopt. Pause count: 0
01-26 18:56:01.370  1492  1492 D SystemServerTiming: UpdatePackagesIfNeeded took to complete: 0ms
01-26 18:56:01.370  1492  1492 I SystemServerTiming: PerformFstrimIfNeeded
01-26 18:56:01.371  1492  1492 D SystemServerTiming: PerformFstrimIfNeeded took to complete: 1ms
01-26 18:56:01.371  1492  1492 I SystemServerTiming: StartLockSettingsService
01-26 18:56:01.371  1492  1492 I SystemServiceManager: Starting com.android.server.locksettings.LockSettingsService$Lifecycle
01-26 18:56:01.372  1492  1668 I InputReader: Device reconfigured: id=5, name='sec_touchpad', size 1440x2960, orientation 0, mode 4, display id 0
01-26 18:56:01.372  1492  1668 I InputReader: Device reconfigured: id=6, name='sec_touchscreen', size 1440x2960, orientation 0, mode 1, display id 0
01-26 18:56:01.372  1492  1673 I SystemServerTimingAsync: InitThreadPoolExec:UiModeManager.onStart
01-26 18:56:01.372  1492  1673 D SystemServerInitThreadPool: Started executing UiModeManager.onStart
01-26 18:56:01.389  1492  1673 D SystemServerInitThreadPool: Finished executing UiModeManager.onStart
01-26 18:56:01.389  1492  1673 D SystemServerTimingAsync: InitThreadPoolExec:UiModeManager.onStart took to complete: 17ms
01-26 18:56:01.392  1492  1522 D PinnerService: pinRangeStream: null
01-26 18:56:01.394  1492  1492 D SystemServerTiming: StartLockSettingsService took to complete: 23ms
01-26 18:56:01.395  1492  1492 I SystemServerTiming: StartPersistentDataBlock
01-26 18:56:01.395  1492  1492 I SystemServiceManager: Starting com.android.server.PersistentDataBlockService
01-26 18:56:01.395  1492  1492 D SystemServerTiming: StartPersistentDataBlock took to complete: 1ms
01-26 18:56:01.395  1492  1492 I SystemServerTiming: StartTestHarnessMode
01-26 18:56:01.395  1492  1492 I SystemServiceManager: Starting com.android.server.testharness.TestHarnessModeService
01-26 18:56:01.395  1492  1675 I SystemServerTimingAsync: InitThreadPoolExec:PersistentDataBlockService.onStart
01-26 18:56:01.395  1492  1675 D SystemServerInitThreadPool: Started executing PersistentDataBlockService.onStart
01-26 18:56:01.396  1032  1032 W Zygote  : Class not found for preloading: android.net.shared.Inet4AddressUtils
01-26 18:56:01.396  1032  1032 W Zygote  : Class not found for preloading: android.net.shared.InetAddressUtils
01-26 18:56:01.396  1492  1492 D SystemServerTiming: StartTestHarnessMode took to complete: 1ms
01-26 18:56:01.396  1492  1492 I SystemServerTiming: StartOemLockService
01-26 18:56:01.396  1492  1492 I SystemServiceManager: Starting com.android.server.oemlock.OemLockService
01-26 18:56:01.398   907   907 I hwservicemanager: getTransport: Cannot find entry android.hardware.oemlock@1.0::IOemLock/default in either framework or device manifest.
01-26 18:56:01.398  1492  1492 I OemLock : OemLock HAL not present on device
01-26 18:56:01.398  1492  1492 I OemLock : Using persistent data block based lock
01-26 18:56:01.400  1492  1492 D SystemServerTiming: StartOemLockService took to complete: 4ms
01-26 18:56:01.400  1492  1492 I SystemServerTiming: StartDeviceIdleController
01-26 18:56:01.401  1492  1492 I SystemServiceManager: Starting com.android.server.DeviceIdleController
01-26 18:56:01.405  1492  1492 D SystemServerTiming: StartDeviceIdleController took to complete: 4ms
01-26 18:56:01.405  1492  1492 I SystemServerTiming: StartDevicePolicyManager
01-26 18:56:01.405  1492  1492 I SystemServiceManager: Starting com.android.server.devicepolicy.DevicePolicyManagerService$Lifecycle
01-26 18:56:01.415  1492  1675 D SystemServerInitThreadPool: Finished executing PersistentDataBlockService.onStart
01-26 18:56:01.416  1492  1675 D SystemServerTimingAsync: InitThreadPoolExec:PersistentDataBlockService.onStart took to complete: 21ms
01-26 18:56:01.427  1032  1032 W Zygote  : Class not found for preloading: android.telephony.ims.stub.-$$Lambda$ImsRegistrationImplBase$wwtkoeOtGwMjG5I0-ZTfjNpGU-s
01-26 18:56:01.436  1492  1492 I DevicePolicyManager: Set ro.organization_owned property to false
01-26 18:56:01.438  1492  1492 D SystemServerTiming: StartDevicePolicyManager took to complete: 33ms
01-26 18:56:01.438  1492  1492 I SystemServerTiming: StartStatusBarManagerService
01-26 18:56:01.438  1032  1032 W Zygote  : Class not found for preloading: android.view.-$$Lambda$cZhmLzK8aetUdx4VlP9w5jR7En0
01-26 18:56:01.439  1492  1492 D SystemServerTiming: StartStatusBarManagerService took to complete: 1ms
01-26 18:56:01.439  1492  1492 I SystemServerTiming: StartContentCaptureService
01-26 18:56:01.441  1492  1492 I SystemServiceManager: Starting com.android.server.contentcapture.ContentCaptureManagerService
01-26 18:56:01.442  1492  1492 I ContentCaptureHelper: Setting logging level to DEBUG
01-26 18:56:01.442  1492  1492 D ContentCaptureManagerService: log history size: 20
01-26 18:56:01.443  1492  1492 D SystemServerTiming: StartContentCaptureService took to complete: 4ms
01-26 18:56:01.444  1492  1492 I SystemServerTiming: StartAttentionManagerService
01-26 18:56:01.444  1492  1492 I SystemServiceManager: Starting com.android.server.attention.AttentionManagerService
01-26 18:56:01.445  1032  1032 W Zygote  : Class not found for preloading: android.view.autofill.-$$Lambda$AutofillManager$AutofillManagerClient$vxNm6RuuD-r5pkiSxNSBBd1w_Qc
01-26 18:56:01.445  1492  1492 D SystemServerTiming: StartAttentionManagerService took to complete: 1ms
01-26 18:56:01.445  1492  1492 I SystemServerTiming: StartSystemCaptionsManagerService
01-26 18:56:01.445  1032  1032 W Zygote  : Class not found for preloading: android.view.contentcapture.-$$Lambda$MainContentCaptureSession$1$JPRO-nNGZpgXrKr4QC_iQiTbQx0
01-26 18:56:01.445  1032  1032 W Zygote  : Class not found for preloading: android.view.contentcapture.-$$Lambda$MainContentCaptureSession$1$Xhq3WJibbalS1G_W3PRC2m7muhM
01-26 18:56:01.445  1492  1492 I SystemServiceManager: Starting com.android.server.systemcaptions.SystemCaptionsManagerService
01-26 18:56:01.446  1492  1492 D SystemServerTiming: StartSystemCaptionsManagerService took to complete: 0ms
01-26 18:56:01.446  1492  1492 I SystemServerTiming: StartAppPredictionService
01-26 18:56:01.446  1032  1032 W Zygote  : Class not found for preloading: android.view.contentcapture.MainContentCaptureSession$1
01-26 18:56:01.446  1492  1492 I SystemServiceManager: Starting com.android.server.appprediction.AppPredictionManagerService
01-26 18:56:01.449  1492  1522 D PinnerService: pinRangeStream: null
01-26 18:56:01.450  1492  1492 D SystemServerTiming: StartAppPredictionService took to complete: 4ms
01-26 18:56:01.450  1492  1492 I SystemServerTiming: StartContentSuggestionsService
01-26 18:56:01.451  1492  1492 I SystemServiceManager: Starting com.android.server.contentsuggestions.ContentSuggestionsManagerService
01-26 18:56:01.451  1026  1026 I ServiceManager: Waiting for service 'statscompanion' on '/dev/binder'...
01-26 18:56:01.457  1492  1492 D SystemServerTiming: StartContentSuggestionsService took to complete: 7ms
01-26 18:56:01.457  1492  1492 I SystemServerTiming: InitConnectivityModuleConnector
01-26 18:56:01.457  1492  1492 D ConnectivityModuleConnector: Network stack init
01-26 18:56:01.458  1492  1492 D SystemServerTiming: InitConnectivityModuleConnector took to complete: 1ms
01-26 18:56:01.458  1492  1492 I SystemServerTiming: InitNetworkStackClient
01-26 18:56:01.459  1492  1492 D SystemServerTiming: InitNetworkStackClient took to complete: 1ms
01-26 18:56:01.459  1492  1492 I SystemServerTiming: StartNetworkManagementService
01-26 18:56:01.460  1032  1032 W Zygote  : Class not found for preloading: com.android.internal.infra.-$$Lambda$T7zIZMFnvwrmtbuTMXLaZHHp-9s
01-26 18:56:01.460  1032  1032 W Zygote  : Class not found for preloading: com.android.internal.infra.-$$Lambda$XuWfs8-IsKaNygi8YjlVGjedkIw
01-26 18:56:01.460  1032  1032 W Zygote  : Class not found for preloading: com.android.internal.infra.-$$Lambda$qN_gooelzsUiBhYWznXKzb-8_wA
01-26 18:56:01.460  1032  1032 W Zygote  : Class not found for preloading: com.android.internal.infra.-$$Lambda$rAXGjry3wPGKviARzTYfDiY7xrs
01-26 18:56:01.467  1032  1032 W Zygote  : Class not found for preloading: com.android.internal.telephony.-$$Lambda$SubscriptionController$VCQsMNqRHpN3RyoXYzh2YUwA2yc
01-26 18:56:01.468  1032  1032 W Zygote  : Class not found for preloading: com.android.internal.telephony.-$$Lambda$SubscriptionController$u5xE-urXR6ElZ50305_6guo20Fc
01-26 18:56:01.471  1492  1522 D PinnerService: pinRangeStream: null
01-26 18:56:01.472  1492  1522 E PinnerService: Could not pin file /system/framework/arm64/boot.oat
01-26 18:56:01.472  1492  1522 E PinnerService: android.system.ErrnoException: open failed: ENOENT (No such file or directory)
01-26 18:56:01.472  1492  1522 E PinnerService: 	at libcore.io.Linux.open(Native Method)
01-26 18:56:01.472  1492  1522 E PinnerService: 	at libcore.io.ForwardingOs.open(ForwardingOs.java:166)
01-26 18:56:01.472  1492  1522 E PinnerService: 	at libcore.io.BlockGuardOs.open(BlockGuardOs.java:254)
01-26 18:56:01.472  1492  1522 E PinnerService: 	at android.system.Os.open(Os.java:412)
01-26 18:56:01.472  1492  1522 E PinnerService: 	at com.android.server.PinnerService.pinFileRanges(PinnerService.java:841)
01-26 18:56:01.472  1492  1522 E PinnerService: 	at com.android.server.PinnerService.pinFile(PinnerService.java:714)
01-26 18:56:01.472  1492  1522 E PinnerService: 	at com.android.server.PinnerService.handlePinOnStart(PinnerService.java:287)
01-26 18:56:01.472  1492  1522 E PinnerService: 	at com.android.server.PinnerService.access$1400(PinnerService.java:87)
01-26 18:56:01.472  1492  1522 E PinnerService: 	at com.android.server.PinnerService$PinnerHandler.handleMessage(PinnerService.java:1049)
01-26 18:56:01.472  1492  1522 E PinnerService: 	at android.os.Handler.dispatchMessage(Handler.java:106)
01-26 18:56:01.472  1492  1522 E PinnerService: 	at android.os.Looper.loop(Looper.java:223)
01-26 18:56:01.472  1492  1522 E PinnerService: 	at android.os.HandlerThread.run(HandlerThread.java:67)
01-26 18:56:01.472  1492  1522 E PinnerService: Failed to pin file = /system/framework/arm64/boot.oat
01-26 18:56:01.472  1492  1522 D PinnerService: pinRangeStream: null
01-26 18:56:01.472  1492  1522 E PinnerService: Could not pin file /system/framework/arm64/boot-core-libart.oat
01-26 18:56:01.472  1492  1522 E PinnerService: android.system.ErrnoException: open failed: ENOENT (No such file or directory)
01-26 18:56:01.472  1492  1522 E PinnerService: 	at libcore.io.Linux.open(Native Method)
01-26 18:56:01.472  1492  1522 E PinnerService: 	at libcore.io.ForwardingOs.open(ForwardingOs.java:166)
01-26 18:56:01.472  1492  1522 E PinnerService: 	at libcore.io.BlockGuardOs.open(BlockGuardOs.java:254)
01-26 18:56:01.472  1492  1522 E PinnerService: 	at android.system.Os.open(Os.java:412)
01-26 18:56:01.472  1492  1522 E PinnerService: 	at com.android.server.PinnerService.pinFileRanges(PinnerService.java:841)
01-26 18:56:01.472  1492  1522 E PinnerService: 	at com.android.server.PinnerService.pinFile(PinnerService.java:714)
01-26 18:56:01.472  1492  1522 E PinnerService: 	at com.android.server.PinnerService.handlePinOnStart(PinnerService.java:287)
01-26 18:56:01.472  1492  1522 E PinnerService: 	at com.android.server.PinnerService.access$1400(PinnerService.java:87)
01-26 18:56:01.472  1492  1522 E PinnerService: 	at com.android.server.PinnerService$PinnerHandler.handleMessage(PinnerService.java:1049)
01-26 18:56:01.472  1492  1522 E PinnerService: 	at android.os.Handler.dispatchMessage(Handler.java:106)
01-26 18:56:01.472  1492  1522 E PinnerService: 	at android.os.Looper.loop(Looper.java:223)
01-26 18:56:01.472  1492  1522 E PinnerService: 	at android.os.HandlerThread.run(HandlerThread.java:67)
01-26 18:56:01.473  1492  1522 E PinnerService: Failed to pin file = /system/framework/arm64/boot-core-libart.oat
01-26 18:56:01.473  1492  1522 D PinnerService: pinRangeStream: null
01-26 18:56:01.474  1492  1492 D SystemServerTiming: StartNetworkManagementService took to complete: 15ms
01-26 18:56:01.474  1492  1492 I SystemServerTiming: StartIpSecService
01-26 18:56:01.475  1492  1522 D PinnerService: pinRangeStream: null
01-26 18:56:01.476  1492  1492 D SystemServerTiming: StartIpSecService took to complete: 2ms
01-26 18:56:01.476  1492  1492 I SystemServerTiming: StartTextServicesManager
01-26 18:56:01.476  1492  1492 I SystemServiceManager: Starting com.android.server.textservices.TextServicesManagerService$Lifecycle
01-26 18:56:01.477  1492  1522 D PinnerService: pinRangeStream: null
01-26 18:56:01.477  1492  1492 D SystemServerTiming: StartTextServicesManager took to complete: 1ms
01-26 18:56:01.477  1492  1492 I SystemServerTiming: StartTextClassificationManagerService
01-26 18:56:01.478  1492  1492 I SystemServiceManager: Starting com.android.server.textclassifier.TextClassificationManagerService$Lifecycle
01-26 18:56:01.479  1492  1492 D SystemServerTiming: StartTextClassificationManagerService took to complete: 2ms
01-26 18:56:01.479  1492  1492 I SystemServerTiming: StartNetworkScoreService
01-26 18:56:01.479  1492  1492 I SystemServiceManager: Starting com.android.server.NetworkScoreService$Lifecycle
01-26 18:56:01.479  1492  1492 I NetworkScoreService: Registering network_score
01-26 18:56:01.485  1492  1522 D PinnerService: pinRangeStream: null
01-26 18:56:01.485  1492  1492 D SystemServerTiming: StartNetworkScoreService took to complete: 6ms
01-26 18:56:01.485  1492  1492 I SystemServerTiming: StartNetworkStatsService
01-26 18:56:01.488  1492  1492 D SystemServerTiming: StartNetworkStatsService took to complete: 3ms
01-26 18:56:01.488  1492  1492 I SystemServerTiming: StartNetworkPolicyManagerService
01-26 18:56:01.491  1492  1492 D SystemServerTiming: StartNetworkPolicyManagerService took to complete: 3ms
01-26 18:56:01.491  1492  1492 I SystemServerTiming: StartWifi
01-26 18:56:01.493  1032  1032 D ziparchive: Zip: EOCD not found, /system/system_ext/overlay/PixelSetupWizardOverlayActiveEdge.apk is not zip
01-26 18:56:01.493  1032  1032 E zygote  : Failed to open APK '/system/system_ext/overlay/PixelSetupWizardOverlayActiveEdge.apk' Invalid file
01-26 18:56:01.493  1032  1032 W OverlayConfig: Got exception loading overlay.
01-26 18:56:01.493  1032  1032 W OverlayConfig: android.content.pm.PackageParser$PackageParserException: Failed to parse /system/system_ext/overlay/PixelSetupWizardOverlayActiveEdge.apk
01-26 18:56:01.493  1032  1032 W OverlayConfig: 	at android.content.pm.PackageParser.parseApkLiteInner(PackageParser.java:1449)
01-26 18:56:01.493  1032  1032 W OverlayConfig: 	at android.content.pm.PackageParser.parseApkLite(PackageParser.java:1420)
01-26 18:56:01.493  1032  1032 W OverlayConfig: 	at com.android.internal.content.om.OverlayScanner.parseOverlayManifest(OverlayScanner.java:128)
01-26 18:56:01.493  1032  1032 W OverlayConfig: 	at com.android.internal.content.om.OverlayScanner.scanDir(OverlayScanner.java:115)
01-26 18:56:01.493  1032  1032 W OverlayConfig: 	at com.android.internal.content.om.OverlayConfigParser.getConfigurations(OverlayConfigParser.java:201)
01-26 18:56:01.493  1032  1032 W OverlayConfig: 	at com.android.internal.content.om.OverlayConfig.<init>(OverlayConfig.java:128)
01-26 18:56:01.493  1032  1032 W OverlayConfig: 	at com.android.internal.content.om.OverlayConfig.getZygoteInstance(OverlayConfig.java:194)
01-26 18:56:01.493  1032  1032 W OverlayConfig: 	at android.content.res.AssetManager.createSystemAssetsInZygoteLocked(AssetManager.java:243)
01-26 18:56:01.493  1032  1032 W OverlayConfig: 	at android.content.res.AssetManager.getSystem(AssetManager.java:268)
01-26 18:56:01.493  1032  1032 W OverlayConfig: 	at android.content.res.Resources.<init>(Resources.java:338)
01-26 18:56:01.493  1032  1032 W OverlayConfig: 	at android.content.res.Resources.getSystem(Resources.java:228)
01-26 18:56:01.493  1032  1032 W OverlayConfig: 	at com.android.internal.telephony.GsmAlphabet.enableCountrySpecificEncodings(GsmAlphabet.java:1090)
01-26 18:56:01.493  1032  1032 W OverlayConfig: 	at com.android.internal.telephony.GsmAlphabet.<clinit>(GsmAlphabet.java:1495)
01-26 18:56:01.493  1032  1032 W OverlayConfig: 	at java.lang.Class.classForName(Native Method)
01-26 18:56:01.493  1032  1032 W OverlayConfig: 	at java.lang.Class.forName(Class.java:454)
01-26 18:56:01.493  1032  1032 W OverlayConfig: 	at com.android.internal.os.ZygoteInit.preloadClasses(ZygoteInit.java:302)
01-26 18:56:01.493  1032  1032 W OverlayConfig: 	at com.android.internal.os.ZygoteInit.preload(ZygoteInit.java:134)
01-26 18:56:01.493  1032  1032 W OverlayConfig: 	at com.android.internal.os.ZygoteInit.lazyPreload(ZygoteInit.java:164)
01-26 18:56:01.493  1032  1032 W OverlayConfig: 	at com.android.internal.os.ZygoteConnection.preload(ZygoteConnection.java:430)
01-26 18:56:01.493  1032  1032 W OverlayConfig: 	at com.android.internal.os.ZygoteConnection.handlePreload(ZygoteConnection.java:330)
01-26 18:56:01.493  1032  1032 W OverlayConfig: 	at com.android.internal.os.ZygoteConnection.processOneCommand(ZygoteConnection.java:163)
01-26 18:56:01.493  1032  1032 W OverlayConfig: 	at com.android.internal.os.ZygoteServer.runSelectLoop(ZygoteServer.java:550)
01-26 18:56:01.493  1032  1032 W OverlayConfig: 	at com.android.internal.os.ZygoteInit.main(ZygoteInit.java:934)
01-26 18:56:01.507  1492  1492 I SystemServiceManager: Starting com.android.server.wifi.WifiService
01-26 18:56:01.513  1492  1492 V NetworkScoreManager: registerNetworkScoreCallback: callback=com.android.server.wifi.WifiNetworkScoreCache@691ecc2, executor=com.android.wifi.x.android.os.HandlerExecutor@2511ad3
01-26 18:56:01.551  1026  1026 I ServiceManager: Waiting for service 'statscompanion' on '/dev/binder'...
01-26 18:56:01.559  1492  1522 D PinnerService: pinRangeStream: null
01-26 18:56:01.586  1492  1492 D WifiCountryCode: mDefaultCountryCode null
01-26 18:56:01.589  1492  1492 I WifiContext: Found Wifi Resources APK at: com.android.wifi.resources
01-26 18:56:01.604  1492  1522 I chatty  : uid=1000(system) android.bg identical 1 line
01-26 18:56:01.611  1492  1522 D PinnerService: pinRangeStream: null
01-26 18:56:01.627  1032  1032 W Zygote  : Class not found for preloading: com.android.internal.telephony.IccSmsInterfaceManager$2
01-26 18:56:01.630  1492  1492 D WifiOpenNetworkNotifier: Settings toggle enabled=true
01-26 18:56:01.631  1032  1032 W Zygote  : Class not found for preloading: com.android.internal.telephony.dataconnection.DcTracker$5
01-26 18:56:01.635  1032  1032 W Zygote  : Class not found for preloading: com.android.internal.widget.-$$Lambda$gPQuiuEDuOmrh2MixBcV6a5gu5s
01-26 18:56:01.636  1032  1032 W Zygote  : Class not found for preloading: com.android.internal.widget.LockPatternUtils$2
01-26 18:56:01.643  1492  1492 W HalDevMgr: isWifiStarted called but mWifi is null!?
01-26 18:56:01.643  1492  1492 W HalDevMgr: isWifiStarted called but mWifi is null!?
01-26 18:56:01.645  1492  1492 D WakeupController: WifiWake enabled
01-26 18:56:01.645  1492  1492 E HistoricalRegistry: Interaction before persistence initialized
01-26 18:56:01.646  1492  1492 E WifiClientModeImpl: getWifiLinkLayerStats called without an interface
01-26 18:56:01.648  1492  1522 D PinnerService: pinRangeStream: null
01-26 18:56:01.650  1492  1522 D PinnerService: pinRangeStream: null
01-26 18:56:01.652  1026  1026 I ServiceManager: Waiting for service 'statscompanion' on '/dev/binder'...
01-26 18:56:01.656  1492  1492 I WifiService: Registering wifi
01-26 18:56:01.657  1492  1492 D SystemServerTiming: StartWifi took to complete: 166ms
01-26 18:56:01.657  1492  1492 I SystemServerTiming: StartWifiScanning
01-26 18:56:01.657  1492  1492 I SystemServiceManager: Starting com.android.server.wifi.scanner.WifiScanningService
01-26 18:56:01.657  1492  1492 I WifiScanningService: Creating wifiscanner
01-26 18:56:01.659  1492  1492 I WifiScanningService: Publishing wifiscanner
01-26 18:56:01.660  1492  1492 D SystemServerTiming: StartWifiScanning took to complete: 3ms
01-26 18:56:01.660  1492  1492 I SystemServerTiming: StartWifiAware
01-26 18:56:01.660  1492  1492 I SystemServiceManager: Starting com.android.server.wifi.aware.WifiAwareService
01-26 18:56:01.662  1492  1492 I WifiAwareService: Registering wifiaware
01-26 18:56:01.670  1492  1492 D SystemServerTiming: StartWifiAware took to complete: 10ms
01-26 18:56:01.670  1492  1492 I SystemServerTiming: StartWifiP2P
01-26 18:56:01.671  1492  1492 I SystemServiceManager: Starting com.android.server.wifi.p2p.WifiP2pService
01-26 18:56:01.677  1032  1032 I Zygote  : ...preloaded 12103 classes in 639ms.
01-26 18:56:01.677  1032  1032 I zygote  : VMRuntime.preloadDexCaches starting
01-26 18:56:01.680  1492  1492 W HalDevMgr: isWifiStarted called but mWifi is null!?
01-26 18:56:01.680  1492  1492 I WifiP2pService: Registering wifip2p
01-26 18:56:01.686  1492  1492 D SystemServerTiming: StartWifiP2P took to complete: 16ms
01-26 18:56:01.686  1492  1492 I SystemServerTiming: StartEthernet
01-26 18:56:01.686  1492  1492 I SystemServiceManager: Starting com.android.server.ethernet.EthernetService
01-26 18:56:01.687  1492  1492 I EthernetService: Registering service ethernet
01-26 18:56:01.687  1492  1492 D SystemServerTiming: StartEthernet took to complete: 1ms
01-26 18:56:01.687  1492  1492 I SystemServerTiming: StartConnectivityService
01-26 18:56:01.694  1032  1032 I zygote  : VMRuntime.preloadDexCaches strings total=363183 before=11017 after=11017
01-26 18:56:01.694  1032  1032 I zygote  : VMRuntime.preloadDexCaches types total=41003 before=11229 after=11404
01-26 18:56:01.694  1032  1032 I zygote  : VMRuntime.preloadDexCaches fields total=174284 before=14196 after=15086
01-26 18:56:01.694  1032  1032 I zygote  : VMRuntime.preloadDexCaches methods total=316755 before=18080 after=18080
01-26 18:56:01.694  1032  1032 I zygote  : VMRuntime.preloadDexCaches finished
01-26 18:56:01.694  1032  1032 D ZygoteInitTiming_lazy: PreloadClasses took to complete: 657ms
01-26 18:56:01.697  1032  1032 I zygote  : The ClassLoaderContext is a special shared library.
01-26 18:56:01.699  1032  1032 D ApplicationLoaders: Created zygote-cached class loader: /system/framework/android.hidl.base-V1.0-java.jar
01-26 18:56:01.701  1032  1032 I zygote  : The ClassLoaderContext is a special shared library.
01-26 18:56:01.702  1116  1116 D audio_hw_utils: audio_extn_utils_open_snd_mixer: retry, retry_num 4
01-26 18:56:01.703  1032  1032 D ApplicationLoaders: Created zygote-cached class loader: /system/framework/android.hidl.manager-V1.0-java.jar
01-26 18:56:01.704  1492  1492 D ConnectivityService: ConnectivityService starting up
01-26 18:56:01.705  1032  1032 I zygote  : The ClassLoaderContext is a special shared library.
01-26 18:56:01.707  1032  1032 D ApplicationLoaders: Created zygote-cached class loader: /system/framework/android.test.base.jar
01-26 18:56:01.707  1032  1032 D ZygoteInitTiming_lazy: CacheNonBootClasspathClassLoaders took to complete: 13ms
01-26 18:56:01.707  1032  1032 I Zygote  : Preloading resources...
01-26 18:56:01.709  1492  1492 D ConnectivityService: wifiOnly=false
01-26 18:56:01.711  1492  1492 D CompatibilityChangeReporter: Compat change id reported: 147600208; UID 1000; state: ENABLED
01-26 18:56:01.713  1032  1032 W Resources: Preloaded drawable resource #0x108028d (android:drawable/dialog_background_material) that varies with configuration!!
01-26 18:56:01.721  1032  1032 I Zygote  : ...preloaded 64 resources in 14ms.
01-26 18:56:01.723  1032  1032 I Zygote  : ...preloaded 41 resources in 2ms.
01-26 18:56:01.724  1032  1032 D ZygoteInitTiming_lazy: PreloadResources took to complete: 17ms
01-26 18:56:01.724  1492  1492 D SystemServerTiming: StartConnectivityService took to complete: 37ms
01-26 18:56:01.724  1492  1492 I SystemServerTiming: StartNsdService
01-26 18:56:01.725  1492  1492 D NsdService: Network service discovery is enabled
01-26 18:56:01.729  1492  1492 D SystemServerTiming: StartNsdService took to complete: 5ms
01-26 18:56:01.729  1492  1492 I SystemServerTiming: StartSystemUpdateManagerService
01-26 18:56:01.730  1492  1492 I SystemUpdateManagerService: No existing info file /data/system/system-update-info.xml
01-26 18:56:01.735  1492  1492 D SystemServerTiming: StartSystemUpdateManagerService took to complete: 6ms
01-26 18:56:01.735  1492  1492 I SystemServerTiming: StartUpdateLockService
01-26 18:56:01.737  1492  1492 D SystemServerTiming: StartUpdateLockService took to complete: 1ms
01-26 18:56:01.737  1492  1492 I SystemServerTiming: StartNotificationManager
01-26 18:56:01.737  1492  1492 I SystemServiceManager: Starting com.android.server.notification.NotificationManagerService
01-26 18:56:01.739  1032  1032 D libEGL  : loaded /vendor/lib/egl/libEGL_adreno.so
01-26 18:56:01.751  1299  1688 W cutils  : Expected path /data/data/com.google.android.gms with mode 700 but found 711
01-26 18:56:01.752  1026  1026 I ServiceManager: Waiting for service 'statscompanion' on '/dev/binder'...
01-26 18:56:01.753  1299  1688 W cutils  : Expected path /data/user_de/0/com.google.android.gms with mode 700 but found 711
01-26 18:56:01.754  1299  1638 W cutils  : Expected path /data/data/com.google.android.gms with mode 700 but found 711
01-26 18:56:01.755  1492  1492 D ConditionProviders.SCP: new ScheduleConditionProvider()
01-26 18:56:01.756  1299  1638 W cutils  : Expected path /data/user_de/0/com.google.android.gms with mode 700 but found 711
01-26 18:56:01.764  1492  1492 I NotificationListeners: Read notification listener permissions from xml
01-26 18:56:01.765  1492  1492 I ConditionProviders: Read condition provider permissions from xml
01-26 18:56:01.765  1492  1492 I ConditionProviders: Read condition provider permissions from xml
01-26 18:56:01.765  1492  1492 D NotificationAssistants: Approving default notification assistant for user 0
01-26 18:56:01.780     0     0 I [4:    kworker/4:1:  120] keys: certify_cover_work #1 : 0
01-26 18:56:01.780     0     0 I [4:    kworker/4:1:  120] keys: flip_cover_work #1 : 0
01-26 18:56:01.780  1492  1492 D SystemServerTiming: StartNotificationManager took to complete: 43ms
01-26 18:56:01.780  1492  1492 I SystemServerTiming: StartDeviceMonitor
01-26 18:56:01.780  1492  1492 I SystemServiceManager: Starting com.android.server.storage.DeviceStorageMonitorService
01-26 18:56:01.782  1492  1492 D SystemServerTiming: StartDeviceMonitor took to complete: 2ms
01-26 18:56:01.782  1492  1492 I SystemServerTiming: StartLocationManagerService
01-26 18:56:01.782  1492  1492 I SystemServiceManager: Starting com.android.server.location.LocationManagerService$Lifecycle
01-26 18:56:01.785  1492  1492 D SystemServerTiming: StartLocationManagerService took to complete: 3ms
01-26 18:56:01.785  1492  1492 I SystemServerTiming: StartCountryDetectorService
01-26 18:56:01.786  1492  1492 D SystemServerTiming: StartCountryDetectorService took to complete: 1ms
01-26 18:56:01.786  1492  1492 I SystemServerTiming: StartTimeDetectorService
01-26 18:56:01.786  1492  1492 I SystemServiceManager: Starting com.android.server.timedetector.TimeDetectorService$Lifecycle
01-26 18:56:01.788  1492  1492 D SystemServerTiming: StartTimeDetectorService took to complete: 1ms
01-26 18:56:01.788  1492  1492 I SystemServerTiming: StartTimeZoneDetectorService
01-26 18:56:01.788  1492  1492 I SystemServiceManager: Starting com.android.server.timezonedetector.TimeZoneDetectorService$Lifecycle
