01-26 18:56:01.789  1492  1492 D SystemServerTiming: StartTimeZoneDetectorService took to complete: 1ms
01-26 18:56:01.789  1492  1492 I SystemServerTiming: StartSearchManagerService
01-26 18:56:01.789  1492  1492 I SystemServiceManager: Starting com.android.server.search.SearchManagerService$Lifecycle
01-26 18:56:01.791  1492  1492 D SystemServerTiming: StartSearchManagerService took to complete: 2ms
01-26 18:56:01.791  1492  1492 I SystemServerTiming: StartWallpaperManagerService
01-26 18:56:01.791  1492  1492 I SystemServiceManager: Starting com.android.server.wallpaper.WallpaperManagerService$Lifecycle
01-26 18:56:01.792  1492  1492 D SystemServerTiming: StartWallpaperManagerService took to complete: 1ms
01-26 18:56:01.792  1492  1492 I SystemServerTiming: StartAudioService
01-26 18:56:01.792  1492  1492 I SystemServiceManager: Starting com.android.server.audio.AudioService$Lifecycle
01-26 18:56:01.793  1032  1032 D libEGL  : loaded /vendor/lib/egl/libGLESv1_CM_adreno.so
01-26 18:56:01.801  1032  1032 D libEGL  : loaded /vendor/lib/egl/libGLESv2_adreno.so
01-26 18:56:01.806  1492  1492 I ServiceManager: Waiting for service 'media.audio_policy' on '/dev/binder'...
01-26 18:56:01.835  1032  1032 I Zygote  : Preloading shared libraries...
01-26 18:56:01.843  1032  1032 I Zygote  : Called ZygoteHooks.endPreload()
01-26 18:56:01.844  1032  1032 I Zygote  : Installed AndroidKeyStoreProvider in 1ms.
01-26 18:56:01.847  1032  1032 I Zygote  : Warmed up JCA providers in 3ms.
01-26 18:56:01.847  1032  1032 D Zygote  : end preload
01-26 18:56:01.848  1492  1656 D SystemServerTimingAsync: SecondaryZygotePreload took to complete: 832ms
01-26 18:56:01.848  1492  1656 D SystemServerInitThreadPool: Finished executing SecondaryZygotePreload
01-26 18:56:01.848  1492  1656 D SystemServerTimingAsync: InitThreadPoolExec:SecondaryZygotePreload took to complete: 832ms
01-26 18:56:01.853  1026  1026 W ServiceManager: Service statscompanion didn't start. Returning NULL
01-26 18:56:01.860  1026  1026 W statsd  : StatsPullerManager: Unknown tagId 10075
01-26 18:56:01.860  1026  1026 E statsd  : Stats puller failed for tag: 10075 at 14889212232
01-26 18:56:01.860  1026  1026 W statsd  : StatsPullerManager: Unknown tagId 10075
01-26 18:56:01.860  1026  1026 E statsd  : Stats puller failed for tag: 10075 at 14889212232
01-26 18:56:01.860  1026  1026 W statsd  : StatsPullerManager: Unknown tagId 10083
01-26 18:56:01.860  1026  1026 E statsd  : Stats puller failed for tag: 10083 at 14889212232
01-26 18:56:01.860  1026  1026 W statsd  : StatsPullerManager: Unknown tagId 10060
01-26 18:56:01.860  1026  1026 E statsd  : Stats puller failed for tag: 10060 at 14889212232
01-26 18:56:01.860  1026  1026 W statsd  : StatsPullerManager: Unknown tagId 10068
01-26 18:56:01.860  1026  1026 E statsd  : Gauge Stats puller failed for tag: 10068 at 14889212232
01-26 18:56:01.860  1026  1026 W statsd  : StatsPullerManager: Unknown tagId 10070
01-26 18:56:01.860  1026  1026 E statsd  : Gauge Stats puller failed for tag: 10070 at 14889212232
01-26 18:56:01.860  1026  1026 W statsd  : StatsPullerManager: Unknown tagId 10069
01-26 18:56:01.860  1026  1026 E statsd  : Gauge Stats puller failed for tag: 10069 at 14889212232
01-26 18:56:01.860  1026  1026 W statsd  : StatsPullerManager: Unknown tagId 10071
01-26 18:56:01.860  1026  1026 E statsd  : Gauge Stats puller failed for tag: 10071 at 14889212232
01-26 18:56:01.860  1026  1026 W statsd  : StatsPullerManager: Unknown tagId 10072
01-26 18:56:01.860  1026  1026 E statsd  : Gauge Stats puller failed for tag: 10072 at 14889212232
01-26 18:56:01.860  1026  1026 W statsd  : StatsPullerManager: Unknown tagId 10073
01-26 18:56:01.860  1026  1026 E statsd  : Gauge Stats puller failed for tag: 10073 at 14889212232
01-26 18:56:01.860  1026  1026 W statsd  : StatsPullerManager: Unknown tagId 10042
01-26 18:56:01.861  1026  1026 E statsd  : Gauge Stats puller failed for tag: 10042 at 14889212232
01-26 18:56:01.861  1026  1026 W statsd  : StatsPullerManager: Unknown tagId 10054
01-26 18:56:01.861  1026  1026 E statsd  : Gauge Stats puller failed for tag: 10054 at 14889212232
01-26 18:56:01.861  1026  1026 W statsd  : StatsPullerManager: Unknown tagId 10055
01-26 18:56:01.861  1026  1026 E statsd  : Gauge Stats puller failed for tag: 10055 at 14889212232
01-26 18:56:01.861  1026  1026 W statsd  : StatsPullerManager: Unknown tagId 10080
01-26 18:56:01.861  1026  1026 E statsd  : Gauge Stats puller failed for tag: 10080 at 14889212232
01-26 18:56:01.862  1026  1026 W statsd  : No active metric for config (10126 175721243)
01-26 18:56:01.862  1026  1026 W statsd  : No active metric for config (10126 175713051)
01-26 18:56:01.862  1026  1026 I statsd  : Statsd starts to listen to socket.
01-26 18:56:01.906  1492  1492 I ServiceManager: Waiting for service 'media.audio_policy' on '/dev/binder'...
01-26 18:56:02.108  1492  1492 I chatty  : uid=1000 system_server identical 2 lines
01-26 18:56:02.174  1492  1639 D SystemServerTimingAsync: AppDataPrepare took to complete: 1287ms
01-26 18:56:02.174  1492  1639 I PackageManager: Deferred reconcileAppsData finished 203 packages
01-26 18:56:02.174  1492  1639 D SystemServerInitThreadPool: Finished executing prepareAppData
01-26 18:56:02.174  1492  1639 D SystemServerTimingAsync: InitThreadPoolExec:prepareAppData took to complete: 1526ms
01-26 18:56:02.208  1492  1492 I ServiceManager: Waiting for service 'media.audio_policy' on '/dev/binder'...
01-26 18:56:02.306  1116  1156 D audio_hw_utils: audio_extn_utils_open_snd_mixer: retry, retry_num 4
01-26 18:56:02.308  1492  1492 I ServiceManager: Waiting for service 'media.audio_policy' on '/dev/binder'...
01-26 18:56:02.509  1492  1492 I chatty  : uid=1000 system_server identical 2 lines
01-26 18:56:02.610  1492  1492 I ServiceManager: Waiting for service 'media.audio_policy' on '/dev/binder'...
01-26 18:56:02.702  1116  1116 D audio_hw_utils: audio_extn_utils_open_snd_mixer: retry, retry_num 5
01-26 18:56:02.710  1492  1492 I ServiceManager: Waiting for service 'media.audio_policy' on '/dev/binder'...
01-26 18:56:02.803  1126  1700 E IPCMessagingProxy: Exiting with error _process line 159 "3"
01-26 18:56:02.804  1126  1700 E IzatSvc_IzatManager: Exiting with error handleMsg line 437 "3"
01-26 18:56:02.810  1126  1212 I LocSvc_api_v02: ---> locClientSendReq line 2325 QMI_LOC_REG_EVENTS_REQ_V02
01-26 18:56:02.810  1126  1211 E Subscription: sSubscriptionCb NULL !
01-26 18:56:02.811  1126  1211 I chatty  : uid=1000(system) Loc_hal_worker identical 2 lines
01-26 18:56:02.811  1126  1211 E Subscription: sSubscriptionCb NULL !
01-26 18:56:02.811  1492  1492 I ServiceManager: Waiting for service 'media.audio_policy' on '/dev/binder'...
01-26 18:56:02.811  1397  1431 I LOWI-8.6.0.71: [LOWIUtils] inPostcardToRequest - FROM: FreeWifiScanObserver, TO:   LOWI-SERVER, REQ:  LOWI_ASYNC_DISCOVERY_SCAN_RESULTS
01-26 18:56:02.811  1397  1431 I LOWI-8.6.0.71: [LOWIDiagLog] is Logging Enabled for LOWI log code? :0
01-26 18:56:02.811  1126  1700 E IzatSvc_IzatManager: Exiting with error handleMsg line 437 "3"
01-26 18:56:02.811  1126  1700 E IzatSvc_IzatManager: Exiting with error handleMsg line 437 "3"
01-26 18:56:02.811  1126  1212 I LocSvc_api_v02: ---> locClientSendReq line 2325 QMI_LOC_SET_PREMIUM_SERVICES_CONFIG_REQ_V02
01-26 18:56:02.812  1126  1506 I LocSvc_ApiV02: <--- globalRespCb line 271 QMI_LOC_SET_PREMIUM_SERVICES_CONFIG_REQ_V02
01-26 18:56:02.812  1126  1212 I LocSvc_api_v02: ---> locClientSendReq line 2325 QMI_LOC_SET_PREMIUM_SERVICES_CONFIG_REQ_V02
01-26 18:56:02.812  1126  1506 I LocSvc_ApiV02: <--- globalRespCb line 271 QMI_LOC_SET_PREMIUM_SERVICES_CONFIG_REQ_V02
01-26 18:56:02.812  1126  1212 I LocSvc_api_v02: ---> locClientSendReq line 2325 QMI_LOC_SET_PREMIUM_SERVICES_CONFIG_REQ_V02
01-26 18:56:02.813  1126  1506 I LocSvc_ApiV02: <--- globalRespCb line 271 QMI_LOC_SET_PREMIUM_SERVICES_CONFIG_REQ_V02
01-26 18:56:02.813  1126  1212 I LocSvc_api_v02: ---> locClientSendReq line 2325 QMI_LOC_SET_ENGINE_LOCK_REQ_V02
01-26 18:56:02.813  1126  1506 I LocSvc_ApiV02: <--- globalRespCb line 271 QMI_LOC_SET_ENGINE_LOCK_REQ_V02
01-26 18:56:02.814  1126  1212 E LocSvc_GnssAdapter: gnssUpdateConfig:988] Feature constellation enablement not supported.
01-26 18:56:02.814  1126  1212 I LocSvc_api_v02: ---> locClientSendReq line 2325 QMI_LOC_SET_NMEA_TYPES_REQ_V02
01-26 18:56:02.814  1126  1506 I LocSvc_ApiV02: <--- globalRespCb line 271 QMI_LOC_SET_NMEA_TYPES_REQ_V02
01-26 18:56:02.814  1126  1212 I LocSvc_api_v02: ---> locClientSendReq line 2325 QMI_LOC_SET_XTRA_VERSION_CHECK_REQ_V02
01-26 18:56:02.814  1126  1506 I LocSvc_ApiV02: <--- globalRespCb line 271 QMI_LOC_SET_XTRA_VERSION_CHECK_REQ_V02
01-26 18:56:02.814  1126  1212 I LocSvc_api_v02: ---> locClientSendReq line 2325 QMI_LOC_SET_CONSTRAINED_TUNC_MODE_REQ_V02
01-26 18:56:02.815  1126  1212 E LocSvc_ApiV02: setConstrainedTuncMode:7027] failed, status: eLOC_CLIENT_FAILURE_INVALID_MESSAGE_ID, ind status:eQMI_LOC_SUCCESS_V02
01-26 18:56:02.815  1126  1212 I LocSvc_api_v02: ---> locClientSendReq line 2325 QMI_LOC_ENABLE_POSITION_ASSISTED_CLOCK_EST_REQ_V02
01-26 18:56:02.815  1126  1212 E LocSvc_ApiV02: setPositionAssistedClockEstimatorMode:7055] failed. status: eLOC_CLIENT_FAILURE_INVALID_MESSAGE_ID, ind status:eQMI_LOC_SUCCESS_V02
01-26 18:56:02.815  1126  1212 I LocSvc_api_v02: ---> locClientSendReq line 2325 QMI_LOC_SET_SENSOR_PERFORMANCE_CONTROL_CONFIGURATION_REQ_V02
01-26 18:56:02.815  1126  1506 I LocSvc_ApiV02: <--- globalRespCb line 271 QMI_LOC_SET_SENSOR_PERFORMANCE_CONTROL_CONFIGURATION_REQ_V02
01-26 18:56:02.815  1126  1212 I LocSvc_api_v02: ---> locClientSendReq line 2325 QMI_LOC_SET_BLACKLIST_SV_REQ_V02
01-26 18:56:02.816  1126  1212 E LocSvc_ApiV02: setBlacklistSvSync:7602] Set Blacklist SV failed. status: eLOC_CLIENT_FAILURE_INVALID_MESSAGE_ID ind status eQMI_LOC_SUCCESS_V02
01-26 18:56:02.816  1126  1212 I LocSvc_api_v02: ---> locClientSendReq line 2325 QMI_LOC_REG_EVENTS_REQ_V02
01-26 18:56:02.816  1126  1212 I LocSvc_api_v02: ---> locClientSendReq line 2325 QMI_LOC_SET_PROTOCOL_CONFIG_PARAMETERS_REQ_V02
01-26 18:56:02.816  1126  1506 I LocSvc_ApiV02: <--- globalRespCb line 271 QMI_LOC_SET_PROTOCOL_CONFIG_PARAMETERS_REQ_V02
01-26 18:56:02.816  1126  1212 I LocSvc_api_v02: ---> locClientSendReq line 2325 QMI_LOC_SET_PROTOCOL_CONFIG_PARAMETERS_REQ_V02
01-26 18:56:02.817  1126  1506 I LocSvc_ApiV02: <--- globalRespCb line 271 QMI_LOC_SET_PROTOCOL_CONFIG_PARAMETERS_REQ_V02
01-26 18:56:02.911  1492  1492 I ServiceManager: Waiting for service 'media.audio_policy' on '/dev/binder'...
01-26 18:56:02.992  1261  1261 I SSC_DAEMON: while 1 starting
01-26 18:56:02.992  1261  1261 I SSC_DAEMON: main
01-26 18:56:02.992     0     0 I         : [5:    factory.ssc: 1261] [FACTORY] accel_factory_init_work : already exist
01-26 18:56:02.994     0     0 I         : [6:    factory.ssc: 1261] [FACTORY] hidden_hole_init_work: start!
01-26 18:56:02.995     0     0 I         : [5:    factory.ssc: 1261] [FACTORY] need_update_coef_efs: 171106,171106,171106
01-26 18:56:02.995     0     0 I         : [5:    factory.ssc: 1261] [SDE] ss_disp_windowtype_show : 91 04 43
01-26 18:56:02.995     0     0 I         : [5:    factory.ssc: 1261] [FACTORY] read_window_type - 0x39, 0x31, 0x20
01-26 18:56:02.995     0     0 I         : [5:    factory.ssc: 1261] [FACTORY] hidden_hole_init_work: win_type:1, /efs/FactoryApp/predefine1
01-26 18:56:02.995     0     0 I         : [7:    factory.ssc: 1261] [FACTORY] hidden_hole_init_work: data: 2266,-170,80,-290,1000,1116,1500,2300,1000,550,9352
01-26 18:56:02.995  1261  1261 I SSC_DAEMON: physical_sensor_test_req_msg Sensor type :0, Msg type:11
01-26 18:56:02.996  1261  1261 I SSC_DAEMON: physical_sensor_test_req_msg Sensor type :4, Msg type:6
01-26 18:56:02.998     1     1 W /system/bin/init: type=1107 audit(0.0:135): uid=0 auid=4294967295 ses=4294967295 subj=u:r:init:s0 msg='avc: denied { set } for property=vendor.sensor.file.permission pid=1261 uid=1000 gid=1000 scontext=u:r:factory_ssc:s0 tcontext=u:object_r:vendor_default_prop:s0 tclass=property_service permissive=0'
01-26 18:56:02.998     1     1 W /system/bin/init: type=1107 audit(0.0:136): uid=0 auid=4294967295 ses=4294967295 subj=u:r:init:s0 msg='avc: denied { set } for property=vendor.sensor.file.permission pid=1261 uid=1000 gid=1000 scontext=u:r:factory_ssc:s0 tcontext=u:object_r:vendor_default_prop:s0 tclass=property_service permissive=0'
01-26 18:56:03.003  1261  1702 I SSC_DAEMON: accel_set_cal_data_event: 0, 0, 0, 112
01-26 18:56:03.004     0     0 E [6:           init:  884] init: Unable to set property 'vendor.sensor.file.permission' from uid:1000 gid:1000 pid:1261: SELinux permission check failed
01-26 18:56:03.004  1261  1702 W libc    : Unable to set property "vendor.sensor.file.permission" to "1": error code: 0x18
01-26 18:56:03.006  1261  1702 I SSC_DAEMON: light_hh_data: 1
01-26 18:56:03.006     0     0 E [5:           init:  884] init: Unable to set property 'vendor.sensor.file.permission' from uid:1000 gid:1000 pid:1261: SELinux permission check failed
01-26 18:56:03.006  1261  1702 W libc    : Unable to set property "vendor.sensor.file.permission" to "2": error code: 0x18
01-26 18:56:03.012  1492  1492 I ServiceManager: Waiting for service 'media.audio_policy' on '/dev/binder'...
01-26 18:56:03.112  1492  1492 I chatty  : uid=1000 system_server identical 1 line
01-26 18:56:03.130     0     0 I [1:    kworker/1:1:   73] tsens[1: 490][2:448][3:438][4:454][7:553][8:454][9:425][10:431][5:458][6:481][11:346][12:369]
01-26 18:56:03.212  1492  1492 I ServiceManager: Waiting for service 'media.audio_policy' on '/dev/binder'...
01-26 18:56:03.290     0     0 I         : [6:       cdsprpcd: 1359] 'opened /dev/cdsprpc-smd c 218 3'
01-26 18:56:03.290  1358  1358 E adsprpcd: Error 0xffffffff: apps_dev_init failed for domain 0, errno Operation not permitted
01-26 18:56:03.290  1358  1358 E adsprpcd: Error 0xffffffff: open_dev (-1) failed for domain 0
01-26 18:56:03.292  1358  1358 E adsprpcd: vendor/qcom/proprietary/commonsys-intf/adsprpc/src/adsprpcd.c:48:adsp daemon will restart after 25ms...
01-26 18:56:03.294  1359  1359 E cdsprpcd: Error 0xffffffff: remote_handle64_invoke failed for handle 0xdaf42d90, method 4 on domain 3 (sc 0x4010100)
01-26 18:56:03.294  1359  1359 E cdsprpcd: vendor/qcom/proprietary/commonsys-intf/adsprpc/src/adspmsgd.c:93:adspmsgd_init failed with error -1
01-26 18:56:03.294  1359  1359 E cdsprpcd: Error 0xffffffff: remote_handle64_invoke failed for handle 0xdaf42d90, method 3 on domain 3 (sc 0x3000000)
01-26 18:56:03.295  1359  1359 I cdsprpcd: fastrpc_perf_init: enabled RPC traces (kernel 0, dsp 0) with frequency 1000
01-26 18:56:03.295  1359  1359 I cdsprpcd: remote_handle_open: Successfully opened handle 0xc03fe3c0 for adsp_default_listener on domain 3
01-26 18:56:03.296  1359  1359 I cdsprpcd: remote_handle_open: Successfully opened handle 0xc03fa5e0 for adsp_default_listener on domain 3
01-26 18:56:03.297  1359  1359 I cdsprpcd: remote_handle_open: Successfully opened handle 0x7 for '":;./\geteventfd on domain 3
01-26 18:56:03.306  1116  1156 D audio_hw_utils: audio_extn_utils_open_snd_mixer: retry, retry_num 5
01-26 18:56:03.313  1492  1492 I ServiceManager: Waiting for service 'media.audio_policy' on '/dev/binder'...
01-26 18:56:03.320  1358  1358 I adsprpcd: remote_handle_open: Successfully opened handle 0x7f for '":;./\attachguestos on domain 0
01-26 18:56:03.413  1492  1492 I ServiceManager: Waiting for service 'media.audio_policy' on '/dev/binder'...
01-26 18:56:03.513  1492  1492 I chatty  : uid=1000 system_server identical 1 line
01-26 18:56:03.614  1492  1492 I ServiceManager: Waiting for service 'media.audio_policy' on '/dev/binder'...
01-26 18:56:03.703  1116  1116 D audio_hw_utils: audio_extn_utils_open_snd_mixer: retry, retry_num 6
01-26 18:56:03.714  1492  1492 I ServiceManager: Waiting for service 'media.audio_policy' on '/dev/binder'...
01-26 18:56:04.115  1492  1492 I chatty  : uid=1000 system_server identical 4 lines
01-26 18:56:04.216  1492  1492 I ServiceManager: Waiting for service 'media.audio_policy' on '/dev/binder'...
01-26 18:56:04.306  1116  1156 D audio_hw_utils: audio_extn_utils_open_snd_mixer: retry, retry_num 6
01-26 18:56:04.316  1492  1492 I ServiceManager: Waiting for service 'media.audio_policy' on '/dev/binder'...
01-26 18:56:04.517  1492  1492 I chatty  : uid=1000 system_server identical 2 lines
01-26 18:56:04.617  1492  1492 I ServiceManager: Waiting for service 'media.audio_policy' on '/dev/binder'...
01-26 18:56:04.703  1116  1116 D audio_hw_utils: audio_extn_utils_open_snd_mixer: retry, retry_num 7
01-26 18:56:04.718  1492  1492 I ServiceManager: Waiting for service 'media.audio_policy' on '/dev/binder'...
01-26 18:56:05.119  1492  1492 I chatty  : uid=1000 system_server identical 4 lines
01-26 18:56:05.219  1492  1492 I ServiceManager: Waiting for service 'media.audio_policy' on '/dev/binder'...
01-26 18:56:05.306  1116  1156 D audio_hw_utils: audio_extn_utils_open_snd_mixer: retry, retry_num 7
01-26 18:56:05.320  1492  1492 I ServiceManager: Waiting for service 'media.audio_policy' on '/dev/binder'...
01-26 18:56:05.520  1492  1492 I chatty  : uid=1000 system_server identical 2 lines
01-26 18:56:05.621  1492  1492 I ServiceManager: Waiting for service 'media.audio_policy' on '/dev/binder'...
01-26 18:56:05.703  1116  1116 D audio_hw_utils: audio_extn_utils_open_snd_mixer: retry, retry_num 8
01-26 18:56:05.721  1492  1492 I ServiceManager: Waiting for service 'media.audio_policy' on '/dev/binder'...
01-26 18:56:06.122  1492  1492 I chatty  : uid=1000 system_server identical 4 lines
01-26 18:56:06.141     0     0 E         : [4:vendor.samsung.: 1165] [dynamic_mipi] mipi_clock_index_cur : -1, mipi_clock_index_new : -1
01-26 18:56:06.141     0     0 I [4:vendor.samsung.: 1165] CAM_INFO: CAM-SENSOR: cam_sensor_power_up: 2061 sensor_id : 0x345
01-26 18:56:06.141     0     0 E         : [4:vendor.samsung.: 1165] sdm845-v2-pinctrl 3400000.pinctrl: pin GPIO_25 already requested by ac4a000.qcom,cci:qcom,cam-sensor@0; cannot claim for ac4a000.qcom,cci:qcom,cam-res-mgr
01-26 18:56:06.141     0     0 E         : [4:vendor.samsung.: 1165] sdm845-v2-pinctrl 3400000.pinctrl: pin-25 (ac4a000.qcom,cci:qcom,cam-res-mgr) status -22
01-26 18:56:06.141     0     0 E         : [4:vendor.samsung.: 1165] sdm845-v2-pinctrl 3400000.pinctrl: could not request pin 25 (GPIO_25) from group gpio25  on device 3400000.pinctrl
01-26 18:56:06.142     0     0 E         : [4:vendor.samsung.: 1165] cam_res_mgr ac4a000.qcom,cci:qcom,cam-res-mgr: Error applying setting, reverse things back
01-26 18:56:06.142     0     0 E [4:vendor.samsung.: 1165] CAM_ERR: CAM-SENSOR: cam_sensor_core_power_up: 1479 Cannot set shared pin to active state
01-26 18:56:06.142     0     0 I [4:vendor.samsung.: 1165] CAM_INFO: CAM-SENSOR: cam_sensor_core_power_up: 1481 power setting size: 11
01-26 18:56:06.142     0     0 I [4:vendor.samsung.: 1165] CAM_INFO: CAM-SENSOR: cam_sensor_core_power_up: 1613 Enable Regulator cam_vio
01-26 18:56:06.147     0     0 I [4:vendor.samsung.: 1165] CAM_INFO: CAM-SENSOR: cam_sensor_core_power_up: 1613 Enable Regulator cam_vdig
01-26 18:56:06.152     0     0 I [4:vendor.samsung.: 1165] CAM_INFO: CAM-SENSOR: cam_sensor_core_power_up: 1613 Enable Regulator cam_v_custom1
01-26 18:56:06.157     0     0 I [4:vendor.samsung.: 1165] CAM_INFO: CAM-SENSOR: cam_sensor_core_power_up: 1613 Enable Regulator cam_v_custom2
01-26 18:56:06.162     0     0 I [4:vendor.samsung.: 1165] CAM_INFO: CAM-SENSOR: cam_sensor_core_power_up: 1613 Enable Regulator cam_vana
01-26 18:56:06.167     0     0 I [4:vendor.samsung.: 1165] CAM_INFO: CAM-SENSOR: cam_sensor_core_power_up: 1613 Enable Regulator cam_v_custom10
01-26 18:56:06.173     0     0 I [4:vendor.samsung.: 1165] CAM_INFO: CAM-SENSOR: cam_sensor_core_power_up: 1613 Enable Regulator cam_v_custom3
01-26 18:56:06.177     0     0 I [4:vendor.samsung.: 1165] CAM_INFO: CAM-SENSOR: cam_sensor_core_power_up: 1613 Enable Regulator cam_v_custom4
01-26 18:56:06.181     0     0 I [4:vendor.samsung.: 1165] CAM_INFO: CAM-SENSOR: cam_sensor_core_power_up: 1613 Enable Regulator cam_v_custom5
01-26 18:56:06.189     0     0 I [4:vendor.samsung.: 1165] CAM_INFO: CAM-SENSOR: cam_sensor_core_power_up: 1569 gpio set val 25
01-26 18:56:06.202     0     0 I [4:vendor.samsung.: 1165] CAM_INFO: CAM-SENSOR: cam_sensor_driver_cmd: 1616 Probe Succees,slot:0,slave_addr:0x34,sensor_id:0x345
01-26 18:56:06.202     0     0 I [4:vendor.samsung.: 1165] CAM_INFO: CAM-SENSOR: cam_sensor_power_down: 2160 sensor_id : 0x345
01-26 18:56:06.206     0     0 I [4:vendor.samsung.: 1165] CAM_INFO: CAM-SENSOR: msm_camera_power_down: 1935 Disable Regulator
01-26 18:56:06.210     0     0 I [5:vendor.samsung.: 1165] CAM_INFO: CAM-SENSOR: msm_camera_power_down: 1935 Disable Regulator
01-26 18:56:06.223  1492  1492 I ServiceManager: Waiting for service 'media.audio_policy' on '/dev/binder'...
01-26 18:56:06.231     0     0 I chatty  : uid=0(root) logd identical 5 lines
01-26 18:56:06.236     0     0 I [5:vendor.samsung.: 1165] CAM_INFO: CAM-SENSOR: msm_camera_power_down: 1935 Disable Regulator
01-26 18:56:06.240     0     0 I [4:vendor.samsung.: 1165] CAM_INFO: CAM-SENSOR: msm_camera_power_down: 1935 Disable Regulator
01-26 18:56:06.244     0     0 I [4:vendor.samsung.: 1165] CAM_INFO: CAM: cam_res_mgr_shared_pinctrl_put: 269 Need hold put this pinctrl
01-26 18:56:06.307  1116  1156 D audio_hw_utils: audio_extn_utils_open_snd_mixer: retry, retry_num 8
01-26 18:56:06.323  1492  1492 I ServiceManager: Waiting for service 'media.audio_policy' on '/dev/binder'...
01-26 18:56:06.416     0     0 E         : [5:vendor.samsung.: 1165] [dynamic_mipi] mipi_clock_index_cur : -1, mipi_clock_index_new : -1
01-26 18:56:06.416     0     0 I [5:vendor.samsung.: 1165] CAM_INFO: CAM-SENSOR: cam_sensor_power_up: 2061 sensor_id : 0x320
01-26 18:56:06.416     0     0 I [5:vendor.samsung.: 1165] CAM_INFO: CAM-SENSOR: cam_sensor_core_power_up: 1481 power setting size: 7
01-26 18:56:06.416     0     0 I [5:vendor.samsung.: 1165] CAM_INFO: CAM-SENSOR: cam_sensor_core_power_up: 1613 Enable Regulator cam_vana
01-26 18:56:06.420     0     0 I [7:vendor.samsung.: 1165] CAM_INFO: CAM-SENSOR: cam_sensor_core_power_up: 1613 Enable Regulator cam_vio
01-26 18:56:06.424     0     0 I [4:vendor.samsung.: 1165] CAM_INFO: CAM-SENSOR: cam_sensor_core_power_up: 1613 Enable Regulator cam_vdig
01-26 18:56:06.430     0     0 I [5:vendor.samsung.: 1165] CAM_INFO: CAM-SENSOR: cam_sensor_core_power_up: 1569 gpio set val 12
01-26 18:56:06.432     0     0 I [5:vendor.samsung.: 1165] CAM_INFO: CAM-SENSOR: cam_sensor_core_power_up: 1569 gpio set val 0
01-26 18:56:06.444     0     0 I [5:vendor.samsung.: 1165] CAM_INFO: CAM-SENSOR: cam_sensor_driver_cmd: 1616 Probe Succees,slot:1,slave_addr:0x20,sensor_id:0x320
01-26 18:56:06.444     0     0 I [5:vendor.samsung.: 1165] CAM_INFO: CAM-SENSOR: cam_sensor_power_down: 2160 sensor_id : 0x320
01-26 18:56:06.450     0     0 I [4:vendor.samsung.: 1165] CAM_INFO: CAM-SENSOR: msm_camera_power_down: 1935 Disable Regulator
01-26 18:56:06.454     0     0 I chatty  : uid=0(root) logd identical 1 line
01-26 18:56:06.458     0     0 I [4:vendor.samsung.: 1165] CAM_INFO: CAM-SENSOR: msm_camera_power_down: 1935 Disable Regulator
01-26 18:56:06.524  1492  1492 I chatty  : uid=1000 system_server identical 2 lines
01-26 18:56:06.550     0     0 E         : [7:vendor.samsung.: 1165] [dynamic_mipi] mipi_clock_index_cur : -1, mipi_clock_index_new : -1
01-26 18:56:06.550     0     0 I [7:vendor.samsung.: 1165] CAM_INFO: CAM-SENSOR: cam_sensor_power_up: 2061 sensor_id : 0x5061
01-26 18:56:06.550     0     0 I [7:vendor.samsung.: 1165] CAM_INFO: CAM-SENSOR: cam_sensor_core_power_up: 1481 power setting size: 5
01-26 18:56:06.551     0     0 I [7:vendor.samsung.: 1165] CAM_INFO: CAM-SENSOR: cam_sensor_core_power_up: 1613 Enable Regulator cam_vio
01-26 18:56:06.553     0     0 I [4:vendor.samsung.: 1165] CAM_INFO: CAM-SENSOR: cam_sensor_core_power_up: 1613 Enable Regulator cam_vdig
01-26 18:56:06.556     0     0 I [4:vendor.samsung.: 1165] CAM_INFO: CAM-SENSOR: cam_sensor_core_power_up: 1613 Enable Regulator cam_vana
01-26 18:56:06.560     0     0 I [5:vendor.samsung.: 1165] CAM_INFO: CAM-SENSOR: cam_sensor_core_power_up: 1569 gpio set val 44
01-26 18:56:06.574     0     0 I [5:vendor.samsung.: 1165] CAM_INFO: CAM-SENSOR: cam_sensor_check_resolution: 243 page select : 0x0
01-26 18:56:06.575     0     0 I [4:vendor.samsung.: 1165] CAM_INFO: CAM-SENSOR: cam_sensor_check_resolution: 282 read focusing test result : 0x1
01-26 18:56:06.576     0     0 I [4:vendor.samsung.: 1165] CAM_INFO: CAM-SENSOR: cam_sensor_check_resolution: 289 read macro test result : 0x1
01-26 18:56:06.576     0     0 I [4:vendor.samsung.: 1165] CAM_INFO: CAM-SENSOR: cam_sensor_check_resolution: 296 read pan test result : 0x1
01-26 18:56:06.576     0     0 I [4:vendor.samsung.: 1165] CAM_INFO: CAM-SENSOR: cam_sensor_check_resolution: 310 read year : L
01-26 18:56:06.577     0     0 I [4:vendor.samsung.: 1165] CAM_INFO: CAM-SENSOR: cam_sensor_check_resolution: 317 read month : L
01-26 18:56:06.577     0     0 I [4:vendor.samsung.: 1165] CAM_INFO: CAM-SENSOR: cam_sensor_check_resolution: 324 read company : P
01-26 18:56:06.578     0     0 I [4:vendor.samsung.: 1165] CAM_INFO: CAM-SENSOR: cam_sensor_check_resolution: 338 read sensor_rev : 0xa1, is_final_module 1
01-26 18:56:06.579     0     0 I [4:vendor.samsung.: 1165] CAM_INFO: CAM-SENSOR: cam_sensor_driver_cmd: 1616 Probe Succees,slot:3,slave_addr:0x20,sensor_id:0x5061
01-26 18:56:06.579     0     0 I [4:vendor.samsung.: 1165] CAM_INFO: CAM-SENSOR: cam_sensor_power_down: 2160 sensor_id : 0x5061
01-26 18:56:06.583     0     0 I [4:vendor.samsung.: 1165] CAM_INFO: CAM-SENSOR: msm_camera_power_down: 1935 Disable Regulator
01-26 18:56:06.587     0     0 I chatty  : uid=0(root) logd identical 1 line
01-26 18:56:06.589     0     0 I [4:vendor.samsung.: 1165] CAM_INFO: CAM-SENSOR: msm_camera_power_down: 1935 Disable Regulator
01-26 18:56:06.604     0     0 E         : [4:vendor.samsung.: 1165] [dynamic_mipi] mipi_clock_index_cur : -1, mipi_clock_index_new : -1
01-26 18:56:06.604     0     0 I [4:vendor.samsung.: 1165] CAM_INFO: CAM-SENSOR: cam_sensor_power_up: 2061 sensor_id : 0x320
01-26 18:56:06.604     0     0 E [4:vendor.samsung.: 1165] CAM_ERR: CAM-HWB: cam_sensor_power_up: 2119 [NON][INIT] Unsupport
01-26 18:56:06.604     0     0 E         : [4:vendor.samsung.: 1165]
01-26 18:56:06.605     0     0 I [4:vendor.samsung.: 1165] CAM_INFO: CAM-SENSOR: cam_sensor_core_power_up: 1481 power setting size: 7
01-26 18:56:06.605     0     0 I [4:vendor.samsung.: 1165] CAM_INFO: CAM-SENSOR: cam_sensor_core_power_up: 1613 Enable Regulator cam_vana
01-26 18:56:06.610     0     0 I [5:vendor.samsung.: 1165] CAM_INFO: CAM-SENSOR: cam_sensor_core_power_up: 1613 Enable Regulator cam_vio
01-26 18:56:06.615     0     0 I [5:vendor.samsung.: 1165] CAM_INFO: CAM-SENSOR: cam_sensor_core_power_up: 1613 Enable Regulator cam_vdig
01-26 18:56:06.622     0     0 I [5:vendor.samsung.: 1165] CAM_INFO: CAM-SENSOR: cam_sensor_core_power_up: 1569 gpio set val 12
01-26 18:56:06.624     0     0 I [5:vendor.samsung.: 1165] CAM_INFO: CAM-SENSOR: cam_sensor_core_power_up: 1569 gpio set val 0
01-26 18:56:06.624  1492  1492 I ServiceManager: Waiting for service 'media.audio_policy' on '/dev/binder'...
01-26 18:56:06.636     0     0 I [5:vendor.samsung.: 1165] CAM_INFO: CAM-SENSOR: cam_sensor_driver_cmd: 1616 Probe Succees,slot:4,slave_addr:0x20,sensor_id:0x320
01-26 18:56:06.636     0     0 I [5:vendor.samsung.: 1165] CAM_INFO: CAM-SENSOR: cam_sensor_power_down: 2160 sensor_id : 0x320
01-26 18:56:06.636     0     0 E [5:vendor.samsung.: 1165] CAM_ERR: CAM-HWB: cam_sensor_power_down: 2234 [NON][DEINIT] Unsupport
01-26 18:56:06.636     0     0 E         : [5:vendor.samsung.: 1165]
01-26 18:56:06.642     0     0 I [4:vendor.samsung.: 1165] CAM_INFO: CAM-SENSOR: msm_camera_power_down: 1935 Disable Regulator
01-26 18:56:06.646     0     0 I chatty  : uid=0(root) logd identical 1 line
01-26 18:56:06.650     0     0 I [4:vendor.samsung.: 1165] CAM_INFO: CAM-SENSOR: msm_camera_power_down: 1935 Disable Regulator
01-26 18:56:06.650     0     0 E         : [7:   msm_watchdog:   79] [pet_watchdog] last_count : 4cc9d, new_count : 4cc9d, bark_time : 57fdf, bite_time : 6ffd6
01-26 18:56:06.698     1     1 W /system/bin/init: type=1107 audit(0.0:137): uid=0 auid=4294967295 ses=4294967295 subj=u:r:init:s0 msg='avc: denied { set } for property=persist.camera.caldata.trace pid=1165 uid=1047 gid=1005 scontext=u:r:hal_camera_default:s0 tcontext=u:object_r:default_prop:s0 tclass=property_service permissive=0'
01-26 18:56:06.698     1     1 W /system/bin/init: type=1107 audit(0.0:138): uid=0 auid=4294967295 ses=4294967295 subj=u:r:init:s0 msg='avc: denied { set } for property=persist.camera.caldata.trace pid=1165 uid=1047 gid=1005 scontext=u:r:hal_camera_default:s0 tcontext=u:object_r:default_prop:s0 tclass=property_service permissive=0'
01-26 18:56:06.698     1     1 W /system/bin/init: type=1107 audit(0.0:139): uid=0 auid=4294967295 ses=4294967295 subj=u:r:init:s0 msg='avc: denied { set } for property=persist.camera.caldata.trace pid=1165 uid=1047 gid=1005 scontext=u:r:hal_camera_default:s0 tcontext=u:object_r:default_prop:s0 tclass=property_service permissive=0'
01-26 18:56:06.698     1     1 W /system/bin/init: type=1107 audit(0.0:140): uid=0 auid=4294967295 ses=4294967295 subj=u:r:init:s0 msg='avc: denied { set } for property=persist.camera.caldata.trace pid=1165 uid=1047 gid=1005 scontext=u:r:hal_camera_default:s0 tcontext=u:object_r:default_prop:s0 tclass=property_service permissive=0'
01-26 18:56:06.703  1116  1116 D audio_hw_utils: audio_extn_utils_open_snd_mixer: retry, retry_num 9
01-26 18:56:06.707     0     0 E [5:           init:  884] init: Unable to set property 'persist.camera.caldata.trace' from uid:1047 gid:1005 pid:1165: SELinux permission check failed
01-26 18:56:06.707  1165  1165 W libc    : Unable to set property "persist.camera.caldata.trace" to "00000004": error code: 0x18
01-26 18:56:06.707     0     0 E [6:           init:  884] init: Unable to set property 'persist.camera.caldata.trace' from uid:1047 gid:1005 pid:1165: SELinux permission check failed
01-26 18:56:06.707  1165  1165 W libc    : Unable to set property "persist.camera.caldata.trace" to "00000008": error code: 0x18
01-26 18:56:06.708     0     0 E [5:           init:  884] init: Unable to set property 'persist.camera.caldata.trace' from uid:1047 gid:1005 pid:1165: SELinux permission check failed
01-26 18:56:06.708  1165  1165 W libc    : Unable to set property "persist.camera.caldata.trace" to "00000010": error code: 0x18
01-26 18:56:06.708     0     0 E [4:           init:  884] init: Unable to set property 'persist.camera.caldata.trace' from uid:1047 gid:1005 pid:1165: SELinux permission check failed
01-26 18:56:06.708  1165  1165 W libc    : Unable to set property "persist.camera.caldata.trace" to "00000020": error code: 0x18
01-26 18:56:06.708     0     0 I [4:vendor.samsung.: 1165] CAM_INFO: CAM-EEPROM: cam_eeprom_pkt_parse: 2198 e_ctrl->userspace_probe : 1
01-26 18:56:06.709     0     0 I [4:vendor.samsung.: 1165] CAM_INFO: CAM-EEPROM: cam_eeprom_calc_calmap_size: 1785 calmap_size = 0x6000, minMap = 0x0, maxMap = 0x6000
01-26 18:56:06.709     0     0 I [4:vendor.samsung.: 1165] CAM_INFO: CAM-SENSOR: cam_sensor_util_request_gpio_table: 803 No GPIO data
01-26 18:56:06.709     0     0 I [4:vendor.samsung.: 1165] CAM_INFO: CAM-SENSOR: cam_sensor_core_power_up: 1481 power setting size: 1
01-26 18:56:06.709     0     0 I [4:vendor.samsung.: 1165] CAM_INFO: CAM-SENSOR: cam_sensor_core_power_up: 1613 Enable Regulator cam_vio
01-26 18:56:06.711     0     0 I [4:vendor.samsung.: 1165] CAM_INFO: CAM-SENSOR: msm_cam_sensor_handle_reg_gpio: 1405 Input Parameters are not proper
01-26 18:56:06.713     0     0 I [4:vendor.samsung.: 1165] CAM_INFO: CAM-EEPROM: cam_eeprom_match_id: 1185 subdev_id: 0, read 0xc8 0x15, check 0xf8 0x15
01-26 18:56:06.713     0     0 I [4:vendor.samsung.: 1165] CAM_INFO: CAM-EEPROM: cam_eeprom_pkt_parse: 2273 num_map = 29, Normal CRC value = 0x3FFF
01-26 18:56:06.718     1     1 W /system/bin/init: type=1107 audit(0.0:141): uid=0 auid=4294967295 ses=4294967295 subj=u:r:init:s0 msg='avc: denied { set } for property=persist.camera.caldata.trace pid=1165 uid=1047 gid=1005 scontext=u:r:hal_camera_default:s0 tcontext=u:object_r:default_prop:s0 tclass=property_service permissive=0'
01-26 18:56:06.718     1     1 W /system/bin/init: type=1107 audit(0.0:142): uid=0 auid=4294967295 ses=4294967295 subj=u:r:init:s0 msg='avc: denied { set } for property=persist.camera.caldata.trace pid=1165 uid=1047 gid=1005 scontext=u:r:hal_camera_default:s0 tcontext=u:object_r:default_prop:s0 tclass=property_service permissive=0'
01-26 18:56:06.718     1     1 W /system/bin/init: type=1107 audit(0.0:143): uid=0 auid=4294967295 ses=4294967295 subj=u:r:init:s0 msg='avc: denied { set } for property=persist.camera.caldata.trace pid=1165 uid=1047 gid=1005 scontext=u:r:hal_camera_default:s0 tcontext=u:object_r:default_prop:s0 tclass=property_service permissive=0'
01-26 18:56:06.718     1     1 W /system/bin/init: type=1107 audit(0.0:144): uid=0 auid=4294967295 ses=4294967295 subj=u:r:init:s0 msg='avc: denied { set } for property=persist.camera.caldata.trace pid=1165 uid=1047 gid=1005 scontext=u:r:hal_camera_default:s0 tcontext=u:object_r:default_prop:s0 tclass=property_service permissive=0'
01-26 18:56:06.718     1     1 W /system/bin/init: type=1107 audit(0.0:145): uid=0 auid=4294967295 ses=4294967295 subj=u:r:init:s0 msg='avc: denied { set } for property=persist.camera.caldata.trace pid=1165 uid=1047 gid=1005 scontext=u:r:hal_camera_default:s0 tcontext=u:object_r:default_prop:s0 tclass=property_service permissive=0'
01-26 18:56:06.718     1     1 W /system/bin/init: type=1107 audit(0.0:146): uid=0 auid=4294967295 ses=4294967295 subj=u:r:init:s0 msg='avc: denied { set } for property=persist.camera.caldata.trace pid=1165 uid=1047 gid=1005 scontext=u:r:hal_camera_default:s0 tcontext=u:object_r:default_prop:s0 tclass=property_service permissive=0'
01-26 18:56:06.721     0     0 I [4:vendor.samsung.: 1165] CAM_INFO: CAM-EEPROM: cam_eeprom_match_crc: 833 map subdev_id = 0, version = 8 [0x38]
01-26 18:56:06.721     0     0 I [4:vendor.samsung.: 1165] CAM_INFO: CAM-EEPROM: cam_eeprom_match_crc: 890 CRC result = 0x00003FFF
01-26 18:56:06.721     0     0 I [4:vendor.samsung.: 1165] CAM_INFO: CAM-EEPROM: cam_eeprom_pkt_parse: 2288 All CRC values are matched.
01-26 18:56:06.721     0     0 I [4:vendor.samsung.: 1165] CAM_INFO: CAM-EEPROM: cam_eeprom_update_module_info: 113 subdev_id: 0, map version = 8 [0x38]
01-26 18:56:06.721     0     0 E [4:vendor.samsung.: 1165] CAM_ERR: CAM-EEPROM: cam_eeprom_update_module_info: 223 rear sensor id = 83 60 34 5a 07 19 11 03 14 03 45 01 01 00 00 00
01-26 18:56:06.721     0     0 E [4:vendor.samsung.: 1165] CAM_ERR: CAM-EEPROM: cam_eeprom_update_module_info: 242 rear_module_id = 53 56 4C 4B 48 13 16 00 11 08
01-26 18:56:06.722     0     0 I [4:vendor.samsung.: 1165] CAM_INFO: CAM-EEPROM: cam_eeprom_update_module_info: 285 rear rear_phone_fw_ver info = 48 31 32 51 53 4b 4c 30 31 56 41
01-26 18:56:06.722     0     0 E [4:vendor.samsung.: 1165] CAM_ERR: CAM-EEPROM: cam_eeprom_update_module_info: 297 Load from phone
01-26 18:56:06.722     0     0 I [4:vendor.samsung.: 1165] CAM_INFO: CAM-EEPROM: cam_eeprom_check_firmware_cal: 606 camera_cal_crc: 0x3fff, camera_fw_crc: 0x1
01-26 18:56:06.722     0     0 I [4:vendor.samsung.: 1165] CAM_INFO: CAM-EEPROM: cam_eeprom_check_firmware_cal: 658 ISP Ver : Q
01-26 18:56:06.722     0     0 I [4:vendor.samsung.: 1165] CAM_INFO: CAM-EEPROM: cam_eeprom_check_firmware_cal: 680 final_cmd_ack : NG_
01-26 18:56:06.722     0     0 I [4:vendor.samsung.: 1165] CAM_INFO: CAM-EEPROM: cam_eeprom_check_firmware_cal: 687 final_cmd_ack : H12QSKF00SM H12QSKL01VA H12QSKL01VA
01-26 18:56:06.722     0     0 I         : [4:vendor.samsung.: 1165]
01-26 18:56:06.722     0     0 I [4:vendor.samsung.: 1165] CAM_INFO: CAM-EEPROM: cam_eeprom_check_firmware_cal: 702 version_module_maker: 0x4d, MODULE_VER_ON_PVR: 0x42, MODULE_VER_ON_SRA: 0x4d
01-26 18:56:06.722     0     0 I [4:vendor.samsung.: 1165] CAM_INFO: CAM-EEPROM: cam_eeprom_check_firmware_cal: 705 cal_map_version: 0x38 vs FROM_CAL_MAP_VERSION: 0x38
01-26 18:56:06.722     0     0 E [4:vendor.samsung.: 1165] CAM_ERR: CAM-EEPROM: cam_eeprom_get_cal_data: 1938 number of IO configs: 1:
01-26 18:56:06.722     0     0 E [4:vendor.samsung.: 1165] CAM_ERR: CAM-EEPROM: cam_eeprom_get_cal_data: 1941 Direction: 2:
01-26 18:56:06.722     0     0 E [4:vendor.samsung.: 1165] CAM_ERR: CAM-EEPROM: cam_eeprom_get_cal_data: 1946 buf_addr : 0000000000000000, buf_size : 24576
01-26 18:56:06.722     0     0 I [4:vendor.samsung.: 1165] CAM_INFO: CAM-SENSOR: msm_camera_power_down: 1935 Disable Regulator
01-26 18:56:06.724     0     0 I [4:vendor.samsung.: 1165] CAM_INFO: CAM-SENSOR: msm_cam_sensor_handle_reg_gpio: 1405 Input Parameters are not proper
01-26 18:56:06.724     0     0 I [4:vendor.samsung.: 1165] CAM_INFO: CAM-SENSOR: cam_sensor_util_request_gpio_table: 803 No GPIO data
01-26 18:56:06.724     0     0 I [4:vendor.samsung.: 1165] CAM_INFO: CAM-EEPROM: cam_eeprom_pkt_parse: 2375 VR:: End
01-26 18:56:06.724     0     0 E [5:           init:  884] init: Unable to set property 'persist.camera.caldata.trace' from uid:1047 gid:1005 pid:1165: SELinux permission check failed
01-26 18:56:06.725  1165  1165 W libc    : Unable to set property "persist.camera.caldata.trace" to "00000040": error code: 0x18
01-26 18:56:06.725  1492  1492 I ServiceManager: Waiting for service 'media.audio_policy' on '/dev/binder'...
01-26 18:56:06.725     0     0 E [4:           init:  884] init: Unable to set property 'persist.camera.caldata.trace' from uid:1047 gid:1005 pid:1165: SELinux permission check failed
01-26 18:56:06.725  1165  1165 W libc    : Unable to set property "persist.camera.caldata.trace" to "00000002": error code: 0x18
01-26 18:56:06.725     0     0 E [7:           init:  884] init: Unable to set property 'persist.camera.caldata.trace' from uid:1047 gid:1005 pid:1165: SELinux permission check failed
01-26 18:56:06.726  1165  1165 W libc    : Unable to set property "persist.camera.caldata.trace" to "00000004": error code: 0x18
01-26 18:56:06.726     0     0 E [4:           init:  884] init: Unable to set property 'persist.camera.caldata.trace' from uid:1047 gid:1005 pid:1165: SELinux permission check failed
01-26 18:56:06.726  1165  1165 W libc    : Unable to set property "persist.camera.caldata.trace" to "00000008": error code: 0x18
01-26 18:56:06.726     0     0 E [5:           init:  884] init: Unable to set property 'persist.camera.caldata.trace' from uid:1047 gid:1005 pid:1165: SELinux permission check failed
01-26 18:56:06.726  1165  1165 W libc    : Unable to set property "persist.camera.caldata.trace" to "00000010": error code: 0x18
01-26 18:56:06.727     0     0 E [4:           init:  884] init: Unable to set property 'persist.camera.caldata.trace' from uid:1047 gid:1005 pid:1165: SELinux permission check failed
01-26 18:56:06.727  1165  1165 W libc    : Unable to set property "persist.camera.caldata.trace" to "00000020": error code: 0x18
01-26 18:56:06.727     0     0 I [6:vendor.samsung.: 1165] CAM_INFO: CAM-EEPROM: cam_eeprom_pkt_parse: 2198 e_ctrl->userspace_probe : 1
01-26 18:56:06.727     0     0 I [6:vendor.samsung.: 1165] CAM_INFO: CAM-EEPROM: cam_eeprom_calc_calmap_size: 1785 calmap_size = 0x1200, minMap = 0x0, maxMap = 0x1200
01-26 18:56:06.727     0     0 I [6:vendor.samsung.: 1165] CAM_INFO: CAM-SENSOR: cam_sensor_util_request_gpio_table: 803 No GPIO data
01-26 18:56:06.728     0     0 I [6:vendor.samsung.: 1165] CAM_INFO: CAM-SENSOR: cam_sensor_core_power_up: 1481 power setting size: 1
01-26 18:56:06.728     0     0 I [6:vendor.samsung.: 1165] CAM_INFO: CAM-SENSOR: cam_sensor_core_power_up: 1613 Enable Regulator cam_vio
01-26 18:56:06.730     0     0 I [6:vendor.samsung.: 1165] CAM_INFO: CAM-SENSOR: msm_cam_sensor_handle_reg_gpio: 1405 Input Parameters are not proper
01-26 18:56:06.730     0     0 I [6:vendor.samsung.: 1165] CAM_INFO: CAM-EEPROM: cam_eeprom_pkt_parse: 2273 num_map = 11, Normal CRC value = 0x1F
01-26 18:56:06.825  1492  1492 W ServiceManager: Service media.audio_policy didn't start. Returning NULL
01-26 18:56:06.825  1492  1492 W AudioSystem: AudioPolicyService not published, waiting...
01-26 18:56:06.838     1     1 W /system/bin/init: type=1107 audit(0.0:147): uid=0 auid=4294967295 ses=4294967295 subj=u:r:init:s0 msg='avc: denied { set } for property=persist.camera.caldata.trace pid=1165 uid=1047 gid=1005 scontext=u:r:hal_camera_default:s0 tcontext=u:object_r:default_prop:s0 tclass=property_service permissive=0'
01-26 18:56:06.838     1     1 W /system/bin/init: type=1107 audit(0.0:148): uid=0 auid=4294967295 ses=4294967295 subj=u:r:init:s0 msg='avc: denied { set } for property=persist.camera.caldata.trace pid=1165 uid=1047 gid=1005 scontext=u:r:hal_camera_default:s0 tcontext=u:object_r:default_prop:s0 tclass=property_service permissive=0'
01-26 18:56:06.838     1     1 W /system/bin/init: type=1107 audit(0.0:149): uid=0 auid=4294967295 ses=4294967295 subj=u:r:init:s0 msg='avc: denied { set } for property=persist.camera.caldata.trace pid=1165 uid=1047 gid=1005 scontext=u:r:hal_camera_default:s0 tcontext=u:object_r:default_prop:s0 tclass=property_service permissive=0'
01-26 18:56:06.838     1     1 W /system/bin/init: type=1107 audit(0.0:150): uid=0 auid=4294967295 ses=4294967295 subj=u:r:init:s0 msg='avc: denied { set } for property=persist.camera.caldata.trace pid=1165 uid=1047 gid=1005 scontext=u:r:hal_camera_default:s0 tcontext=u:object_r:default_prop:s0 tclass=property_service permissive=0'
01-26 18:56:06.843     0     0 I [4:vendor.samsung.: 1165] CAM_INFO: CAM-EEPROM: cam_eeprom_match_crc: 833 map subdev_id = 1, version = 3 [0x33]
01-26 18:56:06.843     0     0 I [4:vendor.samsung.: 1165] CAM_INFO: CAM-EEPROM: cam_eeprom_pkt_parse: 2288 All CRC values are matched.
01-26 18:56:06.843     0     0 I [4:vendor.samsung.: 1165] CAM_INFO: CAM-EEPROM: cam_eeprom_update_module_info: 113 subdev_id: 1, map version = 3 [0x33]
01-26 18:56:06.843     0     0 I [4:vendor.samsung.: 1165] CAM_INFO: CAM-EEPROM: cam_eeprom_update_module_info: 124 front sensor id = 81 c0 32 0b 80 07 11 82 13 ff ff ff ff ff ff ff
01-26 18:56:06.843     0     0 I [4:vendor.samsung.: 1165] CAM_INFO: CAM-EEPROM: cam_eeprom_update_module_info: 132 front_module_id = 50 56 4C 4C 34 07 E2 03 05 01
01-26 18:56:06.843     0     0 E [4:vendor.samsung.: 1165] CAM_ERR: CAM-EEPROM: cam_eeprom_update_module_info: 171 Load from front EEPROM
01-26 18:56:06.843     0     0 I [4:vendor.samsung.: 1165] CAM_INFO: CAM-EEPROM: cam_eeprom_check_firmware_cal: 606 camera_cal_crc: 0x1f, camera_fw_crc: 0x1
01-26 18:56:06.843     0     0 I [4:vendor.samsung.: 1165] CAM_INFO: CAM-EEPROM: cam_eeprom_check_firmware_cal: 658 ISP Ver : Q
01-26 18:56:06.844     0     0 I [4:vendor.samsung.: 1165] CAM_INFO: CAM-EEPROM: cam_eeprom_check_firmware_cal: 680 final_cmd_ack : NG_
01-26 18:56:06.844     0     0 I [4:vendor.samsung.: 1165] CAM_INFO: CAM-EEPROM: cam_eeprom_check_firmware_cal: 687 final_cmd_ack : W08QSKF00PM W08QSJA01AA W08QSKF00PM
01-26 18:56:06.844     0     0 I         : [4:vendor.samsung.: 1165]
01-26 18:56:06.844     0     0 I [4:vendor.samsung.: 1165] CAM_INFO: CAM-EEPROM: cam_eeprom_check_firmware_cal: 729 front_version_module_maker: 0x4d, FRONT_MODULE_VER_ON_PVR: 0x42, FRONT_MODULE_VER_ON_SRA: 0x4d
01-26 18:56:06.844     0     0 I [4:vendor.samsung.: 1165] CAM_INFO: CAM-EEPROM: cam_eeprom_check_firmware_cal: 732 front_cal_map_version: 0x33 vs FRONT_FROM_CAL_MAP_VERSION: 0x33
01-26 18:56:06.844     0     0 E [4:vendor.samsung.: 1165] CAM_ERR: CAM-EEPROM: cam_eeprom_get_cal_data: 1938 number of IO configs: 1:
01-26 18:56:06.844     0     0 E [4:vendor.samsung.: 1165] CAM_ERR: CAM-EEPROM: cam_eeprom_get_cal_data: 1941 Direction: 2:
01-26 18:56:06.844     0     0 E [4:vendor.samsung.: 1165] CAM_ERR: CAM-EEPROM: cam_eeprom_get_cal_data: 1946 buf_addr : 0000000000000000, buf_size : 4608
01-26 18:56:06.844     0     0 I [4:vendor.samsung.: 1165] CAM_INFO: CAM-SENSOR: msm_camera_power_down: 1935 Disable Regulator
01-26 18:56:06.846     0     0 I [4:vendor.samsung.: 1165] CAM_INFO: CAM-SENSOR: msm_cam_sensor_handle_reg_gpio: 1405 Input Parameters are not proper
01-26 18:56:06.846     0     0 I [4:vendor.samsung.: 1165] CAM_INFO: CAM-SENSOR: cam_sensor_util_request_gpio_table: 803 No GPIO data
01-26 18:56:06.846     0     0 I [4:vendor.samsung.: 1165] CAM_INFO: CAM-EEPROM: cam_eeprom_pkt_parse: 2375 VR:: End
01-26 18:56:06.847     0     0 E [5:           init:  884] init: Unable to set property 'persist.camera.caldata.trace' from uid:1047 gid:1005 pid:1165: SELinux permission check failed
01-26 18:56:06.847  1165  1165 W libc    : Unable to set property "persist.camera.caldata.trace" to "00000002": error code: 0x18
01-26 18:56:06.848     1     1 W /system/bin/init: type=1107 audit(0.0:151): uid=0 auid=4294967295 ses=4294967295 subj=u:r:init:s0 msg='avc: denied { set } for property=persist.camera.caldata.trace pid=1165 uid=1047 gid=1005 scontext=u:r:hal_camera_default:s0 tcontext=u:object_r:default_prop:s0 tclass=property_service permissive=0'
01-26 18:56:06.848     0     0 E [4:           init:  884] init: Unable to set property 'persist.camera.caldata.trace' from uid:1047 gid:1005 pid:1165: SELinux permission check failed
01-26 18:56:06.848  1165  1165 W libc    : Unable to set property "persist.camera.caldata.trace" to "00000004": error code: 0x18
01-26 18:56:06.849     0     0 E [5:           init:  884] init: Unable to set property 'persist.camera.caldata.trace' from uid:1047 gid:1005 pid:1165: SELinux permission check failed
01-26 18:56:06.849  1165  1165 W libc    : Unable to set property "persist.camera.caldata.trace" to "00000008": error code: 0x18
01-26 18:56:06.849     0     0 E [4:           init:  884] init: Unable to set property 'persist.camera.caldata.trace' from uid:1047 gid:1005 pid:1165: SELinux permission check failed
01-26 18:56:06.850  1165  1165 W libc    : Unable to set property "persist.camera.caldata.trace" to "00000010": error code: 0x18
01-26 18:56:06.850     0     0 E [5:           init:  884] init: Unable to set property 'persist.camera.caldata.trace' from uid:1047 gid:1005 pid:1165: SELinux permission check failed
01-26 18:56:06.850  1165  1165 W libc    : Unable to set property "persist.camera.caldata.trace" to "00000020": error code: 0x18
01-26 18:56:06.851     0     0 I [5:vendor.samsung.: 1165] CAM_INFO: CAM-EEPROM: cam_eeprom_pkt_parse: 2198 e_ctrl->userspace_probe : 1
01-26 18:56:06.851     0     0 I [5:vendor.samsung.: 1165] CAM_INFO: CAM-EEPROM: cam_eeprom_calc_calmap_size: 1785 calmap_size = 0x1200, minMap = 0x0, maxMap = 0x1200
01-26 18:56:06.852     0     0 I [5:vendor.samsung.: 1165] CAM_INFO: CAM-SENSOR: cam_sensor_util_request_gpio_table: 803 No GPIO data
01-26 18:56:06.852     0     0 I [5:vendor.samsung.: 1165] CAM_INFO: CAM-SENSOR: cam_sensor_core_power_up: 1481 power setting size: 1
01-26 18:56:06.852     0     0 I [5:vendor.samsung.: 1165] CAM_INFO: CAM-SENSOR: cam_sensor_core_power_up: 1613 Enable Regulator cam_vio
01-26 18:56:06.855     0     0 I [5:vendor.samsung.: 1165] CAM_INFO: CAM-SENSOR: msm_cam_sensor_handle_reg_gpio: 1405 Input Parameters are not proper
01-26 18:56:06.855     0     0 I [5:vendor.samsung.: 1165] CAM_INFO: CAM-EEPROM: cam_eeprom_pkt_parse: 2273 num_map = 11, Normal CRC value = 0x1F
01-26 18:56:06.968     1     1 W /system/bin/init: type=1107 audit(0.0:152): uid=0 auid=4294967295 ses=4294967295 subj=u:r:init:s0 msg='avc: denied { set } for property=persist.camera.caldata.trace pid=1165 uid=1047 gid=1005 scontext=u:r:hal_camera_default:s0 tcontext=u:object_r:default_prop:s0 tclass=property_service permissive=0'
01-26 18:56:06.968     0     0 I [4:vendor.samsung.: 1165] CAM_INFO: CAM-EEPROM: cam_eeprom_match_crc: 833 map subdev_id = 1, version = 3 [0x33]
01-26 18:56:06.968     0     0 I [4:vendor.samsung.: 1165] CAM_INFO: CAM-EEPROM: cam_eeprom_pkt_parse: 2288 All CRC values are matched.
01-26 18:56:06.968     0     0 I [4:vendor.samsung.: 1165] CAM_INFO: CAM-EEPROM: cam_eeprom_update_module_info: 113 subdev_id: 1, map version = 3 [0x33]
01-26 18:56:06.968     0     0 I [4:vendor.samsung.: 1165] CAM_INFO: CAM-EEPROM: cam_eeprom_update_module_info: 124 front sensor id = 81 c0 32 0b 80 07 11 82 13 ff ff ff ff ff ff ff
01-26 18:56:06.968     0     0 I [4:vendor.samsung.: 1165] CAM_INFO: CAM-EEPROM: cam_eeprom_update_module_info: 132 front_module_id = 50 56 4C 4C 34 07 E2 03 05 01
01-26 18:56:06.968     0     0 E [4:vendor.samsung.: 1165] CAM_ERR: CAM-EEPROM: cam_eeprom_update_module_info: 171 Load from front EEPROM
01-26 18:56:06.968     0     0 I [4:vendor.samsung.: 1165] CAM_INFO: CAM-EEPROM: cam_eeprom_check_firmware_cal: 606 camera_cal_crc: 0x1f, camera_fw_crc: 0x1
01-26 18:56:06.968     0     0 I [4:vendor.samsung.: 1165] CAM_INFO: CAM-EEPROM: cam_eeprom_check_firmware_cal: 658 ISP Ver : Q
01-26 18:56:06.968     0     0 I [4:vendor.samsung.: 1165] CAM_INFO: CAM-EEPROM: cam_eeprom_check_firmware_cal: 680 final_cmd_ack : NG_
01-26 18:56:06.968     0     0 I [4:vendor.samsung.: 1165] CAM_INFO: CAM-EEPROM: cam_eeprom_check_firmware_cal: 687 final_cmd_ack : W08QSKF00PM W08QSJA01AA W08QSKF00PM
01-26 18:56:06.968     0     0 I         : [4:vendor.samsung.: 1165]
01-26 18:56:06.968     0     0 I [4:vendor.samsung.: 1165] CAM_INFO: CAM-EEPROM: cam_eeprom_check_firmware_cal: 729 front_version_module_maker: 0x4d, FRONT_MODULE_VER_ON_PVR: 0x42, FRONT_MODULE_VER_ON_SRA: 0x4d
